Archive member included to satisfy reference by file (symbol)

/home/mango/st/stm32cubeide_1.13.2/plugins/com.st.stm32cube.ide.mcu.externaltools.gnu-tools-for-stm32.11.3.rel1.linux64_1.1.100.202309141235/tools/bin/../lib/gcc/arm-none-eabi/11.3.1/../../../../arm-none-eabi/lib/thumb/v7e-m+dp/hard/libc.a(libc_a-exit.o)
                              /home/mango/st/stm32cubeide_1.13.2/plugins/com.st.stm32cube.ide.mcu.externaltools.gnu-tools-for-stm32.11.3.rel1.linux64_1.1.100.202309141235/tools/bin/../lib/gcc/arm-none-eabi/11.3.1/../../../../arm-none-eabi/lib/thumb/v7e-m+dp/hard/crt0.o (exit)
/home/mango/st/stm32cubeide_1.13.2/plugins/com.st.stm32cube.ide.mcu.externaltools.gnu-tools-for-stm32.11.3.rel1.linux64_1.1.100.202309141235/tools/bin/../lib/gcc/arm-none-eabi/11.3.1/../../../../arm-none-eabi/lib/thumb/v7e-m+dp/hard/libc.a(libc_a-findfp.o)
                              /home/mango/st/stm32cubeide_1.13.2/plugins/com.st.stm32cube.ide.mcu.externaltools.gnu-tools-for-stm32.11.3.rel1.linux64_1.1.100.202309141235/tools/bin/../lib/gcc/arm-none-eabi/11.3.1/../../../../arm-none-eabi/lib/thumb/v7e-m+dp/hard/libc.a(libc_a-exit.o) (__stdio_exit_handler)
/home/mango/st/stm32cubeide_1.13.2/plugins/com.st.stm32cube.ide.mcu.externaltools.gnu-tools-for-stm32.11.3.rel1.linux64_1.1.100.202309141235/tools/bin/../lib/gcc/arm-none-eabi/11.3.1/../../../../arm-none-eabi/lib/thumb/v7e-m+dp/hard/libc.a(libc_a-fwalk.o)
                              /home/mango/st/stm32cubeide_1.13.2/plugins/com.st.stm32cube.ide.mcu.externaltools.gnu-tools-for-stm32.11.3.rel1.linux64_1.1.100.202309141235/tools/bin/../lib/gcc/arm-none-eabi/11.3.1/../../../../arm-none-eabi/lib/thumb/v7e-m+dp/hard/libc.a(libc_a-findfp.o) (_fwalk_sglue)
/home/mango/st/stm32cubeide_1.13.2/plugins/com.st.stm32cube.ide.mcu.externaltools.gnu-tools-for-stm32.11.3.rel1.linux64_1.1.100.202309141235/tools/bin/../lib/gcc/arm-none-eabi/11.3.1/../../../../arm-none-eabi/lib/thumb/v7e-m+dp/hard/libc.a(libc_a-printf.o)
                              ./Core/Src/logger.o (printf)
/home/mango/st/stm32cubeide_1.13.2/plugins/com.st.stm32cube.ide.mcu.externaltools.gnu-tools-for-stm32.11.3.rel1.linux64_1.1.100.202309141235/tools/bin/../lib/gcc/arm-none-eabi/11.3.1/../../../../arm-none-eabi/lib/thumb/v7e-m+dp/hard/libc.a(libc_a-putchar.o)
                              ./Middlewares/ST/STM32_USB_Device_Library/Core/Src/usbd_core.o (putchar)
/home/mango/st/stm32cubeide_1.13.2/plugins/com.st.stm32cube.ide.mcu.externaltools.gnu-tools-for-stm32.11.3.rel1.linux64_1.1.100.202309141235/tools/bin/../lib/gcc/arm-none-eabi/11.3.1/../../../../arm-none-eabi/lib/thumb/v7e-m+dp/hard/libc.a(libc_a-puts.o)
                              ./Core/Src/logger.o (puts)
/home/mango/st/stm32cubeide_1.13.2/plugins/com.st.stm32cube.ide.mcu.externaltools.gnu-tools-for-stm32.11.3.rel1.linux64_1.1.100.202309141235/tools/bin/../lib/gcc/arm-none-eabi/11.3.1/../../../../arm-none-eabi/lib/thumb/v7e-m+dp/hard/libc.a(libc_a-stdio.o)
                              /home/mango/st/stm32cubeide_1.13.2/plugins/com.st.stm32cube.ide.mcu.externaltools.gnu-tools-for-stm32.11.3.rel1.linux64_1.1.100.202309141235/tools/bin/../lib/gcc/arm-none-eabi/11.3.1/../../../../arm-none-eabi/lib/thumb/v7e-m+dp/hard/libc.a(libc_a-findfp.o) (__sread)
/home/mango/st/stm32cubeide_1.13.2/plugins/com.st.stm32cube.ide.mcu.externaltools.gnu-tools-for-stm32.11.3.rel1.linux64_1.1.100.202309141235/tools/bin/../lib/gcc/arm-none-eabi/11.3.1/../../../../arm-none-eabi/lib/thumb/v7e-m+dp/hard/libc.a(libc_a-vprintf.o)
                              ./Core/Src/logger.o (vprintf)
/home/mango/st/stm32cubeide_1.13.2/plugins/com.st.stm32cube.ide.mcu.externaltools.gnu-tools-for-stm32.11.3.rel1.linux64_1.1.100.202309141235/tools/bin/../lib/gcc/arm-none-eabi/11.3.1/../../../../arm-none-eabi/lib/thumb/v7e-m+dp/hard/libc.a(libc_a-memset.o)
                              /home/mango/st/stm32cubeide_1.13.2/plugins/com.st.stm32cube.ide.mcu.externaltools.gnu-tools-for-stm32.11.3.rel1.linux64_1.1.100.202309141235/tools/bin/../lib/gcc/arm-none-eabi/11.3.1/../../../../arm-none-eabi/lib/thumb/v7e-m+dp/hard/crt0.o (memset)
/home/mango/st/stm32cubeide_1.13.2/plugins/com.st.stm32cube.ide.mcu.externaltools.gnu-tools-for-stm32.11.3.rel1.linux64_1.1.100.202309141235/tools/bin/../lib/gcc/arm-none-eabi/11.3.1/../../../../arm-none-eabi/lib/thumb/v7e-m+dp/hard/libc.a(libc_a-closer.o)
                              /home/mango/st/stm32cubeide_1.13.2/plugins/com.st.stm32cube.ide.mcu.externaltools.gnu-tools-for-stm32.11.3.rel1.linux64_1.1.100.202309141235/tools/bin/../lib/gcc/arm-none-eabi/11.3.1/../../../../arm-none-eabi/lib/thumb/v7e-m+dp/hard/libc.a(libc_a-stdio.o) (_close_r)
/home/mango/st/stm32cubeide_1.13.2/plugins/com.st.stm32cube.ide.mcu.externaltools.gnu-tools-for-stm32.11.3.rel1.linux64_1.1.100.202309141235/tools/bin/../lib/gcc/arm-none-eabi/11.3.1/../../../../arm-none-eabi/lib/thumb/v7e-m+dp/hard/libc.a(libc_a-reent.o)
[...]
Memory Configuration

Name             Origin             Length             Attributes
FLASH            0x0000000008000000 0x0000000000200000 xr
DTCMRAM          0x0000000020000000 0x0000000000020000 xrw
RAM_D1           0x0000000024000000 0x0000000000080000 xrw
RAM_D2           0x0000000030000000 0x0000000000048000 xrw
RAM_D3           0x0000000038000000 0x0000000000010000 xrw
ITCMRAM          0x0000000000000000 0x0000000000010000 xrw
*default*        0x0000000000000000 0xffffffffffffffff

Linker script and memory map

LOAD /home/mango/st/stm32cubeide_1.13.2/plugins/com.st.stm32cube.ide.mcu.externaltools.gnu-tools-for-stm32.11.3.rel1.linux64_1.1.100.202309141235/tools/bin/../lib/gcc/arm-none-eabi/11.3.1/thumb/v7e-m+dp/hard/crti.o
LOAD /home/mango/st/stm32cubeide_1.13.2/plugins/com.st.stm32cube.ide.mcu.externaltools.gnu-tools-for-stm32.11.3.rel1.linux64_1.1.100.202309141235/tools/bin/../lib/gcc/arm-none-eabi/11.3.1/thumb/v7e-m+dp/hard/crtbegin.o
LOAD /home/mango/st/stm32cubeide_1.13.2/plugins/com.st.stm32cube.ide.mcu.externaltools.gnu-tools-for-stm32.11.3.rel1.linux64_1.1.100.202309141235/tools/bin/../lib/gcc/arm-none-eabi/11.3.1/../../../../arm-none-eabi/lib/thumb/v7e-m+dp/hard/crt0.o
LOAD ./Core/Src/dshot600.o
LOAD ./Core/Src/logger.o
LOAD ./Core/Src/main.o
LOAD ./Core/Src/stm32h7xx_hal_msp.o
LOAD ./Core/Src/stm32h7xx_it.o
LOAD ./Core/Src/syscalls.o
LOAD ./Core/Src/sysmem.o
LOAD ./Core/Src/system_stm32h7xx.o
LOAD ./Core/Startup/startup_stm32h743zitx.o
LOAD ./Drivers/STM32H7xx_HAL_Driver/Src/stm32h7xx_hal.o
LOAD ./Drivers/STM32H7xx_HAL_Driver/Src/stm32h7xx_hal_cortex.o
LOAD ./Drivers/STM32H7xx_HAL_Driver/Src/stm32h7xx_hal_dma.o
LOAD ./Drivers/STM32H7xx_HAL_Driver/Src/stm32h7xx_hal_dma_ex.o
LOAD ./Drivers/STM32H7xx_HAL_Driver/Src/stm32h7xx_hal_exti.o
LOAD ./Drivers/STM32H7xx_HAL_Driver/Src/stm32h7xx_hal_flash.o
LOAD ./Drivers/STM32H7xx_HAL_Driver/Src/stm32h7xx_hal_flash_ex.o
LOAD ./Drivers/STM32H7xx_HAL_Driver/Src/stm32h7xx_hal_gpio.o
LOAD ./Drivers/STM32H7xx_HAL_Driver/Src/stm32h7xx_hal_hrtim.o
LOAD ./Drivers/STM32H7xx_HAL_Driver/Src/stm32h7xx_hal_hsem.o
LOAD ./Drivers/STM32H7xx_HAL_Driver/Src/stm32h7xx_hal_i2c.o
LOAD ./Drivers/STM32H7xx_HAL_Driver/Src/stm32h7xx_hal_i2c_ex.o
LOAD ./Drivers/STM32H7xx_HAL_Driver/Src/stm32h7xx_hal_mdma.o
LOAD ./Drivers/STM32H7xx_HAL_Driver/Src/stm32h7xx_hal_pcd.o
LOAD ./Drivers/STM32H7xx_HAL_Driver/Src/stm32h7xx_hal_pcd_ex.o
LOAD ./Drivers/STM32H7xx_HAL_Driver/Src/stm32h7xx_hal_pwr.o
LOAD ./Drivers/STM32H7xx_HAL_Driver/Src/stm32h7xx_hal_pwr_ex.o
LOAD ./Drivers/STM32H7xx_HAL_Driver/Src/stm32h7xx_hal_rcc.o
LOAD ./Drivers/STM32H7xx_HAL_Driver/Src/stm32h7xx_hal_rcc_ex.o
LOAD ./Drivers/STM32H7xx_HAL_Driver/Src/stm32h7xx_hal_tim.o
LOAD ./Drivers/STM32H7xx_HAL_Driver/Src/stm32h7xx_hal_tim_ex.o
LOAD ./Drivers/STM32H7xx_HAL_Driver/Src/stm32h7xx_ll_usb.o
LOAD ./Middlewares/ST/STM32_USB_Device_Library/Class/CDC/Src/usbd_cdc.o
LOAD ./Middlewares/ST/STM32_USB_Device_Library/Core/Src/usbd_core.o
LOAD ./Middlewares/ST/STM32_USB_Device_Library/Core/Src/usbd_ctlreq.o
LOAD ./Middlewares/ST/STM32_USB_Device_Library/Core/Src/usbd_ioreq.o
LOAD ./USB_DEVICE/App/usb_device.o
LOAD ./USB_DEVICE/App/usbd_cdc_if.o
LOAD ./USB_DEVICE/App/usbd_desc.o
LOAD ./USB_DEVICE/Target/usbd_conf.o
START GROUP
LOAD /home/mango/st/stm32cubeide_1.13.2/plugins/com.st.stm32cube.ide.mcu.externaltools.gnu-tools-for-stm32.11.3.rel1.linux64_1.1.100.202309141235/tools/bin/../lib/gcc/arm-none-eabi/11.3.1/../../../../arm-none-eabi/lib/thumb/v7e-m+dp/hard/libstdc++_nano.a
LOAD /home/mango/st/stm32cubeide_1.13.2/plugins/com.st.stm32cube.ide.mcu.externaltools.gnu-tools-for-stm32.11.3.rel1.linux64_1.1.100.202309141235/tools/bin/../lib/gcc/arm-none-eabi/11.3.1/../../../../arm-none-eabi/lib/thumb/v7e-m+dp/hard/libsupc++_nano.a
END GROUP
LOAD /home/mango/st/stm32cubeide_1.13.2/plugins/com.st.stm32cube.ide.mcu.externaltools.gnu-tools-for-stm32.11.3.rel1.linux64_1.1.100.202309141235/tools/bin/../lib/gcc/arm-none-eabi/11.3.1/../../../../arm-none-eabi/lib/thumb/v7e-m+dp/hard/libstdc++_nano.a
LOAD /home/mango/st/stm32cubeide_1.13.2/plugins/com.st.stm32cube.ide.mcu.externaltools.gnu-tools-for-stm32.11.3.rel1.linux64_1.1.100.202309141235/tools/bin/../lib/gcc/arm-none-eabi/11.3.1/../../../../arm-none-eabi/lib/thumb/v7e-m+dp/hard/libm.a
LOAD /home/mango/st/stm32cubeide_1.13.2/plugins/com.st.stm32cube.ide.mcu.externaltools.gnu-tools-for-stm32.11.3.rel1.linux64_1.1.100.202309141235/tools/bin/../lib/gcc/arm-none-eabi/11.3.1/../../../../arm-none-eabi/lib/thumb/v7e-m+dp/hard/libc.a
START GROUP
LOAD /home/mango/st/stm32cubeide_1.13.2/plugins/com.st.stm32cube.ide.mcu.externaltools.gnu-tools-for-stm32.11.3.rel1.linux64_1.1.100.202309141235/tools/bin/../lib/gcc/arm-none-eabi/11.3.1/thumb/v7e-m+dp/hard/libgcc.a
LOAD /home/mango/st/stm32cubeide_1.13.2/plugins/com.st.stm32cube.ide.mcu.externaltools.gnu-tools-for-stm32.11.3.rel1.linux64_1.1.100.202309141235/tools/bin/../lib/gcc/arm-none-eabi/11.3.1/../../../../arm-none-eabi/lib/thumb/v7e-m+dp/hard/libc.a
END GROUP
START GROUP
LOAD /home/mango/st/stm32cubeide_1.13.2/plugins/com.st.stm32cube.ide.mcu.externaltools.gnu-tools-for-stm32.11.3.rel1.linux64_1.1.100.202309141235/tools/bin/../lib/gcc/arm-none-eabi/11.3.1/thumb/v7e-m+dp/hard/libgcc.a
LOAD /home/mango/st/stm32cubeide_1.13.2/plugins/com.st.stm32cube.ide.mcu.externaltools.gnu-tools-for-stm32.11.3.rel1.linux64_1.1.100.202309141235/tools/bin/../lib/gcc/arm-none-eabi/11.3.1/../../../../arm-none-eabi/lib/thumb/v7e-m+dp/hard/libc.a
LOAD /home/mango/st/stm32cubeide_1.13.2/plugins/com.st.stm32cube.ide.mcu.externaltools.gnu-tools-for-stm32.11.3.rel1.linux64_1.1.100.202309141235/tools/bin/../lib/gcc/arm-none-eabi/11.3.1/../../../../arm-none-eabi/lib/thumb/v7e-m+dp/hard/libnosys.a
END GROUP
START GROUP
LOAD /home/mango/st/stm32cubeide_1.13.2/plugins/com.st.stm32cube.ide.mcu.externaltools.gnu-tools-for-stm32.11.3.rel1.linux64_1.1.100.202309141235/tools/bin/../lib/gcc/arm-none-eabi/11.3.1/thumb/v7e-m+dp/hard/libgcc.a
LOAD /home/mango/st/stm32cubeide_1.13.2/plugins/com.st.stm32cube.ide.mcu.externaltools.gnu-tools-for-stm32.11.3.rel1.linux64_1.1.100.202309141235/tools/bin/../lib/gcc/arm-none-eabi/11.3.1/../../../../arm-none-eabi/lib/thumb/v7e-m+dp/hard/libc.a
LOAD /home/mango/st/stm32cubeide_1.13.2/plugins/com.st.stm32cube.ide.mcu.externaltools.gnu-tools-for-stm32.11.3.rel1.linux64_1.1.100.202309141235/tools/bin/../lib/gcc/arm-none-eabi/11.3.1/../../../../arm-none-eabi/lib/thumb/v7e-m+dp/hard/libnosys.a
END GROUP
LOAD /home/mango/st/stm32cubeide_1.13.2/plugins/com.st.stm32cube.ide.mcu.externaltools.gnu-tools-for-stm32.11.3.rel1.linux64_1.1.100.202309141235/tools/bin/../lib/gcc/arm-none-eabi/11.3.1/thumb/v7e-m+dp/hard/crtend.o
LOAD /home/mango/st/stm32cubeide_1.13.2/plugins/com.st.stm32cube.ide.mcu.externaltools.gnu-tools-for-stm32.11.3.rel1.linux64_1.1.100.202309141235/tools/bin/../lib/gcc/arm-none-eabi/11.3.1/thumb/v7e-m+dp/hard/crtn.o
                0x0000000024080000                _estack = (ORIGIN (RAM_D1) + LENGTH (RAM_D1))
                0x0000000000000400                _Min_Heap_Size = 0x400
                0x0000000000000400                _Min_Stack_Size = 0x400

.isr_vector     0x0000000008000000      0x298
                0x0000000008000000                . = ALIGN (0x4)
 *(.isr_vector)
 .isr_vector    0x0000000008000000      0x298 ./Core/Startup/startup_stm32h743zitx.o
                0x0000000008000000                g_pfnVectors
                0x0000000008000298                . = ALIGN (0x4)

.text           0x00000000080002a0    0x11c18
                0x00000000080002a0                . = ALIGN (0x4)
 *(.text)
 .text          0x00000000080002a0       0x40 /home/mango/st/stm32cubeide_1.13.2/plugins/com.st.stm32cube.ide.mcu.externaltools.gnu-tools-for-stm32.11.3.rel1.linux64_1.1.100.202309141235/tools/bin/../lib/gcc/arm-none-eabi/11.3.1/thumb/v7e-m+dp/hard/crtbegin.o
 .text          0x00000000080002e0       0x14 /home/mango/st/stm32cubeide_1.13.2/plugins/com.st.stm32cube.ide.mcu.externaltools.gnu-tools-for-stm32.11.3.rel1.linux64_1.1.100.202309141235/tools/bin/../lib/gcc/arm-none-eabi/11.3.1/../../../../arm-none-eabi/lib/thumb/v7e-m+dp/hard/libc.a(libc_a-strcmp.o)
                0x00000000080002e0                strcmp
 .text          0x00000000080002f4       0x10 /home/mango/st/stm32cubeide_1.13.2/plugins/com.st.stm32cube.ide.mcu.externaltools.gnu-tools-for-stm32.11.3.rel1.linux64_1.1.100.202309141235/tools/bin/../lib/gcc/arm-none-eabi/11.3.1/../../../../arm-none-eabi/lib/thumb/v7e-m+dp/hard/libc.a(libc_a-strlen.o)
                0x00000000080002f4                strlen
 *fill*         0x0000000008000304        0xc 
 .text          0x0000000008000310       0xa0 /home/mango/st/stm32cubeide_1.13.2/plugins/com.st.stm32cube.ide.mcu.externaltools.gnu-tools-for-stm32.11.3.rel1.linux64_1.1.100.202309141235/tools/bin/../lib/gcc/arm-none-eabi/11.3.1/../../../../arm-none-eabi/lib/thumb/v7e-m+dp/hard/libc.a(libc_a-memchr.o)
                0x0000000008000310                memchr
 .text          0x00000000080003b0       0x30 /home/mango/st/stm32cubeide_1.13.2/plugins/com.st.stm32cube.ide.mcu.externaltools.gnu-tools-for-stm32.11.3.rel1.linux64_1.1.100.202309141235/tools/bin/../lib/gcc/arm-none-eabi/11.3.1/thumb/v7e-m+dp/hard/libgcc.a(_aeabi_uldivmod.o)
                0x00000000080003b0                __aeabi_uldivmod
 .text          0x00000000080003e0      0x2c8 /home/mango/st/stm32cubeide_1.13.2/plugins/com.st.stm32cube.ide.mcu.externaltools.gnu-tools-for-stm32.11.3.rel1.linux64_1.1.100.202309141235/tools/bin/../lib/gcc/arm-none-eabi/11.3.1/thumb/v7e-m+dp/hard/libgcc.a(_udivmoddi4.o)
                0x00000000080003e0                __udivmoddi4
 .text          0x00000000080006a8        0x4 /home/mango/st/stm32cubeide_1.13.2/plugins/com.st.stm32cube.ide.mcu.externaltools.gnu-tools-for-stm32.11.3.rel1.linux64_1.1.100.202309141235/tools/bin/../lib/gcc/arm-none-eabi/11.3.1/thumb/v7e-m+dp/hard/libgcc.a(_dvmd_tls.o)
                0x00000000080006a8                __aeabi_ldiv0
                0x00000000080006a8                __aeabi_idiv0
 *(.text*)
 .text.LOG_CDC_FS
                0x00000000080006ac       0xc8 ./Core/Src/logger.o
                0x00000000080006ac                LOG_CDC_FS
 .text.main     0x0000000008000774      0x1a8 ./Core/Src/main.o
                0x0000000008000774                main
 .text.SystemClock_Config
                0x000000000800091c       0xfc ./Core/Src/main.o
                0x000000000800091c                SystemClock_Config
 .text.MX_HRTIM_Init
                0x0000000008000a18      0x1c0 ./Core/Src/main.o
 .text.MX_TIM16_Init
                0x0000000008000bd8       0xec ./Core/Src/main.o
 .text.MX_DMA_Init
                0x0000000008000cc4       0x50 ./Core/Src/main.o
 .text.MX_GPIO_Init
                0x0000000008000d14       0xd4 ./Core/Src/main.o
 .text.Error_Handler
                0x0000000008000de8       0x20 ./Core/Src/main.o
                0x0000000008000de8                Error_Handler
 .text.HAL_MspInit
                0x0000000008000e08       0x34 ./Core/Src/stm32h7xx_hal_msp.o
                0x0000000008000e08                HAL_MspInit
 .text.HAL_HRTIM_MspInit
                0x0000000008000e3c      0x178 ./Core/Src/stm32h7xx_hal_msp.o
                0x0000000008000e3c                HAL_HRTIM_MspInit
 .text.HAL_TIM_Base_MspInit
                0x0000000008000fb4       0x50 ./Core/Src/stm32h7xx_hal_msp.o
                0x0000000008000fb4                HAL_TIM_Base_MspInit
 .text.NMI_Handler
                0x0000000008001004       0x10 ./Core/Src/stm32h7xx_it.o
                0x0000000008001004                NMI_Handler
 .text.HardFault_Handler
                0x0000000008001014        0x6 ./Core/Src/stm32h7xx_it.o
                0x0000000008001014                HardFault_Handler
 *fill*         0x000000000800101a        0x2 
 .text.MemManage_Handler
                0x000000000800101c       0x10 ./Core/Src/stm32h7xx_it.o
                0x000000000800101c                MemManage_Handler
 .text.BusFault_Handler
                0x000000000800102c       0x10 ./Core/Src/stm32h7xx_it.o
                0x000000000800102c                BusFault_Handler
 .text.UsageFault_Handler
                0x000000000800103c       0x10 ./Core/Src/stm32h7xx_it.o
                0x000000000800103c                UsageFault_Handler
 .text.SVC_Handler
                0x000000000800104c        0xe ./Core/Src/stm32h7xx_it.o
                0x000000000800104c                SVC_Handler
 .text.DebugMon_Handler
                0x000000000800105a        0xe ./Core/Src/stm32h7xx_it.o
                0x000000000800105a                DebugMon_Handler
 .text.PendSV_Handler
                0x0000000008001068        0xe ./Core/Src/stm32h7xx_it.o
                0x0000000008001068                PendSV_Handler
 .text.SysTick_Handler
                0x0000000008001076        0xc ./Core/Src/stm32h7xx_it.o
                0x0000000008001076                SysTick_Handler
 *fill*         0x0000000008001082        0x2 
 .text.DMA1_Stream0_IRQHandler
                0x0000000008001084       0x14 ./Core/Src/stm32h7xx_it.o
                0x0000000008001084                DMA1_Stream0_IRQHandler
 .text.DMA1_Stream1_IRQHandler
                0x0000000008001098       0x14 ./Core/Src/stm32h7xx_it.o
                0x0000000008001098                DMA1_Stream1_IRQHandler
 .text.OTG_FS_IRQHandler
                0x00000000080010ac       0x14 ./Core/Src/stm32h7xx_it.o
                0x00000000080010ac                OTG_FS_IRQHandler
 .text.HRTIM1_Master_IRQHandler
                0x00000000080010c0       0x34 ./Core/Src/stm32h7xx_it.o
                0x00000000080010c0                HRTIM1_Master_IRQHandler
 .text.HRTIM1_TIMA_IRQHandler
                0x00000000080010f4       0x34 ./Core/Src/stm32h7xx_it.o
                0x00000000080010f4                HRTIM1_TIMA_IRQHandler
 .text.HRTIM1_TIMB_IRQHandler
                0x0000000008001128       0x24 ./Core/Src/stm32h7xx_it.o
                0x0000000008001128                HRTIM1_TIMB_IRQHandler
 .text.TIM16_IRQHandler
                0x000000000800114c       0x24 ./Core/Src/stm32h7xx_it.o
                0x000000000800114c                TIM16_IRQHandler
 .text._getpid  0x0000000008001170       0x10 ./Core/Src/syscalls.o
                0x0000000008001170                _getpid
 .text._kill    0x0000000008001180       0x20 ./Core/Src/syscalls.o
                0x0000000008001180                _kill
 .text._exit    0x00000000080011a0       0x14 ./Core/Src/syscalls.o
                0x00000000080011a0                _exit
 .text._read    0x00000000080011b4       0x3a ./Core/Src/syscalls.o
                0x00000000080011b4                _read
 .text._write   0x00000000080011ee       0x44 ./Core/Src/syscalls.o
                0x00000000080011ee                _write
 .text._close   0x0000000008001232       0x18 ./Core/Src/syscalls.o
                0x0000000008001232                _close
 .text._fstat   0x000000000800124a       0x20 ./Core/Src/syscalls.o
                0x000000000800124a                _fstat
 .text._isatty  0x000000000800126a       0x16 ./Core/Src/syscalls.o
                0x000000000800126a                _isatty
 .text._lseek   0x0000000008001280       0x1a ./Core/Src/syscalls.o
                0x0000000008001280                _lseek
 *fill*         0x000000000800129a        0x2 
 .text._sbrk    0x000000000800129c       0x6c ./Core/Src/sysmem.o
                0x000000000800129c                _sbrk
 .text.SystemInit
                0x0000000008001308      0x110 ./Core/Src/system_stm32h7xx.o
                0x0000000008001308                SystemInit
 .text.Reset_Handler
                0x0000000008001418       0x50 ./Core/Startup/startup_stm32h743zitx.o
                0x0000000008001418                Reset_Handler
 .text.Default_Handler
                0x0000000008001468        0x2 ./Core/Startup/startup_stm32h743zitx.o
                0x0000000008001468                RTC_Alarm_IRQHandler
                0x0000000008001468                EXTI2_IRQHandler
                0x0000000008001468                TIM8_CC_IRQHandler
                0x0000000008001468                UART8_IRQHandler
                0x0000000008001468                SPI4_IRQHandler
                0x0000000008001468                TIM1_CC_IRQHandler
                0x0000000008001468                BDMA_Channel6_IRQHandler
                0x0000000008001468                DMA2_Stream5_IRQHandler
                0x0000000008001468                HRTIM1_FLT_IRQHandler
                0x0000000008001468                JPEG_IRQHandler
                0x0000000008001468                DMA1_Stream5_IRQHandler
                0x0000000008001468                BDMA_Channel1_IRQHandler
                0x0000000008001468                HRTIM1_TIMD_IRQHandler
                0x0000000008001468                TAMP_STAMP_IRQHandler
                0x0000000008001468                EXTI3_IRQHandler
                0x0000000008001468                LPTIM4_IRQHandler
                0x0000000008001468                TIM8_TRG_COM_TIM14_IRQHandler
                0x0000000008001468                LPTIM2_IRQHandler
                0x0000000008001468                DFSDM1_FLT1_IRQHandler
                0x0000000008001468                DMAMUX2_OVR_IRQHandler
                0x0000000008001468                TIM8_UP_TIM13_IRQHandler
                0x0000000008001468                I2C3_ER_IRQHandler
                0x0000000008001468                DFSDM1_FLT2_IRQHandler
                0x0000000008001468                MDMA_IRQHandler
                0x0000000008001468                LPTIM3_IRQHandler
                0x0000000008001468                HSEM1_IRQHandler
                0x0000000008001468                EXTI0_IRQHandler
                0x0000000008001468                I2C2_EV_IRQHandler
                0x0000000008001468                DMA1_Stream2_IRQHandler
                0x0000000008001468                FPU_IRQHandler
                0x0000000008001468                OTG_HS_WKUP_IRQHandler
                0x0000000008001468                FDCAN1_IT1_IRQHandler
                0x0000000008001468                LTDC_ER_IRQHandler
                0x0000000008001468                DMA2_Stream2_IRQHandler
                0x0000000008001468                HRTIM1_TIME_IRQHandler
                0x0000000008001468                SPI1_IRQHandler
                0x0000000008001468                TIM6_DAC_IRQHandler
                0x0000000008001468                DCMI_IRQHandler
                0x0000000008001468                HRTIM1_TIMC_IRQHandler
                0x0000000008001468                DMA2_Stream3_IRQHandler
                0x0000000008001468                SAI2_IRQHandler
                0x0000000008001468                DFSDM1_FLT3_IRQHandler
                0x0000000008001468                USART6_IRQHandler
                0x0000000008001468                TIM17_IRQHandler
                0x0000000008001468                USART3_IRQHandler
                0x0000000008001468                BDMA_Channel7_IRQHandler
                0x0000000008001468                LPTIM5_IRQHandler
                0x0000000008001468                UART5_IRQHandler
                0x0000000008001468                ADC3_IRQHandler
                0x0000000008001468                DMA2_Stream0_IRQHandler
                0x0000000008001468                TIM4_IRQHandler
                0x0000000008001468                BDMA_Channel2_IRQHandler
                0x0000000008001468                QUADSPI_IRQHandler
                0x0000000008001468                I2C1_EV_IRQHandler
                0x0000000008001468                DMA1_Stream6_IRQHandler
                0x0000000008001468                DMAMUX1_OVR_IRQHandler
                0x0000000008001468                UART4_IRQHandler
                0x0000000008001468                BDMA_Channel5_IRQHandler
                0x0000000008001468                TIM3_IRQHandler
                0x0000000008001468                RCC_IRQHandler
                0x0000000008001468                TIM8_BRK_TIM12_IRQHandler
                0x0000000008001468                TIM1_TRG_COM_IRQHandler
                0x0000000008001468                Default_Handler
                0x0000000008001468                ECC_IRQHandler
                0x0000000008001468                CEC_IRQHandler
                0x0000000008001468                EXTI15_10_IRQHandler
                0x0000000008001468                BDMA_Channel0_IRQHandler
                0x0000000008001468                ADC_IRQHandler
                0x0000000008001468                DMA1_Stream7_IRQHandler
                0x0000000008001468                SPI5_IRQHandler
                0x0000000008001468                TIM7_IRQHandler
                0x0000000008001468                SDMMC1_IRQHandler
                0x0000000008001468                TIM5_IRQHandler
                0x0000000008001468                DMA2_Stream7_IRQHandler
                0x0000000008001468                TIM15_IRQHandler
                0x0000000008001468                PVD_AVD_IRQHandler
                0x0000000008001468                I2C3_EV_IRQHandler
                0x0000000008001468                EXTI9_5_IRQHandler
                0x0000000008001468                RTC_WKUP_IRQHandler
                0x0000000008001468                LTDC_IRQHandler
                0x0000000008001468                SAI3_IRQHandler
                0x0000000008001468                ETH_WKUP_IRQHandler
                0x0000000008001468                SPDIF_RX_IRQHandler
                0x0000000008001468                SPI2_IRQHandler
                0x0000000008001468                OTG_HS_EP1_IN_IRQHandler
                0x0000000008001468                CRS_IRQHandler
                0x0000000008001468                EXTI4_IRQHandler
                0x0000000008001468                RNG_IRQHandler
                0x0000000008001468                FDCAN2_IT1_IRQHandler
                0x0000000008001468                ETH_IRQHandler
                0x0000000008001468                TIM1_UP_IRQHandler
                0x0000000008001468                BDMA_Channel4_IRQHandler
                0x0000000008001468                OTG_HS_EP1_OUT_IRQHandler
                0x0000000008001468                WWDG_IRQHandler
                0x0000000008001468                SPI6_IRQHandler
                0x0000000008001468                MDIOS_IRQHandler
                0x0000000008001468                I2C4_EV_IRQHandler
                0x0000000008001468                FDCAN2_IT0_IRQHandler
                0x0000000008001468                LPUART1_IRQHandler
                0x0000000008001468                FDCAN1_IT0_IRQHandler
                0x0000000008001468                TIM2_IRQHandler
                0x0000000008001468                OTG_FS_WKUP_IRQHandler
                0x0000000008001468                OTG_HS_IRQHandler
                0x0000000008001468                DMA2D_IRQHandler
                0x0000000008001468                TIM1_BRK_IRQHandler
                0x0000000008001468                EXTI1_IRQHandler
                0x0000000008001468                SDMMC2_IRQHandler
                0x0000000008001468                OTG_FS_EP1_OUT_IRQHandler
                0x0000000008001468                BDMA_Channel3_IRQHandler
                0x0000000008001468                UART7_IRQHandler
                0x0000000008001468                MDIOS_WKUP_IRQHandler
                0x0000000008001468                USART2_IRQHandler
                0x0000000008001468                DFSDM1_FLT0_IRQHandler
                0x0000000008001468                SAI4_IRQHandler
                0x0000000008001468                I2C2_ER_IRQHandler
                0x0000000008001468                DMA2_Stream1_IRQHandler
                0x0000000008001468                FLASH_IRQHandler
                0x0000000008001468                DMA2_Stream4_IRQHandler
                0x0000000008001468                USART1_IRQHandler
                0x0000000008001468                SPI3_IRQHandler
                0x0000000008001468                WAKEUP_PIN_IRQHandler
                0x0000000008001468                DMA1_Stream4_IRQHandler
                0x0000000008001468                OTG_FS_EP1_IN_IRQHandler
                0x0000000008001468                I2C1_ER_IRQHandler
                0x0000000008001468                FMC_IRQHandler
                0x0000000008001468                FDCAN_CAL_IRQHandler
                0x0000000008001468                SWPMI1_IRQHandler
                0x0000000008001468                COMP1_IRQHandler
                0x0000000008001468                LPTIM1_IRQHandler
                0x0000000008001468                I2C4_ER_IRQHandler
                0x0000000008001468                DMA2_Stream6_IRQHandler
                0x0000000008001468                SAI1_IRQHandler
                0x0000000008001468                DMA1_Stream3_IRQHandler
 *fill*         0x000000000800146a        0x2 
 .text.HAL_Init
                0x000000000800146c       0x78 ./Drivers/STM32H7xx_HAL_Driver/Src/stm32h7xx_hal.o
                0x000000000800146c                HAL_Init
 .text.HAL_InitTick
                0x00000000080014e4       0x6c ./Drivers/STM32H7xx_HAL_Driver/Src/stm32h7xx_hal.o
                0x00000000080014e4                HAL_InitTick
 .text.HAL_IncTick
                0x0000000008001550       0x28 ./Drivers/STM32H7xx_HAL_Driver/Src/stm32h7xx_hal.o
                0x0000000008001550                HAL_IncTick
 .text.HAL_GetTick
                0x0000000008001578       0x18 ./Drivers/STM32H7xx_HAL_Driver/Src/stm32h7xx_hal.o
                0x0000000008001578                HAL_GetTick
 .text.HAL_Delay
                0x0000000008001590       0x48 ./Drivers/STM32H7xx_HAL_Driver/Src/stm32h7xx_hal.o
                0x0000000008001590                HAL_Delay
 .text.HAL_GetREVID
                0x00000000080015d8       0x18 ./Drivers/STM32H7xx_HAL_Driver/Src/stm32h7xx_hal.o
                0x00000000080015d8                HAL_GetREVID
 .text.__NVIC_SetPriorityGrouping
                0x00000000080015f0       0x48 ./Drivers/STM32H7xx_HAL_Driver/Src/stm32h7xx_hal_cortex.o
 .text.__NVIC_GetPriorityGrouping
                0x0000000008001638       0x1c ./Drivers/STM32H7xx_HAL_Driver/Src/stm32h7xx_hal_cortex.o
 .text.__NVIC_EnableIRQ
                0x0000000008001654       0x3c ./Drivers/STM32H7xx_HAL_Driver/Src/stm32h7xx_hal_cortex.o
 .text.__NVIC_SetPriority
                0x0000000008001690       0x54 ./Drivers/STM32H7xx_HAL_Driver/Src/stm32h7xx_hal_cortex.o
 .text.NVIC_EncodePriority
                0x00000000080016e4       0x66 ./Drivers/STM32H7xx_HAL_Driver/Src/stm32h7xx_hal_cortex.o
 *fill*         0x000000000800174a        0x2 
 .text.SysTick_Config
                0x000000000800174c       0x44 ./Drivers/STM32H7xx_HAL_Driver/Src/stm32h7xx_hal_cortex.o
 .text.HAL_NVIC_SetPriorityGrouping
                0x0000000008001790       0x16 ./Drivers/STM32H7xx_HAL_Driver/Src/stm32h7xx_hal_cortex.o
                0x0000000008001790                HAL_NVIC_SetPriorityGrouping
 .text.HAL_NVIC_SetPriority
                0x00000000080017a6       0x34 ./Drivers/STM32H7xx_HAL_Driver/Src/stm32h7xx_hal_cortex.o
                0x00000000080017a6                HAL_NVIC_SetPriority
 .text.HAL_NVIC_EnableIRQ
                0x00000000080017da       0x1c ./Drivers/STM32H7xx_HAL_Driver/Src/stm32h7xx_hal_cortex.o
                0x00000000080017da                HAL_NVIC_EnableIRQ
 .text.HAL_SYSTICK_Config
                0x00000000080017f6       0x18 ./Drivers/STM32H7xx_HAL_Driver/Src/stm32h7xx_hal_cortex.o
                0x00000000080017f6                HAL_SYSTICK_Config
 *fill*         0x000000000800180e        0x2 
 .text.HAL_DMA_Init
                0x0000000008001810      0x6b8 ./Drivers/STM32H7xx_HAL_Driver/Src/stm32h7xx_hal_dma.o
                0x0000000008001810                HAL_DMA_Init
 .text.HAL_DMA_IRQHandler
                0x0000000008001ec8      0xe54 ./Drivers/STM32H7xx_HAL_Driver/Src/stm32h7xx_hal_dma.o
                0x0000000008001ec8                HAL_DMA_IRQHandler
 .text.DMA_CalcBaseAndBitshift
                0x0000000008002d1c      0x164 ./Drivers/STM32H7xx_HAL_Driver/Src/stm32h7xx_hal_dma.o
 .text.DMA_CheckFifoParam
                0x0000000008002e80       0xf8 ./Drivers/STM32H7xx_HAL_Driver/Src/stm32h7xx_hal_dma.o
 .text.DMA_CalcDMAMUXChannelBaseAndMask
                0x0000000008002f78      0x134 ./Drivers/STM32H7xx_HAL_Driver/Src/stm32h7xx_hal_dma.o
 .text.DMA_CalcDMAMUXRequestGenBaseAndMask
                0x00000000080030ac       0xe8 ./Drivers/STM32H7xx_HAL_Driver/Src/stm32h7xx_hal_dma.o
 .text.HAL_GPIO_Init
                0x0000000008003194      0x360 ./Drivers/STM32H7xx_HAL_Driver/Src/stm32h7xx_hal_gpio.o
                0x0000000008003194                HAL_GPIO_Init
 .text.HAL_GPIO_WritePin
                0x00000000080034f4       0x32 ./Drivers/STM32H7xx_HAL_Driver/Src/stm32h7xx_hal_gpio.o
                0x00000000080034f4                HAL_GPIO_WritePin
 .text.HAL_GPIO_TogglePin
                0x0000000008003526       0x34 ./Drivers/STM32H7xx_HAL_Driver/Src/stm32h7xx_hal_gpio.o
                0x0000000008003526                HAL_GPIO_TogglePin
 *fill*         0x000000000800355a        0x2 
 .text.HAL_HRTIM_Init
                0x000000000800355c      0x1a0 ./Drivers/STM32H7xx_HAL_Driver/Src/stm32h7xx_hal_hrtim.o
                0x000000000800355c                HAL_HRTIM_Init
 .text.HAL_HRTIM_TimeBaseConfig
                0x00000000080036fc       0x50 ./Drivers/STM32H7xx_HAL_Driver/Src/stm32h7xx_hal_hrtim.o
                0x00000000080036fc                HAL_HRTIM_TimeBaseConfig
 .text.HAL_HRTIM_WaveformTimerConfig
                0x000000000800374c       0xe4 ./Drivers/STM32H7xx_HAL_Driver/Src/stm32h7xx_hal_hrtim.o
                0x000000000800374c                HAL_HRTIM_WaveformTimerConfig
 .text.HAL_HRTIM_WaveformCompareConfig
                0x0000000008003830      0x2dc ./Drivers/STM32H7xx_HAL_Driver/Src/stm32h7xx_hal_hrtim.o
                0x0000000008003830                HAL_HRTIM_WaveformCompareConfig
 .text.HAL_HRTIM_IRQHandler
                0x0000000008003b0c       0x36 ./Drivers/STM32H7xx_HAL_Driver/Src/stm32h7xx_hal_hrtim.o
                0x0000000008003b0c                HAL_HRTIM_IRQHandler
 .text.HAL_HRTIM_Fault1Callback
                0x0000000008003b42       0x14 ./Drivers/STM32H7xx_HAL_Driver/Src/stm32h7xx_hal_hrtim.o
                0x0000000008003b42                HAL_HRTIM_Fault1Callback
 .text.HAL_HRTIM_Fault2Callback
                0x0000000008003b56       0x14 ./Drivers/STM32H7xx_HAL_Driver/Src/stm32h7xx_hal_hrtim.o
                0x0000000008003b56                HAL_HRTIM_Fault2Callback
 .text.HAL_HRTIM_Fault3Callback
                0x0000000008003b6a       0x14 ./Drivers/STM32H7xx_HAL_Driver/Src/stm32h7xx_hal_hrtim.o
                0x0000000008003b6a                HAL_HRTIM_Fault3Callback
 .text.HAL_HRTIM_Fault4Callback
                0x0000000008003b7e       0x14 ./Drivers/STM32H7xx_HAL_Driver/Src/stm32h7xx_hal_hrtim.o
                0x0000000008003b7e                HAL_HRTIM_Fault4Callback
 .text.HAL_HRTIM_Fault5Callback
                0x0000000008003b92       0x14 ./Drivers/STM32H7xx_HAL_Driver/Src/stm32h7xx_hal_hrtim.o
                0x0000000008003b92                HAL_HRTIM_Fault5Callback
 .text.HAL_HRTIM_SystemFaultCallback
                0x0000000008003ba6       0x14 ./Drivers/STM32H7xx_HAL_Driver/Src/stm32h7xx_hal_hrtim.o
                0x0000000008003ba6                HAL_HRTIM_SystemFaultCallback
 .text.HAL_HRTIM_BurstModePeriodCallback
                0x0000000008003bba       0x14 ./Drivers/STM32H7xx_HAL_Driver/Src/stm32h7xx_hal_hrtim.o
                0x0000000008003bba                HAL_HRTIM_BurstModePeriodCallback
 .text.HAL_HRTIM_SynchronizationEventCallback
                0x0000000008003bce       0x14 ./Drivers/STM32H7xx_HAL_Driver/Src/stm32h7xx_hal_hrtim.o
                0x0000000008003bce                HAL_HRTIM_SynchronizationEventCallback
 .text.HAL_HRTIM_RegistersUpdateCallback
                0x0000000008003be2       0x16 ./Drivers/STM32H7xx_HAL_Driver/Src/stm32h7xx_hal_hrtim.o
                0x0000000008003be2                HAL_HRTIM_RegistersUpdateCallback
 .text.HAL_HRTIM_RepetitionEventCallback
                0x0000000008003bf8       0x16 ./Drivers/STM32H7xx_HAL_Driver/Src/stm32h7xx_hal_hrtim.o
                0x0000000008003bf8                HAL_HRTIM_RepetitionEventCallback
 .text.HAL_HRTIM_Compare1EventCallback
                0x0000000008003c0e       0x16 ./Drivers/STM32H7xx_HAL_Driver/Src/stm32h7xx_hal_hrtim.o
                0x0000000008003c0e                HAL_HRTIM_Compare1EventCallback
 .text.HAL_HRTIM_Compare2EventCallback
                0x0000000008003c24       0x16 ./Drivers/STM32H7xx_HAL_Driver/Src/stm32h7xx_hal_hrtim.o
                0x0000000008003c24                HAL_HRTIM_Compare2EventCallback
 .text.HAL_HRTIM_Compare3EventCallback
                0x0000000008003c3a       0x16 ./Drivers/STM32H7xx_HAL_Driver/Src/stm32h7xx_hal_hrtim.o
                0x0000000008003c3a                HAL_HRTIM_Compare3EventCallback
 .text.HAL_HRTIM_Compare4EventCallback
                0x0000000008003c50       0x16 ./Drivers/STM32H7xx_HAL_Driver/Src/stm32h7xx_hal_hrtim.o
                0x0000000008003c50                HAL_HRTIM_Compare4EventCallback
 .text.HAL_HRTIM_Capture1EventCallback
                0x0000000008003c66       0x16 ./Drivers/STM32H7xx_HAL_Driver/Src/stm32h7xx_hal_hrtim.o
                0x0000000008003c66                HAL_HRTIM_Capture1EventCallback
 .text.HAL_HRTIM_Capture2EventCallback
                0x0000000008003c7c       0x16 ./Drivers/STM32H7xx_HAL_Driver/Src/stm32h7xx_hal_hrtim.o
                0x0000000008003c7c                HAL_HRTIM_Capture2EventCallback
 .text.HAL_HRTIM_DelayedProtectionCallback
                0x0000000008003c92       0x16 ./Drivers/STM32H7xx_HAL_Driver/Src/stm32h7xx_hal_hrtim.o
                0x0000000008003c92                HAL_HRTIM_DelayedProtectionCallback
 .text.HAL_HRTIM_CounterResetCallback
                0x0000000008003ca8       0x16 ./Drivers/STM32H7xx_HAL_Driver/Src/stm32h7xx_hal_hrtim.o
                0x0000000008003ca8                HAL_HRTIM_CounterResetCallback
 .text.HAL_HRTIM_Output1SetCallback
                0x0000000008003cbe       0x16 ./Drivers/STM32H7xx_HAL_Driver/Src/stm32h7xx_hal_hrtim.o
                0x0000000008003cbe                HAL_HRTIM_Output1SetCallback
 .text.HAL_HRTIM_Output1ResetCallback
                0x0000000008003cd4       0x16 ./Drivers/STM32H7xx_HAL_Driver/Src/stm32h7xx_hal_hrtim.o
                0x0000000008003cd4                HAL_HRTIM_Output1ResetCallback
 .text.HAL_HRTIM_Output2SetCallback
                0x0000000008003cea       0x16 ./Drivers/STM32H7xx_HAL_Driver/Src/stm32h7xx_hal_hrtim.o
                0x0000000008003cea                HAL_HRTIM_Output2SetCallback
 .text.HAL_HRTIM_Output2ResetCallback
                0x0000000008003d00       0x16 ./Drivers/STM32H7xx_HAL_Driver/Src/stm32h7xx_hal_hrtim.o
                0x0000000008003d00                HAL_HRTIM_Output2ResetCallback
 .text.HRTIM_MasterBase_Config
                0x0000000008003d16       0x5e ./Drivers/STM32H7xx_HAL_Driver/Src/stm32h7xx_hal_hrtim.o
 .text.HRTIM_TimingUnitBase_Config
                0x0000000008003d74       0x80 ./Drivers/STM32H7xx_HAL_Driver/Src/stm32h7xx_hal_hrtim.o
 .text.HRTIM_MasterWaveform_Config
                0x0000000008003df4       0xcc ./Drivers/STM32H7xx_HAL_Driver/Src/stm32h7xx_hal_hrtim.o
 .text.HRTIM_TimingUnitWaveform_Config
                0x0000000008003ec0      0x280 ./Drivers/STM32H7xx_HAL_Driver/Src/stm32h7xx_hal_hrtim.o
 .text.HRTIM_ForceRegistersUpdate
                0x0000000008004140       0xc4 ./Drivers/STM32H7xx_HAL_Driver/Src/stm32h7xx_hal_hrtim.o
 .text.HRTIM_HRTIM_ISR
                0x0000000008004204       0xfc ./Drivers/STM32H7xx_HAL_Driver/Src/stm32h7xx_hal_hrtim.o
 .text.HRTIM_Master_ISR
                0x0000000008004300      0x154 ./Drivers/STM32H7xx_HAL_Driver/Src/stm32h7xx_hal_hrtim.o
 .text.HRTIM_Timer_ISR
                0x0000000008004454      0x2aa ./Drivers/STM32H7xx_HAL_Driver/Src/stm32h7xx_hal_hrtim.o
 .text.HAL_PCD_Init
                0x00000000080046fe      0x248 ./Drivers/STM32H7xx_HAL_Driver/Src/stm32h7xx_hal_pcd.o
                0x00000000080046fe                HAL_PCD_Init
 .text.HAL_PCD_Start
                0x0000000008004946       0x6a ./Drivers/STM32H7xx_HAL_Driver/Src/stm32h7xx_hal_pcd.o
                0x0000000008004946                HAL_PCD_Start
 .text.HAL_PCD_IRQHandler
                0x00000000080049b0      0x998 ./Drivers/STM32H7xx_HAL_Driver/Src/stm32h7xx_hal_pcd.o
                0x00000000080049b0                HAL_PCD_IRQHandler
 .text.HAL_PCD_SetAddress
                0x0000000008005348       0x4a ./Drivers/STM32H7xx_HAL_Driver/Src/stm32h7xx_hal_pcd.o
                0x0000000008005348                HAL_PCD_SetAddress
 .text.HAL_PCD_EP_Open
                0x0000000008005392       0xd0 ./Drivers/STM32H7xx_HAL_Driver/Src/stm32h7xx_hal_pcd.o
                0x0000000008005392                HAL_PCD_EP_Open
 .text.HAL_PCD_EP_Close
                0x0000000008005462       0x94 ./Drivers/STM32H7xx_HAL_Driver/Src/stm32h7xx_hal_pcd.o
                0x0000000008005462                HAL_PCD_EP_Close
 .text.HAL_PCD_EP_Receive
                0x00000000080054f6       0x78 ./Drivers/STM32H7xx_HAL_Driver/Src/stm32h7xx_hal_pcd.o
                0x00000000080054f6                HAL_PCD_EP_Receive
 .text.HAL_PCD_EP_GetRxCount
                0x000000000800556e       0x30 ./Drivers/STM32H7xx_HAL_Driver/Src/stm32h7xx_hal_pcd.o
                0x000000000800556e                HAL_PCD_EP_GetRxCount
 .text.HAL_PCD_EP_Transmit
                0x000000000800559e       0x76 ./Drivers/STM32H7xx_HAL_Driver/Src/stm32h7xx_hal_pcd.o
                0x000000000800559e                HAL_PCD_EP_Transmit
 .text.HAL_PCD_EP_SetStall
                0x0000000008005614       0xc8 ./Drivers/STM32H7xx_HAL_Driver/Src/stm32h7xx_hal_pcd.o
                0x0000000008005614                HAL_PCD_EP_SetStall
 .text.HAL_PCD_EP_ClrStall
                0x00000000080056dc       0xac ./Drivers/STM32H7xx_HAL_Driver/Src/stm32h7xx_hal_pcd.o
                0x00000000080056dc                HAL_PCD_EP_ClrStall
 .text.HAL_PCD_EP_Abort
                0x0000000008005788       0x62 ./Drivers/STM32H7xx_HAL_Driver/Src/stm32h7xx_hal_pcd.o
                0x0000000008005788                HAL_PCD_EP_Abort
 .text.PCD_WriteEmptyTxFifo
                0x00000000080057ea      0x11a ./Drivers/STM32H7xx_HAL_Driver/Src/stm32h7xx_hal_pcd.o
 .text.PCD_EP_OutXfrComplete_int
                0x0000000008005904      0x1d0 ./Drivers/STM32H7xx_HAL_Driver/Src/stm32h7xx_hal_pcd.o
 .text.PCD_EP_OutSetupPacket_int
                0x0000000008005ad4       0x8c ./Drivers/STM32H7xx_HAL_Driver/Src/stm32h7xx_hal_pcd.o
 .text.HAL_PCDEx_SetTxFiFo
                0x0000000008005b60       0x8e ./Drivers/STM32H7xx_HAL_Driver/Src/stm32h7xx_hal_pcd_ex.o
                0x0000000008005b60                HAL_PCDEx_SetTxFiFo
 .text.HAL_PCDEx_SetRxFiFo
                0x0000000008005bee       0x22 ./Drivers/STM32H7xx_HAL_Driver/Src/stm32h7xx_hal_pcd_ex.o
                0x0000000008005bee                HAL_PCDEx_SetRxFiFo
 .text.HAL_PCDEx_ActivateLPM
                0x0000000008005c10       0x48 ./Drivers/STM32H7xx_HAL_Driver/Src/stm32h7xx_hal_pcd_ex.o
                0x0000000008005c10                HAL_PCDEx_ActivateLPM
 .text.HAL_PCDEx_LPM_Callback
                0x0000000008005c58       0x18 ./Drivers/STM32H7xx_HAL_Driver/Src/stm32h7xx_hal_pcd_ex.o
                0x0000000008005c58                HAL_PCDEx_LPM_Callback
 .text.HAL_PWREx_ConfigSupply
                0x0000000008005c70       0x74 ./Drivers/STM32H7xx_HAL_Driver/Src/stm32h7xx_hal_pwr_ex.o
                0x0000000008005c70                HAL_PWREx_ConfigSupply
 .text.HAL_PWREx_EnableUSBVoltageDetector
                0x0000000008005ce4       0x20 ./Drivers/STM32H7xx_HAL_Driver/Src/stm32h7xx_hal_pwr_ex.o
                0x0000000008005ce4                HAL_PWREx_EnableUSBVoltageDetector
 .text.HAL_RCC_OscConfig
                0x0000000008005d04      0x8b4 ./Drivers/STM32H7xx_HAL_Driver/Src/stm32h7xx_hal_rcc.o
                0x0000000008005d04                HAL_RCC_OscConfig
 .text.HAL_RCC_ClockConfig
                0x00000000080065b8      0x36c ./Drivers/STM32H7xx_HAL_Driver/Src/stm32h7xx_hal_rcc.o
                0x00000000080065b8                HAL_RCC_ClockConfig
 .text.HAL_RCC_GetSysClockFreq
                0x0000000008006924      0x2f4 ./Drivers/STM32H7xx_HAL_Driver/Src/stm32h7xx_hal_rcc.o
                0x0000000008006924                HAL_RCC_GetSysClockFreq
 .text.HAL_RCC_GetHCLKFreq
                0x0000000008006c18       0x60 ./Drivers/STM32H7xx_HAL_Driver/Src/stm32h7xx_hal_rcc.o
                0x0000000008006c18                HAL_RCC_GetHCLKFreq
 .text.HAL_RCCEx_PeriphCLKConfig
                0x0000000008006c78     0x1414 ./Drivers/STM32H7xx_HAL_Driver/Src/stm32h7xx_hal_rcc_ex.o
                0x0000000008006c78                HAL_RCCEx_PeriphCLKConfig
 .text.RCCEx_PLL2_Config
                0x000000000800808c      0x164 ./Drivers/STM32H7xx_HAL_Driver/Src/stm32h7xx_hal_rcc_ex.o
 .text.RCCEx_PLL3_Config
                0x00000000080081f0      0x164 ./Drivers/STM32H7xx_HAL_Driver/Src/stm32h7xx_hal_rcc_ex.o
 .text.HAL_TIM_Base_Init
                0x0000000008008354       0xae ./Drivers/STM32H7xx_HAL_Driver/Src/stm32h7xx_hal_tim.o
                0x0000000008008354                HAL_TIM_Base_Init
 .text.HAL_TIM_PWM_Init
                0x0000000008008402       0xae ./Drivers/STM32H7xx_HAL_Driver/Src/stm32h7xx_hal_tim.o
                0x0000000008008402                HAL_TIM_PWM_Init
 .text.HAL_TIM_PWM_MspInit
                0x00000000080084b0       0x14 ./Drivers/STM32H7xx_HAL_Driver/Src/stm32h7xx_hal_tim.o
                0x00000000080084b0                HAL_TIM_PWM_MspInit
 .text.HAL_TIM_IRQHandler
                0x00000000080084c4      0x23e ./Drivers/STM32H7xx_HAL_Driver/Src/stm32h7xx_hal_tim.o
                0x00000000080084c4                HAL_TIM_IRQHandler
 *fill*         0x0000000008008702        0x2 
 .text.HAL_TIM_PWM_ConfigChannel
                0x0000000008008704      0x228 ./Drivers/STM32H7xx_HAL_Driver/Src/stm32h7xx_hal_tim.o
                0x0000000008008704                HAL_TIM_PWM_ConfigChannel
 .text.HAL_TIM_PeriodElapsedCallback
                0x000000000800892c       0x14 ./Drivers/STM32H7xx_HAL_Driver/Src/stm32h7xx_hal_tim.o
                0x000000000800892c                HAL_TIM_PeriodElapsedCallback
 .text.HAL_TIM_OC_DelayElapsedCallback
                0x0000000008008940       0x14 ./Drivers/STM32H7xx_HAL_Driver/Src/stm32h7xx_hal_tim.o
                0x0000000008008940                HAL_TIM_OC_DelayElapsedCallback
 .text.HAL_TIM_IC_CaptureCallback
                0x0000000008008954       0x14 ./Drivers/STM32H7xx_HAL_Driver/Src/stm32h7xx_hal_tim.o
                0x0000000008008954                HAL_TIM_IC_CaptureCallback
 .text.HAL_TIM_PWM_PulseFinishedCallback
                0x0000000008008968       0x14 ./Drivers/STM32H7xx_HAL_Driver/Src/stm32h7xx_hal_tim.o
                0x0000000008008968                HAL_TIM_PWM_PulseFinishedCallback
 .text.HAL_TIM_TriggerCallback
                0x000000000800897c       0x14 ./Drivers/STM32H7xx_HAL_Driver/Src/stm32h7xx_hal_tim.o
                0x000000000800897c                HAL_TIM_TriggerCallback
 .text.TIM_Base_SetConfig
                0x0000000008008990      0x134 ./Drivers/STM32H7xx_HAL_Driver/Src/stm32h7xx_hal_tim.o
                0x0000000008008990                TIM_Base_SetConfig
 .text.TIM_OC1_SetConfig
                0x0000000008008ac4      0x120 ./Drivers/STM32H7xx_HAL_Driver/Src/stm32h7xx_hal_tim.o
 .text.TIM_OC2_SetConfig
                0x0000000008008be4      0x114 ./Drivers/STM32H7xx_HAL_Driver/Src/stm32h7xx_hal_tim.o
                0x0000000008008be4                TIM_OC2_SetConfig
 .text.TIM_OC3_SetConfig
                0x0000000008008cf8      0x110 ./Drivers/STM32H7xx_HAL_Driver/Src/stm32h7xx_hal_tim.o
 .text.TIM_OC4_SetConfig
                0x0000000008008e08       0xd4 ./Drivers/STM32H7xx_HAL_Driver/Src/stm32h7xx_hal_tim.o
 .text.TIM_OC5_SetConfig
                0x0000000008008edc       0xc8 ./Drivers/STM32H7xx_HAL_Driver/Src/stm32h7xx_hal_tim.o
 .text.TIM_OC6_SetConfig
                0x0000000008008fa4       0xcc ./Drivers/STM32H7xx_HAL_Driver/Src/stm32h7xx_hal_tim.o
 .text.HAL_TIMEx_ConfigBreakDeadTime
                0x0000000008009070       0xfc ./Drivers/STM32H7xx_HAL_Driver/Src/stm32h7xx_hal_tim_ex.o
                0x0000000008009070                HAL_TIMEx_ConfigBreakDeadTime
 .text.HAL_TIMEx_CommutCallback
                0x000000000800916c       0x14 ./Drivers/STM32H7xx_HAL_Driver/Src/stm32h7xx_hal_tim_ex.o
                0x000000000800916c                HAL_TIMEx_CommutCallback
 .text.HAL_TIMEx_BreakCallback
                0x0000000008009180       0x14 ./Drivers/STM32H7xx_HAL_Driver/Src/stm32h7xx_hal_tim_ex.o
                0x0000000008009180                HAL_TIMEx_BreakCallback
 .text.HAL_TIMEx_Break2Callback
                0x0000000008009194       0x14 ./Drivers/STM32H7xx_HAL_Driver/Src/stm32h7xx_hal_tim_ex.o
                0x0000000008009194                HAL_TIMEx_Break2Callback
 .text.USB_CoreInit
                0x00000000080091a8       0xdc ./Drivers/STM32H7xx_HAL_Driver/Src/stm32h7xx_ll_usb.o
                0x00000000080091a8                USB_CoreInit
 .text.USB_SetTurnaroundTime
                0x0000000008009284      0x144 ./Drivers/STM32H7xx_HAL_Driver/Src/stm32h7xx_ll_usb.o
                0x0000000008009284                USB_SetTurnaroundTime
 .text.USB_EnableGlobalInt
                0x00000000080093c8       0x22 ./Drivers/STM32H7xx_HAL_Driver/Src/stm32h7xx_ll_usb.o
                0x00000000080093c8                USB_EnableGlobalInt
 .text.USB_DisableGlobalInt
                0x00000000080093ea       0x22 ./Drivers/STM32H7xx_HAL_Driver/Src/stm32h7xx_ll_usb.o
                0x00000000080093ea                USB_DisableGlobalInt
 .text.USB_SetCurrentMode
                0x000000000800940c       0x98 ./Drivers/STM32H7xx_HAL_Driver/Src/stm32h7xx_ll_usb.o
                0x000000000800940c                USB_SetCurrentMode
 .text.USB_DevInit
                0x00000000080094a4      0x2bc ./Drivers/STM32H7xx_HAL_Driver/Src/stm32h7xx_ll_usb.o
                0x00000000080094a4                USB_DevInit
 .text.USB_FlushTxFifo
                0x0000000008009760       0x68 ./Drivers/STM32H7xx_HAL_Driver/Src/stm32h7xx_ll_usb.o
                0x0000000008009760                USB_FlushTxFifo
 .text.USB_FlushRxFifo
                0x00000000080097c8       0x60 ./Drivers/STM32H7xx_HAL_Driver/Src/stm32h7xx_ll_usb.o
                0x00000000080097c8                USB_FlushRxFifo
 .text.USB_SetDevSpeed
                0x0000000008009828       0x32 ./Drivers/STM32H7xx_HAL_Driver/Src/stm32h7xx_ll_usb.o
                0x0000000008009828                USB_SetDevSpeed
 .text.USB_GetDevSpeed
                0x000000000800985a       0x4a ./Drivers/STM32H7xx_HAL_Driver/Src/stm32h7xx_ll_usb.o
                0x000000000800985a                USB_GetDevSpeed
 .text.USB_ActivateEndpoint
                0x00000000080098a4      0x110 ./Drivers/STM32H7xx_HAL_Driver/Src/stm32h7xx_ll_usb.o
                0x00000000080098a4                USB_ActivateEndpoint
 .text.USB_DeactivateEndpoint
                0x00000000080099b4      0x1b8 ./Drivers/STM32H7xx_HAL_Driver/Src/stm32h7xx_ll_usb.o
                0x00000000080099b4                USB_DeactivateEndpoint
 .text.USB_EPStartXfer
                0x0000000008009b6c      0x540 ./Drivers/STM32H7xx_HAL_Driver/Src/stm32h7xx_ll_usb.o
                0x0000000008009b6c                USB_EPStartXfer
 .text.USB_EPStopXfer
                0x000000000800a0ac      0x154 ./Drivers/STM32H7xx_HAL_Driver/Src/stm32h7xx_ll_usb.o
                0x000000000800a0ac                USB_EPStopXfer
 .text.USB_WritePacket
                0x000000000800a200       0x7c ./Drivers/STM32H7xx_HAL_Driver/Src/stm32h7xx_ll_usb.o
                0x000000000800a200                USB_WritePacket
 .text.USB_ReadPacket
                0x000000000800a27c       0xb0 ./Drivers/STM32H7xx_HAL_Driver/Src/stm32h7xx_ll_usb.o
                0x000000000800a27c                USB_ReadPacket
 .text.USB_EPSetStall
                0x000000000800a32c       0xdc ./Drivers/STM32H7xx_HAL_Driver/Src/stm32h7xx_ll_usb.o
                0x000000000800a32c                USB_EPSetStall
 .text.USB_EPClearStall
                0x000000000800a408       0xcc ./Drivers/STM32H7xx_HAL_Driver/Src/stm32h7xx_ll_usb.o
                0x000000000800a408                USB_EPClearStall
 .text.USB_SetDevAddress
                0x000000000800a4d4       0x4c ./Drivers/STM32H7xx_HAL_Driver/Src/stm32h7xx_ll_usb.o
                0x000000000800a4d4                USB_SetDevAddress
 .text.USB_DevConnect
                0x000000000800a520       0x42 ./Drivers/STM32H7xx_HAL_Driver/Src/stm32h7xx_ll_usb.o
                0x000000000800a520                USB_DevConnect
 .text.USB_DevDisconnect
                0x000000000800a562       0x42 ./Drivers/STM32H7xx_HAL_Driver/Src/stm32h7xx_ll_usb.o
                0x000000000800a562                USB_DevDisconnect
 .text.USB_ReadInterrupts
                0x000000000800a5a4       0x26 ./Drivers/STM32H7xx_HAL_Driver/Src/stm32h7xx_ll_usb.o
                0x000000000800a5a4                USB_ReadInterrupts
 .text.USB_ReadDevAllOutEpInterrupt
                0x000000000800a5ca       0x34 ./Drivers/STM32H7xx_HAL_Driver/Src/stm32h7xx_ll_usb.o
                0x000000000800a5ca                USB_ReadDevAllOutEpInterrupt
 .text.USB_ReadDevAllInEpInterrupt
                0x000000000800a5fe       0x34 ./Drivers/STM32H7xx_HAL_Driver/Src/stm32h7xx_ll_usb.o
                0x000000000800a5fe                USB_ReadDevAllInEpInterrupt
 .text.USB_ReadDevOutEPInterrupt
                0x000000000800a632       0x3c ./Drivers/STM32H7xx_HAL_Driver/Src/stm32h7xx_ll_usb.o
                0x000000000800a632                USB_ReadDevOutEPInterrupt
 .text.USB_ReadDevInEPInterrupt
                0x000000000800a66e       0x5c ./Drivers/STM32H7xx_HAL_Driver/Src/stm32h7xx_ll_usb.o
                0x000000000800a66e                USB_ReadDevInEPInterrupt
 .text.USB_GetMode
                0x000000000800a6ca       0x1c ./Drivers/STM32H7xx_HAL_Driver/Src/stm32h7xx_ll_usb.o
                0x000000000800a6ca                USB_GetMode
 *fill*         0x000000000800a6e6        0x2 
 .text.USB_ActivateSetup
                0x000000000800a6e8       0x48 ./Drivers/STM32H7xx_HAL_Driver/Src/stm32h7xx_ll_usb.o
                0x000000000800a6e8                USB_ActivateSetup
 .text.USB_EP0_OutStart
                0x000000000800a730       0xbc ./Drivers/STM32H7xx_HAL_Driver/Src/stm32h7xx_ll_usb.o
                0x000000000800a730                USB_EP0_OutStart
 .text.USB_CoreReset
                0x000000000800a7ec       0x68 ./Drivers/STM32H7xx_HAL_Driver/Src/stm32h7xx_ll_usb.o
 .text.USBD_CDC_Init
                0x000000000800a854      0x1f0 ./Middlewares/ST/STM32_USB_Device_Library/Class/CDC/Src/usbd_cdc.o
 .text.USBD_CDC_DeInit
                0x000000000800aa44      0x104 ./Middlewares/ST/STM32_USB_Device_Library/Class/CDC/Src/usbd_cdc.o
 .text.USBD_CDC_Setup
                0x000000000800ab48      0x1b8 ./Middlewares/ST/STM32_USB_Device_Library/Class/CDC/Src/usbd_cdc.o
 .text.USBD_CDC_DataIn
                0x000000000800ad00       0xfe ./Middlewares/ST/STM32_USB_Device_Library/Class/CDC/Src/usbd_cdc.o
 .text.USBD_CDC_DataOut
                0x000000000800adfe       0x70 ./Middlewares/ST/STM32_USB_Device_Library/Class/CDC/Src/usbd_cdc.o
 .text.USBD_CDC_EP0_RxReady
                0x000000000800ae6e       0x76 ./Middlewares/ST/STM32_USB_Device_Library/Class/CDC/Src/usbd_cdc.o
 .text.USBD_CDC_GetFSCfgDesc
                0x000000000800aee4       0x70 ./Middlewares/ST/STM32_USB_Device_Library/Class/CDC/Src/usbd_cdc.o
 .text.USBD_CDC_GetHSCfgDesc
                0x000000000800af54       0x70 ./Middlewares/ST/STM32_USB_Device_Library/Class/CDC/Src/usbd_cdc.o
 .text.USBD_CDC_GetOtherSpeedCfgDesc
                0x000000000800afc4       0x70 ./Middlewares/ST/STM32_USB_Device_Library/Class/CDC/Src/usbd_cdc.o
 .text.USBD_CDC_GetDeviceQualifierDescriptor
                0x000000000800b034       0x20 ./Middlewares/ST/STM32_USB_Device_Library/Class/CDC/Src/usbd_cdc.o
                0x000000000800b034                USBD_CDC_GetDeviceQualifierDescriptor
 .text.USBD_CDC_RegisterInterface
                0x000000000800b054       0x34 ./Middlewares/ST/STM32_USB_Device_Library/Class/CDC/Src/usbd_cdc.o
                0x000000000800b054                USBD_CDC_RegisterInterface
 .text.USBD_CDC_SetTxBuffer
                0x000000000800b088       0x44 ./Middlewares/ST/STM32_USB_Device_Library/Class/CDC/Src/usbd_cdc.o
                0x000000000800b088                USBD_CDC_SetTxBuffer
 .text.USBD_CDC_SetRxBuffer
                0x000000000800b0cc       0x3a ./Middlewares/ST/STM32_USB_Device_Library/Class/CDC/Src/usbd_cdc.o
                0x000000000800b0cc                USBD_CDC_SetRxBuffer
 *fill*         0x000000000800b106        0x2 
 .text.USBD_CDC_TransmitPacket
                0x000000000800b108       0x80 ./Middlewares/ST/STM32_USB_Device_Library/Class/CDC/Src/usbd_cdc.o
                0x000000000800b108                USBD_CDC_TransmitPacket
 .text.USBD_CDC_ReceivePacket
                0x000000000800b188       0x6c ./Middlewares/ST/STM32_USB_Device_Library/Class/CDC/Src/usbd_cdc.o
                0x000000000800b188                USBD_CDC_ReceivePacket
 .text.USBD_Init
                0x000000000800b1f4       0x7c ./Middlewares/ST/STM32_USB_Device_Library/Core/Src/usbd_core.o
                0x000000000800b1f4                USBD_Init
 .text.USBD_RegisterClass
                0x000000000800b270       0x88 ./Middlewares/ST/STM32_USB_Device_Library/Core/Src/usbd_core.o
                0x000000000800b270                USBD_RegisterClass
 .text.USBD_Start
                0x000000000800b2f8       0x18 ./Middlewares/ST/STM32_USB_Device_Library/Core/Src/usbd_core.o
                0x000000000800b2f8                USBD_Start
 .text.USBD_RunTestMode
                0x000000000800b310       0x16 ./Middlewares/ST/STM32_USB_Device_Library/Core/Src/usbd_core.o
                0x000000000800b310                USBD_RunTestMode
 .text.USBD_SetClassConfig
                0x000000000800b326       0x38 ./Middlewares/ST/STM32_USB_Device_Library/Core/Src/usbd_core.o
                0x000000000800b326                USBD_SetClassConfig
 .text.USBD_ClrClassConfig
                0x000000000800b35e       0x34 ./Middlewares/ST/STM32_USB_Device_Library/Core/Src/usbd_core.o
                0x000000000800b35e                USBD_ClrClassConfig
 .text.USBD_LL_SetupStage
                0x000000000800b392       0xaa ./Middlewares/ST/STM32_USB_Device_Library/Core/Src/usbd_core.o
                0x000000000800b392                USBD_LL_SetupStage
 .text.USBD_LL_DataOutStage
                0x000000000800b43c      0x166 ./Middlewares/ST/STM32_USB_Device_Library/Core/Src/usbd_core.o
                0x000000000800b43c                USBD_LL_DataOutStage
 .text.USBD_LL_DataInStage
                0x000000000800b5a2      0x164 ./Middlewares/ST/STM32_USB_Device_Library/Core/Src/usbd_core.o
                0x000000000800b5a2                USBD_LL_DataInStage
 .text.USBD_LL_Reset
                0x000000000800b706       0xa4 ./Middlewares/ST/STM32_USB_Device_Library/Core/Src/usbd_core.o
                0x000000000800b706                USBD_LL_Reset
 .text.USBD_LL_SetSpeed
                0x000000000800b7aa       0x20 ./Middlewares/ST/STM32_USB_Device_Library/Core/Src/usbd_core.o
                0x000000000800b7aa                USBD_LL_SetSpeed
 .text.USBD_LL_Suspend
                0x000000000800b7ca       0x38 ./Middlewares/ST/STM32_USB_Device_Library/Core/Src/usbd_core.o
                0x000000000800b7ca                USBD_LL_Suspend
 .text.USBD_LL_Resume
                0x000000000800b802       0x30 ./Middlewares/ST/STM32_USB_Device_Library/Core/Src/usbd_core.o
                0x000000000800b802                USBD_LL_Resume
 .text.USBD_LL_SOF
                0x000000000800b832       0x40 ./Middlewares/ST/STM32_USB_Device_Library/Core/Src/usbd_core.o
                0x000000000800b832                USBD_LL_SOF
 .text.USBD_LL_IsoINIncomplete
                0x000000000800b872       0x64 ./Middlewares/ST/STM32_USB_Device_Library/Core/Src/usbd_core.o
                0x000000000800b872                USBD_LL_IsoINIncomplete
 .text.USBD_LL_IsoOUTIncomplete
                0x000000000800b8d6       0x64 ./Middlewares/ST/STM32_USB_Device_Library/Core/Src/usbd_core.o
                0x000000000800b8d6                USBD_LL_IsoOUTIncomplete
 .text.USBD_LL_DevConnected
                0x000000000800b93a       0x16 ./Middlewares/ST/STM32_USB_Device_Library/Core/Src/usbd_core.o
                0x000000000800b93a                USBD_LL_DevConnected
 .text.USBD_LL_DevDisconnected
                0x000000000800b950       0x46 ./Middlewares/ST/STM32_USB_Device_Library/Core/Src/usbd_core.o
                0x000000000800b950                USBD_LL_DevDisconnected
 .text.USBD_CoreFindIF
                0x000000000800b996       0x1a ./Middlewares/ST/STM32_USB_Device_Library/Core/Src/usbd_core.o
                0x000000000800b996                USBD_CoreFindIF
 .text.USBD_CoreFindEP
                0x000000000800b9b0       0x1a ./Middlewares/ST/STM32_USB_Device_Library/Core/Src/usbd_core.o
                0x000000000800b9b0                USBD_CoreFindEP
 .text.USBD_GetEpDesc
                0x000000000800b9ca       0x74 ./Middlewares/ST/STM32_USB_Device_Library/Core/Src/usbd_core.o
                0x000000000800b9ca                USBD_GetEpDesc
 .text.USBD_GetNextDesc
                0x000000000800ba3e       0x3a ./Middlewares/ST/STM32_USB_Device_Library/Core/Src/usbd_core.o
                0x000000000800ba3e                USBD_GetNextDesc
 .text.SWAPBYTE
                0x000000000800ba78       0x3c ./Middlewares/ST/STM32_USB_Device_Library/Core/Src/usbd_ctlreq.o
 .text.USBD_StdDevReq
                0x000000000800bab4       0xe4 ./Middlewares/ST/STM32_USB_Device_Library/Core/Src/usbd_ctlreq.o
                0x000000000800bab4                USBD_StdDevReq
 .text.USBD_StdItfReq
                0x000000000800bb98       0xd8 ./Middlewares/ST/STM32_USB_Device_Library/Core/Src/usbd_ctlreq.o
                0x000000000800bb98                USBD_StdItfReq
 .text.USBD_StdEPReq
                0x000000000800bc70      0x33a ./Middlewares/ST/STM32_USB_Device_Library/Core/Src/usbd_ctlreq.o
                0x000000000800bc70                USBD_StdEPReq
 *fill*         0x000000000800bfaa        0x2 
 .text.USBD_GetDescriptor
                0x000000000800bfac      0x328 ./Middlewares/ST/STM32_USB_Device_Library/Core/Src/usbd_ctlreq.o
 .text.USBD_SetAddress
                0x000000000800c2d4       0x88 ./Middlewares/ST/STM32_USB_Device_Library/Core/Src/usbd_ctlreq.o
 .text.USBD_SetConfig
                0x000000000800c35c      0x154 ./Middlewares/ST/STM32_USB_Device_Library/Core/Src/usbd_ctlreq.o
 .text.USBD_GetConfig
                0x000000000800c4b0       0x6c ./Middlewares/ST/STM32_USB_Device_Library/Core/Src/usbd_ctlreq.o
 .text.USBD_GetStatus
                0x000000000800c51c       0x68 ./Middlewares/ST/STM32_USB_Device_Library/Core/Src/usbd_ctlreq.o
 .text.USBD_SetFeature
                0x000000000800c584       0x52 ./Middlewares/ST/STM32_USB_Device_Library/Core/Src/usbd_ctlreq.o
 .text.USBD_ClrFeature
                0x000000000800c5d6       0x44 ./Middlewares/ST/STM32_USB_Device_Library/Core/Src/usbd_ctlreq.o
 .text.USBD_ParseSetupRequest
                0x000000000800c61a       0x74 ./Middlewares/ST/STM32_USB_Device_Library/Core/Src/usbd_ctlreq.o
                0x000000000800c61a                USBD_ParseSetupRequest
 .text.USBD_CtlError
                0x000000000800c68e       0x22 ./Middlewares/ST/STM32_USB_Device_Library/Core/Src/usbd_ctlreq.o
                0x000000000800c68e                USBD_CtlError
 .text.USBD_GetString
                0x000000000800c6b0       0x8c ./Middlewares/ST/STM32_USB_Device_Library/Core/Src/usbd_ctlreq.o
                0x000000000800c6b0                USBD_GetString
 .text.USBD_GetLen
                0x000000000800c73c       0x34 ./Middlewares/ST/STM32_USB_Device_Library/Core/Src/usbd_ctlreq.o
 .text.USBD_CtlSendData
                0x000000000800c770       0x36 ./Middlewares/ST/STM32_USB_Device_Library/Core/Src/usbd_ioreq.o
                0x000000000800c770                USBD_CtlSendData
 .text.USBD_CtlContinueSendData
                0x000000000800c7a6       0x22 ./Middlewares/ST/STM32_USB_Device_Library/Core/Src/usbd_ioreq.o
                0x000000000800c7a6                USBD_CtlContinueSendData
 .text.USBD_CtlPrepareRx
                0x000000000800c7c8       0x3a ./Middlewares/ST/STM32_USB_Device_Library/Core/Src/usbd_ioreq.o
                0x000000000800c7c8                USBD_CtlPrepareRx
 .text.USBD_CtlContinueRx
                0x000000000800c802       0x22 ./Middlewares/ST/STM32_USB_Device_Library/Core/Src/usbd_ioreq.o
                0x000000000800c802                USBD_CtlContinueRx
 .text.USBD_CtlSendStatus
                0x000000000800c824       0x26 ./Middlewares/ST/STM32_USB_Device_Library/Core/Src/usbd_ioreq.o
                0x000000000800c824                USBD_CtlSendStatus
 .text.USBD_CtlReceiveStatus
                0x000000000800c84a       0x26 ./Middlewares/ST/STM32_USB_Device_Library/Core/Src/usbd_ioreq.o
                0x000000000800c84a                USBD_CtlReceiveStatus
 .text.CDC_OTG_Send
                0x000000000800c870       0xe8 ./USB_DEVICE/App/usb_device.o
                0x000000000800c870                CDC_OTG_Send
 .text.CDC_OTG_Recv
                0x000000000800c958       0x24 ./USB_DEVICE/App/usb_device.o
                0x000000000800c958                CDC_OTG_Recv
 .text.MX_USB_DEVICE_Init
                0x000000000800c97c       0x64 ./USB_DEVICE/App/usb_device.o
                0x000000000800c97c                MX_USB_DEVICE_Init
 .text.CDC_Init_FS
                0x000000000800c9e0       0x28 ./USB_DEVICE/App/usbd_cdc_if.o
 .text.CDC_DeInit_FS
                0x000000000800ca08       0x10 ./USB_DEVICE/App/usbd_cdc_if.o
 .text.CDC_Control_FS
                0x000000000800ca18      0x150 ./USB_DEVICE/App/usbd_cdc_if.o
 .text.CDC_Receive_FS
                0x000000000800cb68       0x18 ./USB_DEVICE/App/usbd_cdc_if.o
 .text.CDC_TransmitCplt_FS
                0x000000000800cb80       0x22 ./USB_DEVICE/App/usbd_cdc_if.o
 *fill*         0x000000000800cba2        0x2 
 .text.USBD_FS_DeviceDescriptor
                0x000000000800cba4       0x24 ./USB_DEVICE/App/usbd_desc.o
                0x000000000800cba4                USBD_FS_DeviceDescriptor
 .text.USBD_FS_LangIDStrDescriptor
                0x000000000800cbc8       0x24 ./USB_DEVICE/App/usbd_desc.o
                0x000000000800cbc8                USBD_FS_LangIDStrDescriptor
 .text.USBD_FS_ProductStrDescriptor
                0x000000000800cbec       0x3c ./USB_DEVICE/App/usbd_desc.o
                0x000000000800cbec                USBD_FS_ProductStrDescriptor
 .text.USBD_FS_ManufacturerStrDescriptor
                0x000000000800cc28       0x28 ./USB_DEVICE/App/usbd_desc.o
                0x000000000800cc28                USBD_FS_ManufacturerStrDescriptor
 .text.USBD_FS_SerialStrDescriptor
                0x000000000800cc50       0x24 ./USB_DEVICE/App/usbd_desc.o
                0x000000000800cc50                USBD_FS_SerialStrDescriptor
 .text.USBD_FS_ConfigStrDescriptor
                0x000000000800cc74       0x3c ./USB_DEVICE/App/usbd_desc.o
                0x000000000800cc74                USBD_FS_ConfigStrDescriptor
 .text.USBD_FS_InterfaceStrDescriptor
                0x000000000800ccb0       0x3c ./USB_DEVICE/App/usbd_desc.o
                0x000000000800ccb0                USBD_FS_InterfaceStrDescriptor
 .text.Get_SerialNum
                0x000000000800ccec       0x58 ./USB_DEVICE/App/usbd_desc.o
 .text.IntToUnicode
                0x000000000800cd44       0x7e ./USB_DEVICE/App/usbd_desc.o
 *fill*         0x000000000800cdc2        0x2 
 .text.HAL_PCD_MspInit
                0x000000000800cdc4      0x108 ./USB_DEVICE/Target/usbd_conf.o
                0x000000000800cdc4                HAL_PCD_MspInit
 .text.HAL_PCD_SetupStageCallback
                0x000000000800cecc       0x24 ./USB_DEVICE/Target/usbd_conf.o
                0x000000000800cecc                HAL_PCD_SetupStageCallback
 .text.HAL_PCD_DataOutStageCallback
                0x000000000800cef0       0x36 ./USB_DEVICE/Target/usbd_conf.o
                0x000000000800cef0                HAL_PCD_DataOutStageCallback
 .text.HAL_PCD_DataInStageCallback
                0x000000000800cf26       0x34 ./USB_DEVICE/Target/usbd_conf.o
                0x000000000800cf26                HAL_PCD_DataInStageCallback
 .text.HAL_PCD_SOFCallback
                0x000000000800cf5a       0x1c ./USB_DEVICE/Target/usbd_conf.o
                0x000000000800cf5a                HAL_PCD_SOFCallback
 .text.HAL_PCD_ResetCallback
                0x000000000800cf76       0x50 ./USB_DEVICE/Target/usbd_conf.o
                0x000000000800cf76                HAL_PCD_ResetCallback
 *fill*         0x000000000800cfc6        0x2 
 .text.HAL_PCD_SuspendCallback
                0x000000000800cfc8       0x4c ./USB_DEVICE/Target/usbd_conf.o
                0x000000000800cfc8                HAL_PCD_SuspendCallback
 .text.HAL_PCD_ResumeCallback
                0x000000000800d014       0x1c ./USB_DEVICE/Target/usbd_conf.o
                0x000000000800d014                HAL_PCD_ResumeCallback
 .text.HAL_PCD_ISOOUTIncompleteCallback
                0x000000000800d030       0x24 ./USB_DEVICE/Target/usbd_conf.o
                0x000000000800d030                HAL_PCD_ISOOUTIncompleteCallback
 .text.HAL_PCD_ISOINIncompleteCallback
                0x000000000800d054       0x24 ./USB_DEVICE/Target/usbd_conf.o
                0x000000000800d054                HAL_PCD_ISOINIncompleteCallback
 .text.HAL_PCD_ConnectCallback
                0x000000000800d078       0x1c ./USB_DEVICE/Target/usbd_conf.o
                0x000000000800d078                HAL_PCD_ConnectCallback
 .text.HAL_PCD_DisconnectCallback
                0x000000000800d094       0x1c ./USB_DEVICE/Target/usbd_conf.o
                0x000000000800d094                HAL_PCD_DisconnectCallback
 .text.USBD_LL_Init
                0x000000000800d0b0       0xa4 ./USB_DEVICE/Target/usbd_conf.o
                0x000000000800d0b0                USBD_LL_Init
 .text.USBD_LL_Start
                0x000000000800d154       0x36 ./USB_DEVICE/Target/usbd_conf.o
                0x000000000800d154                USBD_LL_Start
 .text.USBD_LL_OpenEP
                0x000000000800d18a       0x4c ./USB_DEVICE/Target/usbd_conf.o
                0x000000000800d18a                USBD_LL_OpenEP
 .text.USBD_LL_CloseEP
                0x000000000800d1d6       0x3e ./USB_DEVICE/Target/usbd_conf.o
                0x000000000800d1d6                USBD_LL_CloseEP
 .text.USBD_LL_StallEP
                0x000000000800d214       0x3e ./USB_DEVICE/Target/usbd_conf.o
                0x000000000800d214                USBD_LL_StallEP
 .text.USBD_LL_ClearStallEP
                0x000000000800d252       0x3e ./USB_DEVICE/Target/usbd_conf.o
                0x000000000800d252                USBD_LL_ClearStallEP
 .text.USBD_LL_IsStallEP
                0x000000000800d290       0x58 ./USB_DEVICE/Target/usbd_conf.o
                0x000000000800d290                USBD_LL_IsStallEP
 .text.USBD_LL_SetUSBAddress
                0x000000000800d2e8       0x3e ./USB_DEVICE/Target/usbd_conf.o
                0x000000000800d2e8                USBD_LL_SetUSBAddress
 .text.USBD_LL_Transmit
                0x000000000800d326       0x42 ./USB_DEVICE/Target/usbd_conf.o
                0x000000000800d326                USBD_LL_Transmit
 .text.USBD_LL_PrepareReceive
                0x000000000800d368       0x42 ./USB_DEVICE/Target/usbd_conf.o
                0x000000000800d368                USBD_LL_PrepareReceive
 .text.USBD_LL_GetRxDataSize
                0x000000000800d3aa       0x26 ./USB_DEVICE/Target/usbd_conf.o
                0x000000000800d3aa                USBD_LL_GetRxDataSize
 .text.USBD_static_malloc
                0x000000000800d3d0       0x1c ./USB_DEVICE/Target/usbd_conf.o
                0x000000000800d3d0                USBD_static_malloc
 .text.USBD_static_free
                0x000000000800d3ec       0x14 ./USB_DEVICE/Target/usbd_conf.o
                0x000000000800d3ec                USBD_static_free
 .text.USBD_Get_USB_Status
                0x000000000800d400       0x58 ./USB_DEVICE/Target/usbd_conf.o
                0x000000000800d400                USBD_Get_USB_Status
 .text.std      0x000000000800d458       0x6c /home/mango/st/stm32cubeide_1.13.2/plugins/com.st.stm32cube.ide.mcu.externaltools.gnu-tools-for-stm32.11.3.rel1.linux64_1.1.100.202309141235/tools/bin/../lib/gcc/arm-none-eabi/11.3.1/../../../../arm-none-eabi/lib/thumb/v7e-m+dp/hard/libc.a(libc_a-findfp.o)
 .text.stdio_exit_handler
                0x000000000800d4c4       0x18 /home/mango/st/stm32cubeide_1.13.2/plugins/com.st.stm32cube.ide.mcu.externaltools.gnu-tools-for-stm32.11.3.rel1.linux64_1.1.100.202309141235/tools/bin/../lib/gcc/arm-none-eabi/11.3.1/../../../../arm-none-eabi/lib/thumb/v7e-m+dp/hard/libc.a(libc_a-findfp.o)
 .text.cleanup_stdio
                0x000000000800d4dc       0x40 /home/mango/st/stm32cubeide_1.13.2/plugins/com.st.stm32cube.ide.mcu.externaltools.gnu-tools-for-stm32.11.3.rel1.linux64_1.1.100.202309141235/tools/bin/../lib/gcc/arm-none-eabi/11.3.1/../../../../arm-none-eabi/lib/thumb/v7e-m+dp/hard/libc.a(libc_a-findfp.o)
 .text.global_stdio_init.part.0
                0x000000000800d51c       0x3c /home/mango/st/stm32cubeide_1.13.2/plugins/com.st.stm32cube.ide.mcu.externaltools.gnu-tools-for-stm32.11.3.rel1.linux64_1.1.100.202309141235/tools/bin/../lib/gcc/arm-none-eabi/11.3.1/../../../../arm-none-eabi/lib/thumb/v7e-m+dp/hard/libc.a(libc_a-findfp.o)
 .text.__sfp_lock_acquire
                0x000000000800d558        0xc /home/mango/st/stm32cubeide_1.13.2/plugins/com.st.stm32cube.ide.mcu.externaltools.gnu-tools-for-stm32.11.3.rel1.linux64_1.1.100.202309141235/tools/bin/../lib/gcc/arm-none-eabi/11.3.1/../../../../arm-none-eabi/lib/thumb/v7e-m+dp/hard/libc.a(libc_a-findfp.o)
                0x000000000800d558                __sfp_lock_acquire
 .text.__sfp_lock_release
                0x000000000800d564        0xc /home/mango/st/stm32cubeide_1.13.2/plugins/com.st.stm32cube.ide.mcu.externaltools.gnu-tools-for-stm32.11.3.rel1.linux64_1.1.100.202309141235/tools/bin/../lib/gcc/arm-none-eabi/11.3.1/../../../../arm-none-eabi/lib/thumb/v7e-m+dp/hard/libc.a(libc_a-findfp.o)
                0x000000000800d564                __sfp_lock_release
 .text.__sinit  0x000000000800d570       0x30 /home/mango/st/stm32cubeide_1.13.2/plugins/com.st.stm32cube.ide.mcu.externaltools.gnu-tools-for-stm32.11.3.rel1.linux64_1.1.100.202309141235/tools/bin/../lib/gcc/arm-none-eabi/11.3.1/../../../../arm-none-eabi/lib/thumb/v7e-m+dp/hard/libc.a(libc_a-findfp.o)
                0x000000000800d570                __sinit
 .text._fwalk_sglue
                0x000000000800d5a0       0x3c /home/mango/st/stm32cubeide_1.13.2/plugins/com.st.stm32cube.ide.mcu.externaltools.gnu-tools-for-stm32.11.3.rel1.linux64_1.1.100.202309141235/tools/bin/../lib/gcc/arm-none-eabi/11.3.1/../../../../arm-none-eabi/lib/thumb/v7e-m+dp/hard/libc.a(libc_a-fwalk.o)
                0x000000000800d5a0                _fwalk_sglue
 .text.printf   0x000000000800d5dc       0x24 /home/mango/st/stm32cubeide_1.13.2/plugins/com.st.stm32cube.ide.mcu.externaltools.gnu-tools-for-stm32.11.3.rel1.linux64_1.1.100.202309141235/tools/bin/../lib/gcc/arm-none-eabi/11.3.1/../../../../arm-none-eabi/lib/thumb/v7e-m+dp/hard/libc.a(libc_a-printf.o)
                0x000000000800d5dc                printf
 .text.putchar  0x000000000800d600       0x10 /home/mango/st/stm32cubeide_1.13.2/plugins/com.st.stm32cube.ide.mcu.externaltools.gnu-tools-for-stm32.11.3.rel1.linux64_1.1.100.202309141235/tools/bin/../lib/gcc/arm-none-eabi/11.3.1/../../../../arm-none-eabi/lib/thumb/v7e-m+dp/hard/libc.a(libc_a-putchar.o)
                0x000000000800d600                putchar
 .text._puts_r  0x000000000800d610       0x8c /home/mango/st/stm32cubeide_1.13.2/plugins/com.st.stm32cube.ide.mcu.externaltools.gnu-tools-for-stm32.11.3.rel1.linux64_1.1.100.202309141235/tools/bin/../lib/gcc/arm-none-eabi/11.3.1/../../../../arm-none-eabi/lib/thumb/v7e-m+dp/hard/libc.a(libc_a-puts.o)
                0x000000000800d610                _puts_r
 .text.puts     0x000000000800d69c       0x10 /home/mango/st/stm32cubeide_1.13.2/plugins/com.st.stm32cube.ide.mcu.externaltools.gnu-tools-for-stm32.11.3.rel1.linux64_1.1.100.202309141235/tools/bin/../lib/gcc/arm-none-eabi/11.3.1/../../../../arm-none-eabi/lib/thumb/v7e-m+dp/hard/libc.a(libc_a-puts.o)
                0x000000000800d69c                puts
 .text.__sread  0x000000000800d6ac       0x22 /home/mango/st/stm32cubeide_1.13.2/plugins/com.st.stm32cube.ide.mcu.externaltools.gnu-tools-for-stm32.11.3.rel1.linux64_1.1.100.202309141235/tools/bin/../lib/gcc/arm-none-eabi/11.3.1/../../../../arm-none-eabi/lib/thumb/v7e-m+dp/hard/libc.a(libc_a-stdio.o)
                0x000000000800d6ac                __sread
 .text.__swrite
                0x000000000800d6ce       0x38 /home/mango/st/stm32cubeide_1.13.2/plugins/com.st.stm32cube.ide.mcu.externaltools.gnu-tools-for-stm32.11.3.rel1.linux64_1.1.100.202309141235/tools/bin/../lib/gcc/arm-none-eabi/11.3.1/../../../../arm-none-eabi/lib/thumb/v7e-m+dp/hard/libc.a(libc_a-stdio.o)
                0x000000000800d6ce                __swrite
 .text.__sseek  0x000000000800d706       0x24 /home/mango/st/stm32cubeide_1.13.2/plugins/com.st.stm32cube.ide.mcu.externaltools.gnu-tools-for-stm32.11.3.rel1.linux64_1.1.100.202309141235/tools/bin/../lib/gcc/arm-none-eabi/11.3.1/../../../../arm-none-eabi/lib/thumb/v7e-m+dp/hard/libc.a(libc_a-stdio.o)
                0x000000000800d706                __sseek
 .text.__sclose
                0x000000000800d72a        0x8 /home/mango/st/stm32cubeide_1.13.2/plugins/com.st.stm32cube.ide.mcu.externaltools.gnu-tools-for-stm32.11.3.rel1.linux64_1.1.100.202309141235/tools/bin/../lib/gcc/arm-none-eabi/11.3.1/../../../../arm-none-eabi/lib/thumb/v7e-m+dp/hard/libc.a(libc_a-stdio.o)
                0x000000000800d72a                __sclose
 *fill*         0x000000000800d732        0x2 
 .text.vprintf  0x000000000800d734       0x14 /home/mango/st/stm32cubeide_1.13.2/plugins/com.st.stm32cube.ide.mcu.externaltools.gnu-tools-for-stm32.11.3.rel1.linux64_1.1.100.202309141235/tools/bin/../lib/gcc/arm-none-eabi/11.3.1/../../../../arm-none-eabi/lib/thumb/v7e-m+dp/hard/libc.a(libc_a-vprintf.o)
                0x000000000800d734                vprintf
 .text.memset   0x000000000800d748       0x10 /home/mango/st/stm32cubeide_1.13.2/plugins/com.st.stm32cube.ide.mcu.externaltools.gnu-tools-for-stm32.11.3.rel1.linux64_1.1.100.202309141235/tools/bin/../lib/gcc/arm-none-eabi/11.3.1/../../../../arm-none-eabi/lib/thumb/v7e-m+dp/hard/libc.a(libc_a-memset.o)
                0x000000000800d748                memset
 .text._close_r
                0x000000000800d758       0x20 /home/mango/st/stm32cubeide_1.13.2/plugins/com.st.stm32cube.ide.mcu.externaltools.gnu-tools-for-stm32.11.3.rel1.linux64_1.1.100.202309141235/tools/bin/../lib/gcc/arm-none-eabi/11.3.1/../../../../arm-none-eabi/lib/thumb/v7e-m+dp/hard/libc.a(libc_a-closer.o)
                0x000000000800d758                _close_r
 .text._lseek_r
                0x000000000800d778       0x24 /home/mango/st/stm32cubeide_1.13.2/plugins/com.st.stm32cube.ide.mcu.externaltools.gnu-tools-for-stm32.11.3.rel1.linux64_1.1.100.202309141235/tools/bin/../lib/gcc/arm-none-eabi/11.3.1/../../../../arm-none-eabi/lib/thumb/v7e-m+dp/hard/libc.a(libc_a-lseekr.o)
                0x000000000800d778                _lseek_r
 .text._read_r  0x000000000800d79c       0x24 /home/mango/st/stm32cubeide_1.13.2/plugins/com.st.stm32cube.ide.mcu.externaltools.gnu-tools-for-stm32.11.3.rel1.linux64_1.1.100.202309141235/tools/bin/../lib/gcc/arm-none-eabi/11.3.1/../../../../arm-none-eabi/lib/thumb/v7e-m+dp/hard/libc.a(libc_a-readr.o)
                0x000000000800d79c                _read_r
 .text._write_r
                0x000000000800d7c0       0x24 /home/mango/st/stm32cubeide_1.13.2/plugins/com.st.stm32cube.ide.mcu.externaltools.gnu-tools-for-stm32.11.3.rel1.linux64_1.1.100.202309141235/tools/bin/../lib/gcc/arm-none-eabi/11.3.1/../../../../arm-none-eabi/lib/thumb/v7e-m+dp/hard/libc.a(libc_a-writer.o)
                0x000000000800d7c0                _write_r
 .text.__errno  0x000000000800d7e4        0xc /home/mango/st/stm32cubeide_1.13.2/plugins/com.st.stm32cube.ide.mcu.externaltools.gnu-tools-for-stm32.11.3.rel1.linux64_1.1.100.202309141235/tools/bin/../lib/gcc/arm-none-eabi/11.3.1/../../../../arm-none-eabi/lib/thumb/v7e-m+dp/hard/libc.a(libc_a-errno.o)
                0x000000000800d7e4                __errno
 .text.__libc_init_array
                0x000000000800d7f0       0x48 /home/mango/st/stm32cubeide_1.13.2/plugins/com.st.stm32cube.ide.mcu.externaltools.gnu-tools-for-stm32.11.3.rel1.linux64_1.1.100.202309141235/tools/bin/../lib/gcc/arm-none-eabi/11.3.1/../../../../arm-none-eabi/lib/thumb/v7e-m+dp/hard/libc.a(libc_a-init.o)
                0x000000000800d7f0                __libc_init_array
 .text.__retarget_lock_init_recursive
                0x000000000800d838        0x2 /home/mango/st/stm32cubeide_1.13.2/plugins/com.st.stm32cube.ide.mcu.externaltools.gnu-tools-for-stm32.11.3.rel1.linux64_1.1.100.202309141235/tools/bin/../lib/gcc/arm-none-eabi/11.3.1/../../../../arm-none-eabi/lib/thumb/v7e-m+dp/hard/libc.a(libc_a-lock.o)
                0x000000000800d838                __retarget_lock_init_recursive
 .text.__retarget_lock_close_recursive
                0x000000000800d83a        0x2 /home/mango/st/stm32cubeide_1.13.2/plugins/com.st.stm32cube.ide.mcu.externaltools.gnu-tools-for-stm32.11.3.rel1.linux64_1.1.100.202309141235/tools/bin/../lib/gcc/arm-none-eabi/11.3.1/../../../../arm-none-eabi/lib/thumb/v7e-m+dp/hard/libc.a(libc_a-lock.o)
                0x000000000800d83a                __retarget_lock_close_recursive
 .text.__retarget_lock_acquire_recursive
                0x000000000800d83c        0x2 /home/mango/st/stm32cubeide_1.13.2/plugins/com.st.stm32cube.ide.mcu.externaltools.gnu-tools-for-stm32.11.3.rel1.linux64_1.1.100.202309141235/tools/bin/../lib/gcc/arm-none-eabi/11.3.1/../../../../arm-none-eabi/lib/thumb/v7e-m+dp/hard/libc.a(libc_a-lock.o)
                0x000000000800d83c                __retarget_lock_acquire_recursive
 .text.__retarget_lock_release_recursive
                0x000000000800d83e        0x2 /home/mango/st/stm32cubeide_1.13.2/plugins/com.st.stm32cube.ide.mcu.externaltools.gnu-tools-for-stm32.11.3.rel1.linux64_1.1.100.202309141235/tools/bin/../lib/gcc/arm-none-eabi/11.3.1/../../../../arm-none-eabi/lib/thumb/v7e-m+dp/hard/libc.a(libc_a-lock.o)
                0x000000000800d83e                __retarget_lock_release_recursive
 .text.startup.register_fini
                0x000000000800d840       0x14 /home/mango/st/stm32cubeide_1.13.2/plugins/com.st.stm32cube.ide.mcu.externaltools.gnu-tools-for-stm32.11.3.rel1.linux64_1.1.100.202309141235/tools/bin/../lib/gcc/arm-none-eabi/11.3.1/../../../../arm-none-eabi/lib/thumb/v7e-m+dp/hard/libc.a(libc_a-__call_atexit.o)
 .text.atexit   0x000000000800d854        0xc /home/mango/st/stm32cubeide_1.13.2/plugins/com.st.stm32cube.ide.mcu.externaltools.gnu-tools-for-stm32.11.3.rel1.linux64_1.1.100.202309141235/tools/bin/../lib/gcc/arm-none-eabi/11.3.1/../../../../arm-none-eabi/lib/thumb/v7e-m+dp/hard/libc.a(libc_a-atexit.o)
                0x000000000800d854                atexit
 .text._malloc_trim_r
                0x000000000800d860       0xa8 /home/mango/st/stm32cubeide_1.13.2/plugins/com.st.stm32cube.ide.mcu.externaltools.gnu-tools-for-stm32.11.3.rel1.linux64_1.1.100.202309141235/tools/bin/../lib/gcc/arm-none-eabi/11.3.1/../../../../arm-none-eabi/lib/thumb/v7e-m+dp/hard/libc.a(libc_a-freer.o)
                0x000000000800d860                _malloc_trim_r
 .text._free_r  0x000000000800d908      0x180 /home/mango/st/stm32cubeide_1.13.2/plugins/com.st.stm32cube.ide.mcu.externaltools.gnu-tools-for-stm32.11.3.rel1.linux64_1.1.100.202309141235/tools/bin/../lib/gcc/arm-none-eabi/11.3.1/../../../../arm-none-eabi/lib/thumb/v7e-m+dp/hard/libc.a(libc_a-freer.o)
                0x000000000800d908                _free_r
 .text._malloc_r
                0x000000000800da88      0x474 /home/mango/st/stm32cubeide_1.13.2/plugins/com.st.stm32cube.ide.mcu.externaltools.gnu-tools-for-stm32.11.3.rel1.linux64_1.1.100.202309141235/tools/bin/../lib/gcc/arm-none-eabi/11.3.1/../../../../arm-none-eabi/lib/thumb/v7e-m+dp/hard/libc.a(libc_a-mallocr.o)
                0x000000000800da88                _malloc_r
 .text.__malloc_lock
                0x000000000800defc        0xc /home/mango/st/stm32cubeide_1.13.2/plugins/com.st.stm32cube.ide.mcu.externaltools.gnu-tools-for-stm32.11.3.rel1.linux64_1.1.100.202309141235/tools/bin/../lib/gcc/arm-none-eabi/11.3.1/../../../../arm-none-eabi/lib/thumb/v7e-m+dp/hard/libc.a(libc_a-mlock.o)
                0x000000000800defc                __malloc_lock
 .text.__malloc_unlock
                0x000000000800df08        0xc /home/mango/st/stm32cubeide_1.13.2/plugins/com.st.stm32cube.ide.mcu.externaltools.gnu-tools-for-stm32.11.3.rel1.linux64_1.1.100.202309141235/tools/bin/../lib/gcc/arm-none-eabi/11.3.1/../../../../arm-none-eabi/lib/thumb/v7e-m+dp/hard/libc.a(libc_a-mlock.o)
                0x000000000800df08                __malloc_unlock
 *fill*         0x000000000800df14        0x4 
 .text._vfprintf_r
                0x000000000800df18     0x13b0 /home/mango/st/stm32cubeide_1.13.2/plugins/com.st.stm32cube.ide.mcu.externaltools.gnu-tools-for-stm32.11.3.rel1.linux64_1.1.100.202309141235/tools/bin/../lib/gcc/arm-none-eabi/11.3.1/../../../../arm-none-eabi/lib/thumb/v7e-m+dp/hard/libc.a(libc_a-vfprintf.o)
                0x000000000800df18                _vfprintf_r
 .text.__sbprintf
                0x000000000800f2c8       0x80 /home/mango/st/stm32cubeide_1.13.2/plugins/com.st.stm32cube.ide.mcu.externaltools.gnu-tools-for-stm32.11.3.rel1.linux64_1.1.100.202309141235/tools/bin/../lib/gcc/arm-none-eabi/11.3.1/../../../../arm-none-eabi/lib/thumb/v7e-m+dp/hard/libc.a(libc_a-vfprintf.o)
 .text.__sprint_r
                0x000000000800f348       0x64 /home/mango/st/stm32cubeide_1.13.2/plugins/com.st.stm32cube.ide.mcu.externaltools.gnu-tools-for-stm32.11.3.rel1.linux64_1.1.100.202309141235/tools/bin/../lib/gcc/arm-none-eabi/11.3.1/../../../../arm-none-eabi/lib/thumb/v7e-m+dp/hard/libc.a(libc_a-vfiprintf.o)
                0x000000000800f348                __sprint_r
 .text._vfiprintf_r
                0x000000000800f3ac      0x924 /home/mango/st/stm32cubeide_1.13.2/plugins/com.st.stm32cube.ide.mcu.externaltools.gnu-tools-for-stm32.11.3.rel1.linux64_1.1.100.202309141235/tools/bin/../lib/gcc/arm-none-eabi/11.3.1/../../../../arm-none-eabi/lib/thumb/v7e-m+dp/hard/libc.a(libc_a-vfiprintf.o)
                0x000000000800f3ac                _vfiprintf_r
 .text.__sbprintf
                0x000000000800fcd0       0x80 /home/mango/st/stm32cubeide_1.13.2/plugins/com.st.stm32cube.ide.mcu.externaltools.gnu-tools-for-stm32.11.3.rel1.linux64_1.1.100.202309141235/tools/bin/../lib/gcc/arm-none-eabi/11.3.1/../../../../arm-none-eabi/lib/thumb/v7e-m+dp/hard/libc.a(libc_a-vfiprintf.o)
 .text._fclose_r
                0x000000000800fd50       0xae /home/mango/st/stm32cubeide_1.13.2/plugins/com.st.stm32cube.ide.mcu.externaltools.gnu-tools-for-stm32.11.3.rel1.linux64_1.1.100.202309141235/tools/bin/../lib/gcc/arm-none-eabi/11.3.1/../../../../arm-none-eabi/lib/thumb/v7e-m+dp/hard/libc.a(libc_a-fclose.o)
                0x000000000800fd50                _fclose_r
 *fill*         0x000000000800fdfe        0x2 
 .text.__sflush_r
                0x000000000800fe00      0x11c /home/mango/st/stm32cubeide_1.13.2/plugins/com.st.stm32cube.ide.mcu.externaltools.gnu-tools-for-stm32.11.3.rel1.linux64_1.1.100.202309141235/tools/bin/../lib/gcc/arm-none-eabi/11.3.1/../../../../arm-none-eabi/lib/thumb/v7e-m+dp/hard/libc.a(libc_a-fflush.o)
                0x000000000800fe00                __sflush_r
 .text._fflush_r
                0x000000000800ff1c       0x4a /home/mango/st/stm32cubeide_1.13.2/plugins/com.st.stm32cube.ide.mcu.externaltools.gnu-tools-for-stm32.11.3.rel1.linux64_1.1.100.202309141235/tools/bin/../lib/gcc/arm-none-eabi/11.3.1/../../../../arm-none-eabi/lib/thumb/v7e-m+dp/hard/libc.a(libc_a-fflush.o)
                0x000000000800ff1c                _fflush_r
 *fill*         0x000000000800ff66        0x2 
 .text.__sfvwrite_r
                0x000000000800ff68      0x294 /home/mango/st/stm32cubeide_1.13.2/plugins/com.st.stm32cube.ide.mcu.externaltools.gnu-tools-for-stm32.11.3.rel1.linux64_1.1.100.202309141235/tools/bin/../lib/gcc/arm-none-eabi/11.3.1/../../../../arm-none-eabi/lib/thumb/v7e-m+dp/hard/libc.a(libc_a-fvwrite.o)
                0x000000000800ff68                __sfvwrite_r
 .text._putc_r  0x00000000080101fc       0x68 /home/mango/st/stm32cubeide_1.13.2/plugins/com.st.stm32cube.ide.mcu.externaltools.gnu-tools-for-stm32.11.3.rel1.linux64_1.1.100.202309141235/tools/bin/../lib/gcc/arm-none-eabi/11.3.1/../../../../arm-none-eabi/lib/thumb/v7e-m+dp/hard/libc.a(libc_a-putc.o)
                0x00000000080101fc                _putc_r
 .text.__swbuf_r
                0x0000000008010264       0x92 /home/mango/st/stm32cubeide_1.13.2/plugins/com.st.stm32cube.ide.mcu.externaltools.gnu-tools-for-stm32.11.3.rel1.linux64_1.1.100.202309141235/tools/bin/../lib/gcc/arm-none-eabi/11.3.1/../../../../arm-none-eabi/lib/thumb/v7e-m+dp/hard/libc.a(libc_a-wbuf.o)
                0x0000000008010264                __swbuf_r
 *fill*         0x00000000080102f6        0x2 
 .text.__swsetup_r
                0x00000000080102f8       0xb0 /home/mango/st/stm32cubeide_1.13.2/plugins/com.st.stm32cube.ide.mcu.externaltools.gnu-tools-for-stm32.11.3.rel1.linux64_1.1.100.202309141235/tools/bin/../lib/gcc/arm-none-eabi/11.3.1/../../../../arm-none-eabi/lib/thumb/v7e-m+dp/hard/libc.a(libc_a-wsetup.o)
                0x00000000080102f8                __swsetup_r
 .text.__fputwc
                0x00000000080103a8       0x82 /home/mango/st/stm32cubeide_1.13.2/plugins/com.st.stm32cube.ide.mcu.externaltools.gnu-tools-for-stm32.11.3.rel1.linux64_1.1.100.202309141235/tools/bin/../lib/gcc/arm-none-eabi/11.3.1/../../../../arm-none-eabi/lib/thumb/v7e-m+dp/hard/libc.a(libc_a-fputwc.o)
                0x00000000080103a8                __fputwc
 .text._fputwc_r
                0x000000000801042a       0x54 /home/mango/st/stm32cubeide_1.13.2/plugins/com.st.stm32cube.ide.mcu.externaltools.gnu-tools-for-stm32.11.3.rel1.linux64_1.1.100.202309141235/tools/bin/../lib/gcc/arm-none-eabi/11.3.1/../../../../arm-none-eabi/lib/thumb/v7e-m+dp/hard/libc.a(libc_a-fputwc.o)
                0x000000000801042a                _fputwc_r
 .text.memmove  0x000000000801047e       0x34 /home/mango/st/stm32cubeide_1.13.2/plugins/com.st.stm32cube.ide.mcu.externaltools.gnu-tools-for-stm32.11.3.rel1.linux64_1.1.100.202309141235/tools/bin/../lib/gcc/arm-none-eabi/11.3.1/../../../../arm-none-eabi/lib/thumb/v7e-m+dp/hard/libc.a(libc_a-memmove.o)
                0x000000000801047e                memmove
 .text.strncpy  0x00000000080104b2       0x26 /home/mango/st/stm32cubeide_1.13.2/plugins/com.st.stm32cube.ide.mcu.externaltools.gnu-tools-for-stm32.11.3.rel1.linux64_1.1.100.202309141235/tools/bin/../lib/gcc/arm-none-eabi/11.3.1/../../../../arm-none-eabi/lib/thumb/v7e-m+dp/hard/libc.a(libc_a-strncpy.o)
                0x00000000080104b2                strncpy
 .text.__locale_mb_cur_max
                0x00000000080104d8        0xc /home/mango/st/stm32cubeide_1.13.2/plugins/com.st.stm32cube.ide.mcu.externaltools.gnu-tools-for-stm32.11.3.rel1.linux64_1.1.100.202309141235/tools/bin/../lib/gcc/arm-none-eabi/11.3.1/../../../../arm-none-eabi/lib/thumb/v7e-m+dp/hard/libc.a(libc_a-locale.o)
                0x00000000080104d8                __locale_mb_cur_max
 .text._localeconv_r
                0x00000000080104e4        0x8 /home/mango/st/stm32cubeide_1.13.2/plugins/com.st.stm32cube.ide.mcu.externaltools.gnu-tools-for-stm32.11.3.rel1.linux64_1.1.100.202309141235/tools/bin/../lib/gcc/arm-none-eabi/11.3.1/../../../../arm-none-eabi/lib/thumb/v7e-m+dp/hard/libc.a(libc_a-localeconv.o)
                0x00000000080104e4                _localeconv_r
 .text._sbrk_r  0x00000000080104ec       0x20 /home/mango/st/stm32cubeide_1.13.2/plugins/com.st.stm32cube.ide.mcu.externaltools.gnu-tools-for-stm32.11.3.rel1.linux64_1.1.100.202309141235/tools/bin/../lib/gcc/arm-none-eabi/11.3.1/../../../../arm-none-eabi/lib/thumb/v7e-m+dp/hard/libc.a(libc_a-sbrkr.o)
                0x00000000080104ec                _sbrk_r
 .text.__libc_fini_array
                0x000000000801050c       0x28 /home/mango/st/stm32cubeide_1.13.2/plugins/com.st.stm32cube.ide.mcu.externaltools.gnu-tools-for-stm32.11.3.rel1.linux64_1.1.100.202309141235/tools/bin/../lib/gcc/arm-none-eabi/11.3.1/../../../../arm-none-eabi/lib/thumb/v7e-m+dp/hard/libc.a(libc_a-fini.o)
                0x000000000801050c                __libc_fini_array
 .text.sysconf  0x0000000008010534       0x18 /home/mango/st/stm32cubeide_1.13.2/plugins/com.st.stm32cube.ide.mcu.externaltools.gnu-tools-for-stm32.11.3.rel1.linux64_1.1.100.202309141235/tools/bin/../lib/gcc/arm-none-eabi/11.3.1/../../../../arm-none-eabi/lib/thumb/v7e-m+dp/hard/libc.a(libc_a-sysconf.o)
                0x0000000008010534                sysconf
 .text.memcpy   0x000000000801054c       0x1c /home/mango/st/stm32cubeide_1.13.2/plugins/com.st.stm32cube.ide.mcu.externaltools.gnu-tools-for-stm32.11.3.rel1.linux64_1.1.100.202309141235/tools/bin/../lib/gcc/arm-none-eabi/11.3.1/../../../../arm-none-eabi/lib/thumb/v7e-m+dp/hard/libc.a(libc_a-memcpy-stub.o)
                0x000000000801054c                memcpy
 .text.frexp    0x0000000008010568       0x70 /home/mango/st/stm32cubeide_1.13.2/plugins/com.st.stm32cube.ide.mcu.externaltools.gnu-tools-for-stm32.11.3.rel1.linux64_1.1.100.202309141235/tools/bin/../lib/gcc/arm-none-eabi/11.3.1/../../../../arm-none-eabi/lib/thumb/v7e-m+dp/hard/libc.a(libm_a-s_frexp.o)
                0x0000000008010568                frexp
 .text.__register_exitproc
                0x00000000080105d8       0x80 /home/mango/st/stm32cubeide_1.13.2/plugins/com.st.stm32cube.ide.mcu.externaltools.gnu-tools-for-stm32.11.3.rel1.linux64_1.1.100.202309141235/tools/bin/../lib/gcc/arm-none-eabi/11.3.1/../../../../arm-none-eabi/lib/thumb/v7e-m+dp/hard/libc.a(libc_a-__atexit.o)
                0x00000000080105d8                __register_exitproc
 .text.quorem   0x0000000008010658      0x110 /home/mango/st/stm32cubeide_1.13.2/plugins/com.st.stm32cube.ide.mcu.externaltools.gnu-tools-for-stm32.11.3.rel1.linux64_1.1.100.202309141235/tools/bin/../lib/gcc/arm-none-eabi/11.3.1/../../../../arm-none-eabi/lib/thumb/v7e-m+dp/hard/libc.a(libc_a-dtoa.o)
 .text._dtoa_r  0x0000000008010768      0xab0 /home/mango/st/stm32cubeide_1.13.2/plugins/com.st.stm32cube.ide.mcu.externaltools.gnu-tools-for-stm32.11.3.rel1.linux64_1.1.100.202309141235/tools/bin/../lib/gcc/arm-none-eabi/11.3.1/../../../../arm-none-eabi/lib/thumb/v7e-m+dp/hard/libc.a(libc_a-dtoa.o)
                0x0000000008010768                _dtoa_r
 .text.__ascii_mbtowc
                0x0000000008011218       0x24 /home/mango/st/stm32cubeide_1.13.2/plugins/com.st.stm32cube.ide.mcu.externaltools.gnu-tools-for-stm32.11.3.rel1.linux64_1.1.100.202309141235/tools/bin/../lib/gcc/arm-none-eabi/11.3.1/../../../../arm-none-eabi/lib/thumb/v7e-m+dp/hard/libc.a(libc_a-mbtowc_r.o)
                0x0000000008011218                __ascii_mbtowc
 .text._Balloc  0x000000000801123c       0x4a /home/mango/st/stm32cubeide_1.13.2/plugins/com.st.stm32cube.ide.mcu.externaltools.gnu-tools-for-stm32.11.3.rel1.linux64_1.1.100.202309141235/tools/bin/../lib/gcc/arm-none-eabi/11.3.1/../../../../arm-none-eabi/lib/thumb/v7e-m+dp/hard/libc.a(libc_a-mprec.o)
                0x000000000801123c                _Balloc
 .text._Bfree   0x0000000008011286       0x12 /home/mango/st/stm32cubeide_1.13.2/plugins/com.st.stm32cube.ide.mcu.externaltools.gnu-tools-for-stm32.11.3.rel1.linux64_1.1.100.202309141235/tools/bin/../lib/gcc/arm-none-eabi/11.3.1/../../../../arm-none-eabi/lib/thumb/v7e-m+dp/hard/libc.a(libc_a-mprec.o)
                0x0000000008011286                _Bfree
 .text.__multadd
                0x0000000008011298       0x8c /home/mango/st/stm32cubeide_1.13.2/plugins/com.st.stm32cube.ide.mcu.externaltools.gnu-tools-for-stm32.11.3.rel1.linux64_1.1.100.202309141235/tools/bin/../lib/gcc/arm-none-eabi/11.3.1/../../../../arm-none-eabi/lib/thumb/v7e-m+dp/hard/libc.a(libc_a-mprec.o)
                0x0000000008011298                __multadd
 .text.__hi0bits
                0x0000000008011324       0x40 /home/mango/st/stm32cubeide_1.13.2/plugins/com.st.stm32cube.ide.mcu.externaltools.gnu-tools-for-stm32.11.3.rel1.linux64_1.1.100.202309141235/tools/bin/../lib/gcc/arm-none-eabi/11.3.1/../../../../arm-none-eabi/lib/thumb/v7e-m+dp/hard/libc.a(libc_a-mprec.o)
                0x0000000008011324                __hi0bits
 .text.__lo0bits
                0x0000000008011364       0x5a /home/mango/st/stm32cubeide_1.13.2/plugins/com.st.stm32cube.ide.mcu.externaltools.gnu-tools-for-stm32.11.3.rel1.linux64_1.1.100.202309141235/tools/bin/../lib/gcc/arm-none-eabi/11.3.1/../../../../arm-none-eabi/lib/thumb/v7e-m+dp/hard/libc.a(libc_a-mprec.o)
                0x0000000008011364                __lo0bits
 *fill*         0x00000000080113be        0x2 