Archive member included to satisfy reference by file (symbol)

/home/mango/st/stm32cubeide_1.13.2/plugins/com.st.stm32cube.ide.mcu.externaltools.gnu-tools-for-stm32.11.3.rel1.linux64_1.1.100.202309141235/tools/bin/../lib/gcc/arm-none-eabi/11.3.1/../../../../arm-none-eabi/lib/thumb/v7e-m+dp/hard/libc_nano.a(libc_a-exit.o)
                              /home/mango/st/stm32cubeide_1.13.2/plugins/com.st.stm32cube.ide.mcu.externaltools.gnu-tools-for-stm32.11.3.rel1.linux64_1.1.100.202309141235/tools/bin/../lib/gcc/arm-none-eabi/11.3.1/../../../../arm-none-eabi/lib/thumb/v7e-m+dp/hard/crt0.o (exit)
/home/mango/st/stm32cubeide_1.13.2/plugins/com.st.stm32cube.ide.mcu.externaltools.gnu-tools-for-stm32.11.3.rel1.linux64_1.1.100.202309141235/tools/bin/../lib/gcc/arm-none-eabi/11.3.1/../../../../arm-none-eabi/lib/thumb/v7e-m+dp/hard/libc_nano.a(libc_a-findfp.o)
                              /home/mango/st/stm32cubeide_1.13.2/plugins/com.st.stm32cube.ide.mcu.externaltools.gnu-tools-for-stm32.11.3.rel1.linux64_1.1.100.202309141235/tools/bin/../lib/gcc/arm-none-eabi/11.3.1/../../../../arm-none-eabi/lib/thumb/v7e-m+dp/hard/libc_nano.a(libc_a-exit.o) (__stdio_exit_handler)
/home/mango/st/stm32cubeide_1.13.2/plugins/com.st.stm32cube.ide.mcu.externaltools.gnu-tools-for-stm32.11.3.rel1.linux64_1.1.100.202309141235/tools/bin/../lib/gcc/arm-none-eabi/11.3.1/../../../../arm-none-eabi/lib/thumb/v7e-m+dp/hard/libc_nano.a(libc_a-fwalk.o)
                              /home/mango/st/stm32cubeide_1.13.2/plugins/com.st.stm32cube.ide.mcu.externaltools.gnu-tools-for-stm32.11.3.rel1.linux64_1.1.100.202309141235/tools/bin/../lib/gcc/arm-none-eabi/11.3.1/../../../../arm-none-eabi/lib/thumb/v7e-m+dp/hard/libc_nano.a(libc_a-findfp.o) (_fwalk_sglue)
/home/mango/st/stm32cubeide_1.13.2/plugins/com.st.stm32cube.ide.mcu.externaltools.gnu-tools-for-stm32.11.3.rel1.linux64_1.1.100.202309141235/tools/bin/../lib/gcc/arm-none-eabi/11.3.1/../../../../arm-none-eabi/lib/thumb/v7e-m+dp/hard/libc_nano.a(libc_a-printf.o)
                              ./Core/Src/logger.o (printf)
/home/mango/st/stm32cubeide_1.13.2/plugins/com.st.stm32cube.ide.mcu.externaltools.gnu-tools-for-stm32.11.3.rel1.linux64_1.1.100.202309141235/tools/bin/../lib/gcc/arm-none-eabi/11.3.1/../../../../arm-none-eabi/lib/thumb/v7e-m+dp/hard/libc_nano.a(libc_a-putchar.o)
                              ./Middlewares/ST/STM32_USB_Device_Library/Core/Src/usbd_core.o (putchar)
/home/mango/st/stm32cubeide_1.13.2/plugins/com.st.stm32cube.ide.mcu.externaltools.gnu-tools-for-stm32.11.3.rel1.linux64_1.1.100.202309141235/tools/bin/../lib/gcc/arm-none-eabi/11.3.1/../../../../arm-none-eabi/lib/thumb/v7e-m+dp/hard/libc_nano.a(libc_a-puts.o)
                              ./Core/Src/logger.o (puts)
/home/mango/st/stm32cubeide_1.13.2/plugins/com.st.stm32cube.ide.mcu.externaltools.gnu-tools-for-stm32.11.3.rel1.linux64_1.1.100.202309141235/tools/bin/../lib/gcc/arm-none-eabi/11.3.1/../../../../arm-none-eabi/lib/thumb/v7e-m+dp/hard/libc_nano.a(libc_a-stdio.o)
                              /home/mango/st/stm32cubeide_1.13.2/plugins/com.st.stm32cube.ide.mcu.externaltools.gnu-tools-for-stm32.11.3.rel1.linux64_1.1.100.202309141235/tools/bin/../lib/gcc/arm-none-eabi/11.3.1/../../../../arm-none-eabi/lib/thumb/v7e-m+dp/hard/libc_nano.a(libc_a-findfp.o) (__sread)
/home/mango/st/stm32cubeide_1.13.2/plugins/com.st.stm32cube.ide.mcu.externaltools.gnu-tools-for-stm32.11.3.rel1.linux64_1.1.100.202309141235/tools/bin/../lib/gcc/arm-none-eabi/11.3.1/../../../../arm-none-eabi/lib/thumb/v7e-m+dp/hard/libc_nano.a(libc_a-vprintf.o)
                              ./Core/Src/logger.o (vprintf)
/home/mango/st/stm32cubeide_1.13.2/plugins/com.st.stm32cube.ide.mcu.externaltools.gnu-tools-for-stm32.11.3.rel1.linux64_1.1.100.202309141235/tools/bin/../lib/gcc/arm-none-eabi/11.3.1/../../../../arm-none-eabi/lib/thumb/v7e-m+dp/hard/libc_nano.a(libc_a-wbuf.o)
                              /home/mango/st/stm32cubeide_1.13.2/plugins/com.st.stm32cube.ide.mcu.externaltools.gnu-tools-for-stm32.11.3.rel1.linux64_1.1.100.202309141235/tools/bin/../lib/gcc/arm-none-eabi/11.3.1/../../../../arm-none-eabi/lib/thumb/v7e-m+dp/hard/libc_nano.a(libc_a-puts.o) (__swbuf_r)
/home/mango/st/stm32cubeide_1.13.2/plugins/com.st.stm32cube.ide.mcu.externaltools.gnu-tools-for-stm32.11.3.rel1.linux64_1.1.100.202309141235/tools/bin/../lib/gcc/arm-none-eabi/11.3.1/../../../../arm-none-eabi/lib/thumb/v7e-m+dp/hard/libc_nano.a(libc_a-wsetup.o)
                              /home/mango/st/stm32cubeide_1.13.2/plugins/com.st.stm32cube.ide.mcu.externaltools.gnu-tools-for-stm32.11.3.rel1.linux64_1.1.100.202309141235/tools/bin/../lib/gcc/arm-none-eabi/11.3.1/../../../../arm-none-eabi/lib/thumb/v7e-m+dp/hard/libc_nano.a(libc_a-puts.o) (__swsetup_r)
[...]
Memory Configuration

Name             Origin             Length             Attributes
FLASH            0x0000000008000000 0x0000000000200000 xr
DTCMRAM          0x0000000020000000 0x0000000000020000 xrw
RAM_D1           0x0000000024000000 0x0000000000080000 xrw
RAM_D2           0x0000000030000000 0x0000000000048000 xrw
RAM_D3           0x0000000038000000 0x0000000000010000 xrw
ITCMRAM          0x0000000000000000 0x0000000000010000 xrw
*default*        0x0000000000000000 0xffffffffffffffff

Linker script and memory map

LOAD /home/mango/st/stm32cubeide_1.13.2/plugins/com.st.stm32cube.ide.mcu.externaltools.gnu-tools-for-stm32.11.3.rel1.linux64_1.1.100.202309141235/tools/bin/../lib/gcc/arm-none-eabi/11.3.1/thumb/v7e-m+dp/hard/crti.o
LOAD /home/mango/st/stm32cubeide_1.13.2/plugins/com.st.stm32cube.ide.mcu.externaltools.gnu-tools-for-stm32.11.3.rel1.linux64_1.1.100.202309141235/tools/bin/../lib/gcc/arm-none-eabi/11.3.1/thumb/v7e-m+dp/hard/crtbegin.o
LOAD /home/mango/st/stm32cubeide_1.13.2/plugins/com.st.stm32cube.ide.mcu.externaltools.gnu-tools-for-stm32.11.3.rel1.linux64_1.1.100.202309141235/tools/bin/../lib/gcc/arm-none-eabi/11.3.1/../../../../arm-none-eabi/lib/thumb/v7e-m+dp/hard/crt0.o
LOAD ./Core/Src/dshot600.o
LOAD ./Core/Src/logger.o
LOAD ./Core/Src/main.o
LOAD ./Core/Src/stm32h7xx_hal_msp.o
LOAD ./Core/Src/stm32h7xx_it.o
LOAD ./Core/Src/syscalls.o
LOAD ./Core/Src/sysmem.o
LOAD ./Core/Src/system_stm32h7xx.o
LOAD ./Core/Startup/startup_stm32h743zitx.o
LOAD ./Drivers/STM32H7xx_HAL_Driver/Src/stm32h7xx_hal.o
LOAD ./Drivers/STM32H7xx_HAL_Driver/Src/stm32h7xx_hal_cortex.o
LOAD ./Drivers/STM32H7xx_HAL_Driver/Src/stm32h7xx_hal_dma.o
LOAD ./Drivers/STM32H7xx_HAL_Driver/Src/stm32h7xx_hal_dma_ex.o
LOAD ./Drivers/STM32H7xx_HAL_Driver/Src/stm32h7xx_hal_exti.o
LOAD ./Drivers/STM32H7xx_HAL_Driver/Src/stm32h7xx_hal_flash.o
LOAD ./Drivers/STM32H7xx_HAL_Driver/Src/stm32h7xx_hal_flash_ex.o
LOAD ./Drivers/STM32H7xx_HAL_Driver/Src/stm32h7xx_hal_gpio.o
LOAD ./Drivers/STM32H7xx_HAL_Driver/Src/stm32h7xx_hal_hsem.o
LOAD ./Drivers/STM32H7xx_HAL_Driver/Src/stm32h7xx_hal_i2c.o
LOAD ./Drivers/STM32H7xx_HAL_Driver/Src/stm32h7xx_hal_i2c_ex.o
LOAD ./Drivers/STM32H7xx_HAL_Driver/Src/stm32h7xx_hal_mdma.o
LOAD ./Drivers/STM32H7xx_HAL_Driver/Src/stm32h7xx_hal_pcd.o
LOAD ./Drivers/STM32H7xx_HAL_Driver/Src/stm32h7xx_hal_pcd_ex.o
LOAD ./Drivers/STM32H7xx_HAL_Driver/Src/stm32h7xx_hal_pwr.o
LOAD ./Drivers/STM32H7xx_HAL_Driver/Src/stm32h7xx_hal_pwr_ex.o
LOAD ./Drivers/STM32H7xx_HAL_Driver/Src/stm32h7xx_hal_rcc.o
LOAD ./Drivers/STM32H7xx_HAL_Driver/Src/stm32h7xx_hal_rcc_ex.o
LOAD ./Drivers/STM32H7xx_HAL_Driver/Src/stm32h7xx_hal_tim.o
LOAD ./Drivers/STM32H7xx_HAL_Driver/Src/stm32h7xx_hal_tim_ex.o
LOAD ./Drivers/STM32H7xx_HAL_Driver/Src/stm32h7xx_ll_usb.o
LOAD ./Middlewares/ST/STM32_USB_Device_Library/Class/CDC/Src/usbd_cdc.o
LOAD ./Middlewares/ST/STM32_USB_Device_Library/Core/Src/usbd_core.o
LOAD ./Middlewares/ST/STM32_USB_Device_Library/Core/Src/usbd_ctlreq.o
LOAD ./Middlewares/ST/STM32_USB_Device_Library/Core/Src/usbd_ioreq.o
LOAD ./USB_DEVICE/App/usb_device.o
LOAD ./USB_DEVICE/App/usbd_cdc_if.o
LOAD ./USB_DEVICE/App/usbd_desc.o
LOAD ./USB_DEVICE/Target/usbd_conf.o
START GROUP
LOAD /home/mango/st/stm32cubeide_1.13.2/plugins/com.st.stm32cube.ide.mcu.externaltools.gnu-tools-for-stm32.11.3.rel1.linux64_1.1.100.202309141235/tools/bin/../lib/gcc/arm-none-eabi/11.3.1/../../../../arm-none-eabi/lib/thumb/v7e-m+dp/hard/libc_nano.a
LOAD /home/mango/st/stm32cubeide_1.13.2/plugins/com.st.stm32cube.ide.mcu.externaltools.gnu-tools-for-stm32.11.3.rel1.linux64_1.1.100.202309141235/tools/bin/../lib/gcc/arm-none-eabi/11.3.1/../../../../arm-none-eabi/lib/thumb/v7e-m+dp/hard/libm.a
END GROUP
START GROUP
LOAD /home/mango/st/stm32cubeide_1.13.2/plugins/com.st.stm32cube.ide.mcu.externaltools.gnu-tools-for-stm32.11.3.rel1.linux64_1.1.100.202309141235/tools/bin/../lib/gcc/arm-none-eabi/11.3.1/thumb/v7e-m+dp/hard/libgcc.a
LOAD /home/mango/st/stm32cubeide_1.13.2/plugins/com.st.stm32cube.ide.mcu.externaltools.gnu-tools-for-stm32.11.3.rel1.linux64_1.1.100.202309141235/tools/bin/../lib/gcc/arm-none-eabi/11.3.1/../../../../arm-none-eabi/lib/thumb/v7e-m+dp/hard/libc_nano.a
END GROUP
START GROUP
LOAD /home/mango/st/stm32cubeide_1.13.2/plugins/com.st.stm32cube.ide.mcu.externaltools.gnu-tools-for-stm32.11.3.rel1.linux64_1.1.100.202309141235/tools/bin/../lib/gcc/arm-none-eabi/11.3.1/thumb/v7e-m+dp/hard/libgcc.a
LOAD /home/mango/st/stm32cubeide_1.13.2/plugins/com.st.stm32cube.ide.mcu.externaltools.gnu-tools-for-stm32.11.3.rel1.linux64_1.1.100.202309141235/tools/bin/../lib/gcc/arm-none-eabi/11.3.1/../../../../arm-none-eabi/lib/thumb/v7e-m+dp/hard/libc_nano.a
LOAD /home/mango/st/stm32cubeide_1.13.2/plugins/com.st.stm32cube.ide.mcu.externaltools.gnu-tools-for-stm32.11.3.rel1.linux64_1.1.100.202309141235/tools/bin/../lib/gcc/arm-none-eabi/11.3.1/../../../../arm-none-eabi/lib/thumb/v7e-m+dp/hard/libnosys.a
END GROUP
START GROUP
LOAD /home/mango/st/stm32cubeide_1.13.2/plugins/com.st.stm32cube.ide.mcu.externaltools.gnu-tools-for-stm32.11.3.rel1.linux64_1.1.100.202309141235/tools/bin/../lib/gcc/arm-none-eabi/11.3.1/thumb/v7e-m+dp/hard/libgcc.a
LOAD /home/mango/st/stm32cubeide_1.13.2/plugins/com.st.stm32cube.ide.mcu.externaltools.gnu-tools-for-stm32.11.3.rel1.linux64_1.1.100.202309141235/tools/bin/../lib/gcc/arm-none-eabi/11.3.1/../../../../arm-none-eabi/lib/thumb/v7e-m+dp/hard/libc_nano.a
LOAD /home/mango/st/stm32cubeide_1.13.2/plugins/com.st.stm32cube.ide.mcu.externaltools.gnu-tools-for-stm32.11.3.rel1.linux64_1.1.100.202309141235/tools/bin/../lib/gcc/arm-none-eabi/11.3.1/../../../../arm-none-eabi/lib/thumb/v7e-m+dp/hard/libnosys.a
END GROUP
LOAD /home/mango/st/stm32cubeide_1.13.2/plugins/com.st.stm32cube.ide.mcu.externaltools.gnu-tools-for-stm32.11.3.rel1.linux64_1.1.100.202309141235/tools/bin/../lib/gcc/arm-none-eabi/11.3.1/thumb/v7e-m+dp/hard/crtend.o
LOAD /home/mango/st/stm32cubeide_1.13.2/plugins/com.st.stm32cube.ide.mcu.externaltools.gnu-tools-for-stm32.11.3.rel1.linux64_1.1.100.202309141235/tools/bin/../lib/gcc/arm-none-eabi/11.3.1/thumb/v7e-m+dp/hard/crtn.o
                0x0000000024080000                _estack = (ORIGIN (RAM_D1) + LENGTH (RAM_D1))
                0x0000000000000400                _Min_Heap_Size = 0x400
                0x0000000000000400                _Min_Stack_Size = 0x400

.isr_vector     0x0000000008000000      0x298
                0x0000000008000000                . = ALIGN (0x4)
 *(.isr_vector)
 .isr_vector    0x0000000008000000      0x298 ./Core/Startup/startup_stm32h743zitx.o
                0x0000000008000000                g_pfnVectors
                0x0000000008000298                . = ALIGN (0x4)

.text           0x00000000080002a0     0xaf4c
                0x00000000080002a0                . = ALIGN (0x4)
 *(.text)
 .text          0x00000000080002a0       0x40 /home/mango/st/stm32cubeide_1.13.2/plugins/com.st.stm32cube.ide.mcu.externaltools.gnu-tools-for-stm32.11.3.rel1.linux64_1.1.100.202309141235/tools/bin/../lib/gcc/arm-none-eabi/11.3.1/thumb/v7e-m+dp/hard/crtbegin.o
 .text          0x00000000080002e0       0x14 /home/mango/st/stm32cubeide_1.13.2/plugins/com.st.stm32cube.ide.mcu.externaltools.gnu-tools-for-stm32.11.3.rel1.linux64_1.1.100.202309141235/tools/bin/../lib/gcc/arm-none-eabi/11.3.1/../../../../arm-none-eabi/lib/thumb/v7e-m+dp/hard/libc_nano.a(libc_a-strcmp.o)
                0x00000000080002e0                strcmp
 *fill*         0x00000000080002f4        0xc 
 .text          0x0000000008000300       0xa0 /home/mango/st/stm32cubeide_1.13.2/plugins/com.st.stm32cube.ide.mcu.externaltools.gnu-tools-for-stm32.11.3.rel1.linux64_1.1.100.202309141235/tools/bin/../lib/gcc/arm-none-eabi/11.3.1/../../../../arm-none-eabi/lib/thumb/v7e-m+dp/hard/libc_nano.a(libc_a-memchr.o)
                0x0000000008000300                memchr
 *(.text*)
 .text.LOG_CDC_FS
                0x00000000080003a0       0xc8 ./Core/Src/logger.o
                0x00000000080003a0                LOG_CDC_FS
 .text.main     0x0000000008000468      0x224 ./Core/Src/main.o
                0x0000000008000468                main
 .text.SystemClock_Config
                0x000000000800068c       0xfc ./Core/Src/main.o
                0x000000000800068c                SystemClock_Config
 .text.MX_TIM16_Init
                0x0000000008000788       0xec ./Core/Src/main.o
 .text.MX_GPIO_Init
                0x0000000008000874       0xd4 ./Core/Src/main.o
 .text.Error_Handler
                0x0000000008000948       0x20 ./Core/Src/main.o
                0x0000000008000948                Error_Handler
 .text.HAL_MspInit
                0x0000000008000968       0x34 ./Core/Src/stm32h7xx_hal_msp.o
                0x0000000008000968                HAL_MspInit
 .text.HAL_TIM_Base_MspInit
                0x000000000800099c       0x50 ./Core/Src/stm32h7xx_hal_msp.o
                0x000000000800099c                HAL_TIM_Base_MspInit
 .text.NMI_Handler
                0x00000000080009ec       0x10 ./Core/Src/stm32h7xx_it.o
                0x00000000080009ec                NMI_Handler
 .text.HardFault_Handler
                0x00000000080009fc        0x6 ./Core/Src/stm32h7xx_it.o
                0x00000000080009fc                HardFault_Handler
 *fill*         0x0000000008000a02        0x2 
 .text.MemManage_Handler
                0x0000000008000a04       0x10 ./Core/Src/stm32h7xx_it.o
                0x0000000008000a04                MemManage_Handler
 .text.BusFault_Handler
                0x0000000008000a14       0x10 ./Core/Src/stm32h7xx_it.o
                0x0000000008000a14                BusFault_Handler
 .text.UsageFault_Handler
                0x0000000008000a24       0x10 ./Core/Src/stm32h7xx_it.o
                0x0000000008000a24                UsageFault_Handler
 .text.SVC_Handler
                0x0000000008000a34        0xe ./Core/Src/stm32h7xx_it.o
                0x0000000008000a34                SVC_Handler
 .text.DebugMon_Handler
                0x0000000008000a42        0xe ./Core/Src/stm32h7xx_it.o
                0x0000000008000a42                DebugMon_Handler
 .text.PendSV_Handler
                0x0000000008000a50        0xe ./Core/Src/stm32h7xx_it.o
                0x0000000008000a50                PendSV_Handler
 .text.SysTick_Handler
                0x0000000008000a5e        0xc ./Core/Src/stm32h7xx_it.o
                0x0000000008000a5e                SysTick_Handler
 *fill*         0x0000000008000a6a        0x2 
 .text.OTG_FS_IRQHandler
                0x0000000008000a6c       0x14 ./Core/Src/stm32h7xx_it.o
                0x0000000008000a6c                OTG_FS_IRQHandler
 .text.TIM16_IRQHandler
                0x0000000008000a80       0x24 ./Core/Src/stm32h7xx_it.o
                0x0000000008000a80                TIM16_IRQHandler
 .text._read    0x0000000008000aa4       0x3a ./Core/Src/syscalls.o
                0x0000000008000aa4                _read
 .text._write   0x0000000008000ade       0x44 ./Core/Src/syscalls.o
                0x0000000008000ade                _write
 .text._close   0x0000000008000b22       0x18 ./Core/Src/syscalls.o
                0x0000000008000b22                _close
 .text._fstat   0x0000000008000b3a       0x20 ./Core/Src/syscalls.o
                0x0000000008000b3a                _fstat
 .text._isatty  0x0000000008000b5a       0x16 ./Core/Src/syscalls.o
                0x0000000008000b5a                _isatty
 .text._lseek   0x0000000008000b70       0x1a ./Core/Src/syscalls.o
                0x0000000008000b70                _lseek
 *fill*         0x0000000008000b8a        0x2 
 .text._sbrk    0x0000000008000b8c       0x6c ./Core/Src/sysmem.o
                0x0000000008000b8c                _sbrk
 .text.SystemInit
                0x0000000008000bf8      0x110 ./Core/Src/system_stm32h7xx.o
                0x0000000008000bf8                SystemInit
 .text.Reset_Handler
                0x0000000008000d08       0x50 ./Core/Startup/startup_stm32h743zitx.o
                0x0000000008000d08                Reset_Handler
 .text.Default_Handler
                0x0000000008000d58        0x2 ./Core/Startup/startup_stm32h743zitx.o
                0x0000000008000d58                RTC_Alarm_IRQHandler
                0x0000000008000d58                EXTI2_IRQHandler
                0x0000000008000d58                TIM8_CC_IRQHandler
                0x0000000008000d58                HRTIM1_Master_IRQHandler
                0x0000000008000d58                UART8_IRQHandler
                0x0000000008000d58                SPI4_IRQHandler
                0x0000000008000d58                TIM1_CC_IRQHandler
                0x0000000008000d58                BDMA_Channel6_IRQHandler
                0x0000000008000d58                DMA2_Stream5_IRQHandler
                0x0000000008000d58                HRTIM1_FLT_IRQHandler
                0x0000000008000d58                JPEG_IRQHandler
                0x0000000008000d58                DMA1_Stream5_IRQHandler
                0x0000000008000d58                BDMA_Channel1_IRQHandler
                0x0000000008000d58                HRTIM1_TIMD_IRQHandler
                0x0000000008000d58                TAMP_STAMP_IRQHandler
                0x0000000008000d58                EXTI3_IRQHandler
                0x0000000008000d58                LPTIM4_IRQHandler
                0x0000000008000d58                TIM8_TRG_COM_TIM14_IRQHandler
                0x0000000008000d58                LPTIM2_IRQHandler
                0x0000000008000d58                DFSDM1_FLT1_IRQHandler
                0x0000000008000d58                DMAMUX2_OVR_IRQHandler
                0x0000000008000d58                TIM8_UP_TIM13_IRQHandler
                0x0000000008000d58                I2C3_ER_IRQHandler
                0x0000000008000d58                DFSDM1_FLT2_IRQHandler
                0x0000000008000d58                MDMA_IRQHandler
                0x0000000008000d58                LPTIM3_IRQHandler
                0x0000000008000d58                HSEM1_IRQHandler
                0x0000000008000d58                EXTI0_IRQHandler
                0x0000000008000d58                I2C2_EV_IRQHandler
                0x0000000008000d58                DMA1_Stream2_IRQHandler
                0x0000000008000d58                FPU_IRQHandler
                0x0000000008000d58                OTG_HS_WKUP_IRQHandler
                0x0000000008000d58                FDCAN1_IT1_IRQHandler
                0x0000000008000d58                LTDC_ER_IRQHandler
                0x0000000008000d58                DMA2_Stream2_IRQHandler
                0x0000000008000d58                HRTIM1_TIME_IRQHandler
                0x0000000008000d58                SPI1_IRQHandler
                0x0000000008000d58                TIM6_DAC_IRQHandler
                0x0000000008000d58                DCMI_IRQHandler
                0x0000000008000d58                HRTIM1_TIMC_IRQHandler
                0x0000000008000d58                DMA2_Stream3_IRQHandler
                0x0000000008000d58                SAI2_IRQHandler
                0x0000000008000d58                DFSDM1_FLT3_IRQHandler
                0x0000000008000d58                USART6_IRQHandler
                0x0000000008000d58                TIM17_IRQHandler
                0x0000000008000d58                USART3_IRQHandler
                0x0000000008000d58                BDMA_Channel7_IRQHandler
                0x0000000008000d58                LPTIM5_IRQHandler
                0x0000000008000d58                UART5_IRQHandler
                0x0000000008000d58                ADC3_IRQHandler
                0x0000000008000d58                DMA2_Stream0_IRQHandler
                0x0000000008000d58                TIM4_IRQHandler
                0x0000000008000d58                BDMA_Channel2_IRQHandler
                0x0000000008000d58                QUADSPI_IRQHandler
                0x0000000008000d58                I2C1_EV_IRQHandler
                0x0000000008000d58                DMA1_Stream6_IRQHandler
                0x0000000008000d58                DMAMUX1_OVR_IRQHandler
                0x0000000008000d58                DMA1_Stream1_IRQHandler
                0x0000000008000d58                UART4_IRQHandler
                0x0000000008000d58                BDMA_Channel5_IRQHandler
                0x0000000008000d58                TIM3_IRQHandler
                0x0000000008000d58                RCC_IRQHandler
                0x0000000008000d58                TIM8_BRK_TIM12_IRQHandler
                0x0000000008000d58                TIM1_TRG_COM_IRQHandler
                0x0000000008000d58                Default_Handler
                0x0000000008000d58                ECC_IRQHandler
                0x0000000008000d58                CEC_IRQHandler
                0x0000000008000d58                EXTI15_10_IRQHandler
                0x0000000008000d58                BDMA_Channel0_IRQHandler
                0x0000000008000d58                ADC_IRQHandler
                0x0000000008000d58                DMA1_Stream7_IRQHandler
                0x0000000008000d58                HRTIM1_TIMA_IRQHandler
                0x0000000008000d58                SPI5_IRQHandler
                0x0000000008000d58                TIM7_IRQHandler
                0x0000000008000d58                SDMMC1_IRQHandler
                0x0000000008000d58                TIM5_IRQHandler
                0x0000000008000d58                DMA2_Stream7_IRQHandler
                0x0000000008000d58                TIM15_IRQHandler
                0x0000000008000d58                PVD_AVD_IRQHandler
                0x0000000008000d58                I2C3_EV_IRQHandler
                0x0000000008000d58                EXTI9_5_IRQHandler
                0x0000000008000d58                RTC_WKUP_IRQHandler
                0x0000000008000d58                LTDC_IRQHandler
                0x0000000008000d58                SAI3_IRQHandler
                0x0000000008000d58                ETH_WKUP_IRQHandler
                0x0000000008000d58                SPDIF_RX_IRQHandler
                0x0000000008000d58                SPI2_IRQHandler
                0x0000000008000d58                OTG_HS_EP1_IN_IRQHandler
                0x0000000008000d58                DMA1_Stream0_IRQHandler
                0x0000000008000d58                CRS_IRQHandler
                0x0000000008000d58                EXTI4_IRQHandler
                0x0000000008000d58                RNG_IRQHandler
                0x0000000008000d58                HRTIM1_TIMB_IRQHandler
                0x0000000008000d58                FDCAN2_IT1_IRQHandler
                0x0000000008000d58                ETH_IRQHandler
                0x0000000008000d58                TIM1_UP_IRQHandler
                0x0000000008000d58                BDMA_Channel4_IRQHandler
                0x0000000008000d58                OTG_HS_EP1_OUT_IRQHandler
                0x0000000008000d58                WWDG_IRQHandler
                0x0000000008000d58                SPI6_IRQHandler
                0x0000000008000d58                MDIOS_IRQHandler
                0x0000000008000d58                I2C4_EV_IRQHandler
                0x0000000008000d58                FDCAN2_IT0_IRQHandler
                0x0000000008000d58                LPUART1_IRQHandler
                0x0000000008000d58                FDCAN1_IT0_IRQHandler
                0x0000000008000d58                TIM2_IRQHandler
                0x0000000008000d58                OTG_FS_WKUP_IRQHandler
                0x0000000008000d58                OTG_HS_IRQHandler
                0x0000000008000d58                DMA2D_IRQHandler
                0x0000000008000d58                TIM1_BRK_IRQHandler
                0x0000000008000d58                EXTI1_IRQHandler
                0x0000000008000d58                SDMMC2_IRQHandler
                0x0000000008000d58                OTG_FS_EP1_OUT_IRQHandler
                0x0000000008000d58                BDMA_Channel3_IRQHandler
                0x0000000008000d58                UART7_IRQHandler
                0x0000000008000d58                MDIOS_WKUP_IRQHandler
                0x0000000008000d58                USART2_IRQHandler
                0x0000000008000d58                DFSDM1_FLT0_IRQHandler
                0x0000000008000d58                SAI4_IRQHandler
                0x0000000008000d58                I2C2_ER_IRQHandler
                0x0000000008000d58                DMA2_Stream1_IRQHandler
                0x0000000008000d58                FLASH_IRQHandler
                0x0000000008000d58                DMA2_Stream4_IRQHandler
                0x0000000008000d58                USART1_IRQHandler
                0x0000000008000d58                SPI3_IRQHandler
                0x0000000008000d58                WAKEUP_PIN_IRQHandler
                0x0000000008000d58                DMA1_Stream4_IRQHandler
                0x0000000008000d58                OTG_FS_EP1_IN_IRQHandler
                0x0000000008000d58                I2C1_ER_IRQHandler
                0x0000000008000d58                FMC_IRQHandler
                0x0000000008000d58                FDCAN_CAL_IRQHandler
                0x0000000008000d58                SWPMI1_IRQHandler
                0x0000000008000d58                COMP1_IRQHandler
                0x0000000008000d58                LPTIM1_IRQHandler
                0x0000000008000d58                I2C4_ER_IRQHandler
                0x0000000008000d58                DMA2_Stream6_IRQHandler
                0x0000000008000d58                SAI1_IRQHandler
                0x0000000008000d58                DMA1_Stream3_IRQHandler
 *fill*         0x0000000008000d5a        0x2 
 .text.HAL_Init
                0x0000000008000d5c       0x78 ./Drivers/STM32H7xx_HAL_Driver/Src/stm32h7xx_hal.o
                0x0000000008000d5c                HAL_Init
 .text.HAL_InitTick
                0x0000000008000dd4       0x6c ./Drivers/STM32H7xx_HAL_Driver/Src/stm32h7xx_hal.o
                0x0000000008000dd4                HAL_InitTick
 .text.HAL_IncTick
                0x0000000008000e40       0x28 ./Drivers/STM32H7xx_HAL_Driver/Src/stm32h7xx_hal.o
                0x0000000008000e40                HAL_IncTick
 .text.HAL_GetTick
                0x0000000008000e68       0x18 ./Drivers/STM32H7xx_HAL_Driver/Src/stm32h7xx_hal.o
                0x0000000008000e68                HAL_GetTick
 .text.HAL_Delay
                0x0000000008000e80       0x48 ./Drivers/STM32H7xx_HAL_Driver/Src/stm32h7xx_hal.o
                0x0000000008000e80                HAL_Delay
 .text.HAL_GetREVID
                0x0000000008000ec8       0x18 ./Drivers/STM32H7xx_HAL_Driver/Src/stm32h7xx_hal.o
                0x0000000008000ec8                HAL_GetREVID
 .text.__NVIC_SetPriorityGrouping
                0x0000000008000ee0       0x48 ./Drivers/STM32H7xx_HAL_Driver/Src/stm32h7xx_hal_cortex.o
 .text.__NVIC_GetPriorityGrouping
                0x0000000008000f28       0x1c ./Drivers/STM32H7xx_HAL_Driver/Src/stm32h7xx_hal_cortex.o
 .text.__NVIC_EnableIRQ
                0x0000000008000f44       0x3c ./Drivers/STM32H7xx_HAL_Driver/Src/stm32h7xx_hal_cortex.o
 .text.__NVIC_SetPriority
                0x0000000008000f80       0x54 ./Drivers/STM32H7xx_HAL_Driver/Src/stm32h7xx_hal_cortex.o
 .text.NVIC_EncodePriority
                0x0000000008000fd4       0x66 ./Drivers/STM32H7xx_HAL_Driver/Src/stm32h7xx_hal_cortex.o
 *fill*         0x000000000800103a        0x2 
 .text.SysTick_Config
                0x000000000800103c       0x44 ./Drivers/STM32H7xx_HAL_Driver/Src/stm32h7xx_hal_cortex.o
 .text.HAL_NVIC_SetPriorityGrouping
                0x0000000008001080       0x16 ./Drivers/STM32H7xx_HAL_Driver/Src/stm32h7xx_hal_cortex.o
                0x0000000008001080                HAL_NVIC_SetPriorityGrouping
 .text.HAL_NVIC_SetPriority
                0x0000000008001096       0x34 ./Drivers/STM32H7xx_HAL_Driver/Src/stm32h7xx_hal_cortex.o
                0x0000000008001096                HAL_NVIC_SetPriority
 .text.HAL_NVIC_EnableIRQ
                0x00000000080010ca       0x1c ./Drivers/STM32H7xx_HAL_Driver/Src/stm32h7xx_hal_cortex.o
                0x00000000080010ca                HAL_NVIC_EnableIRQ
 .text.HAL_SYSTICK_Config
                0x00000000080010e6       0x18 ./Drivers/STM32H7xx_HAL_Driver/Src/stm32h7xx_hal_cortex.o
                0x00000000080010e6                HAL_SYSTICK_Config
 *fill*         0x00000000080010fe        0x2 
 .text.HAL_GPIO_Init
                0x0000000008001100      0x360 ./Drivers/STM32H7xx_HAL_Driver/Src/stm32h7xx_hal_gpio.o
                0x0000000008001100                HAL_GPIO_Init
 .text.HAL_GPIO_WritePin
                0x0000000008001460       0x32 ./Drivers/STM32H7xx_HAL_Driver/Src/stm32h7xx_hal_gpio.o
                0x0000000008001460                HAL_GPIO_WritePin
 .text.HAL_GPIO_TogglePin
                0x0000000008001492       0x34 ./Drivers/STM32H7xx_HAL_Driver/Src/stm32h7xx_hal_gpio.o
                0x0000000008001492                HAL_GPIO_TogglePin
 .text.HAL_PCD_Init
                0x00000000080014c6      0x248 ./Drivers/STM32H7xx_HAL_Driver/Src/stm32h7xx_hal_pcd.o
                0x00000000080014c6                HAL_PCD_Init
 .text.HAL_PCD_Start
                0x000000000800170e       0x6a ./Drivers/STM32H7xx_HAL_Driver/Src/stm32h7xx_hal_pcd.o
                0x000000000800170e                HAL_PCD_Start
 .text.HAL_PCD_IRQHandler
                0x0000000008001778      0x998 ./Drivers/STM32H7xx_HAL_Driver/Src/stm32h7xx_hal_pcd.o
                0x0000000008001778                HAL_PCD_IRQHandler
 .text.HAL_PCD_SetAddress
                0x0000000008002110       0x4a ./Drivers/STM32H7xx_HAL_Driver/Src/stm32h7xx_hal_pcd.o
                0x0000000008002110                HAL_PCD_SetAddress
 .text.HAL_PCD_EP_Open
                0x000000000800215a       0xd0 ./Drivers/STM32H7xx_HAL_Driver/Src/stm32h7xx_hal_pcd.o
                0x000000000800215a                HAL_PCD_EP_Open
 .text.HAL_PCD_EP_Close
                0x000000000800222a       0x94 ./Drivers/STM32H7xx_HAL_Driver/Src/stm32h7xx_hal_pcd.o
                0x000000000800222a                HAL_PCD_EP_Close
 .text.HAL_PCD_EP_Receive
                0x00000000080022be       0x78 ./Drivers/STM32H7xx_HAL_Driver/Src/stm32h7xx_hal_pcd.o
                0x00000000080022be                HAL_PCD_EP_Receive
 .text.HAL_PCD_EP_GetRxCount
                0x0000000008002336       0x30 ./Drivers/STM32H7xx_HAL_Driver/Src/stm32h7xx_hal_pcd.o
                0x0000000008002336                HAL_PCD_EP_GetRxCount
 .text.HAL_PCD_EP_Transmit
                0x0000000008002366       0x76 ./Drivers/STM32H7xx_HAL_Driver/Src/stm32h7xx_hal_pcd.o
                0x0000000008002366                HAL_PCD_EP_Transmit
 .text.HAL_PCD_EP_SetStall
                0x00000000080023dc       0xc8 ./Drivers/STM32H7xx_HAL_Driver/Src/stm32h7xx_hal_pcd.o
                0x00000000080023dc                HAL_PCD_EP_SetStall
 .text.HAL_PCD_EP_ClrStall
                0x00000000080024a4       0xac ./Drivers/STM32H7xx_HAL_Driver/Src/stm32h7xx_hal_pcd.o
                0x00000000080024a4                HAL_PCD_EP_ClrStall
 .text.HAL_PCD_EP_Abort
                0x0000000008002550       0x62 ./Drivers/STM32H7xx_HAL_Driver/Src/stm32h7xx_hal_pcd.o
                0x0000000008002550                HAL_PCD_EP_Abort
 .text.PCD_WriteEmptyTxFifo
                0x00000000080025b2      0x11a ./Drivers/STM32H7xx_HAL_Driver/Src/stm32h7xx_hal_pcd.o
 .text.PCD_EP_OutXfrComplete_int
                0x00000000080026cc      0x1d0 ./Drivers/STM32H7xx_HAL_Driver/Src/stm32h7xx_hal_pcd.o
 .text.PCD_EP_OutSetupPacket_int
                0x000000000800289c       0x8c ./Drivers/STM32H7xx_HAL_Driver/Src/stm32h7xx_hal_pcd.o
 .text.HAL_PCDEx_SetTxFiFo
                0x0000000008002928       0x8e ./Drivers/STM32H7xx_HAL_Driver/Src/stm32h7xx_hal_pcd_ex.o
                0x0000000008002928                HAL_PCDEx_SetTxFiFo
 .text.HAL_PCDEx_SetRxFiFo
                0x00000000080029b6       0x22 ./Drivers/STM32H7xx_HAL_Driver/Src/stm32h7xx_hal_pcd_ex.o
                0x00000000080029b6                HAL_PCDEx_SetRxFiFo
 .text.HAL_PCDEx_ActivateLPM
                0x00000000080029d8       0x48 ./Drivers/STM32H7xx_HAL_Driver/Src/stm32h7xx_hal_pcd_ex.o
                0x00000000080029d8                HAL_PCDEx_ActivateLPM
 .text.HAL_PCDEx_LPM_Callback
                0x0000000008002a20       0x18 ./Drivers/STM32H7xx_HAL_Driver/Src/stm32h7xx_hal_pcd_ex.o
                0x0000000008002a20                HAL_PCDEx_LPM_Callback
 .text.HAL_PWREx_ConfigSupply
                0x0000000008002a38       0x74 ./Drivers/STM32H7xx_HAL_Driver/Src/stm32h7xx_hal_pwr_ex.o
                0x0000000008002a38                HAL_PWREx_ConfigSupply
 .text.HAL_PWREx_EnableUSBVoltageDetector
                0x0000000008002aac       0x20 ./Drivers/STM32H7xx_HAL_Driver/Src/stm32h7xx_hal_pwr_ex.o
                0x0000000008002aac                HAL_PWREx_EnableUSBVoltageDetector
 .text.HAL_RCC_OscConfig
                0x0000000008002acc      0x8b4 ./Drivers/STM32H7xx_HAL_Driver/Src/stm32h7xx_hal_rcc.o
                0x0000000008002acc                HAL_RCC_OscConfig
 .text.HAL_RCC_ClockConfig
                0x0000000008003380      0x36c ./Drivers/STM32H7xx_HAL_Driver/Src/stm32h7xx_hal_rcc.o
                0x0000000008003380                HAL_RCC_ClockConfig
 .text.HAL_RCC_GetSysClockFreq
                0x00000000080036ec      0x2f4 ./Drivers/STM32H7xx_HAL_Driver/Src/stm32h7xx_hal_rcc.o
                0x00000000080036ec                HAL_RCC_GetSysClockFreq
 .text.HAL_RCC_GetHCLKFreq
                0x00000000080039e0       0x60 ./Drivers/STM32H7xx_HAL_Driver/Src/stm32h7xx_hal_rcc.o
                0x00000000080039e0                HAL_RCC_GetHCLKFreq
 .text.HAL_RCCEx_PeriphCLKConfig
                0x0000000008003a40     0x1414 ./Drivers/STM32H7xx_HAL_Driver/Src/stm32h7xx_hal_rcc_ex.o
                0x0000000008003a40                HAL_RCCEx_PeriphCLKConfig
 .text.RCCEx_PLL2_Config
                0x0000000008004e54      0x164 ./Drivers/STM32H7xx_HAL_Driver/Src/stm32h7xx_hal_rcc_ex.o
 .text.RCCEx_PLL3_Config
                0x0000000008004fb8      0x164 ./Drivers/STM32H7xx_HAL_Driver/Src/stm32h7xx_hal_rcc_ex.o
 .text.HAL_TIM_Base_Init
                0x000000000800511c       0xae ./Drivers/STM32H7xx_HAL_Driver/Src/stm32h7xx_hal_tim.o
                0x000000000800511c                HAL_TIM_Base_Init
 .text.HAL_TIM_PWM_Init
                0x00000000080051ca       0xae ./Drivers/STM32H7xx_HAL_Driver/Src/stm32h7xx_hal_tim.o
                0x00000000080051ca                HAL_TIM_PWM_Init
 .text.HAL_TIM_PWM_MspInit
                0x0000000008005278       0x14 ./Drivers/STM32H7xx_HAL_Driver/Src/stm32h7xx_hal_tim.o
                0x0000000008005278                HAL_TIM_PWM_MspInit
 .text.HAL_TIM_IRQHandler
                0x000000000800528c      0x23e ./Drivers/STM32H7xx_HAL_Driver/Src/stm32h7xx_hal_tim.o
                0x000000000800528c                HAL_TIM_IRQHandler
 *fill*         0x00000000080054ca        0x2 
 .text.HAL_TIM_PWM_ConfigChannel
                0x00000000080054cc      0x228 ./Drivers/STM32H7xx_HAL_Driver/Src/stm32h7xx_hal_tim.o
                0x00000000080054cc                HAL_TIM_PWM_ConfigChannel
 .text.HAL_TIM_PeriodElapsedCallback
                0x00000000080056f4       0x14 ./Drivers/STM32H7xx_HAL_Driver/Src/stm32h7xx_hal_tim.o
                0x00000000080056f4                HAL_TIM_PeriodElapsedCallback
 .text.HAL_TIM_OC_DelayElapsedCallback
                0x0000000008005708       0x14 ./Drivers/STM32H7xx_HAL_Driver/Src/stm32h7xx_hal_tim.o
                0x0000000008005708                HAL_TIM_OC_DelayElapsedCallback
 .text.HAL_TIM_IC_CaptureCallback
                0x000000000800571c       0x14 ./Drivers/STM32H7xx_HAL_Driver/Src/stm32h7xx_hal_tim.o
                0x000000000800571c                HAL_TIM_IC_CaptureCallback
 .text.HAL_TIM_PWM_PulseFinishedCallback
                0x0000000008005730       0x14 ./Drivers/STM32H7xx_HAL_Driver/Src/stm32h7xx_hal_tim.o
                0x0000000008005730                HAL_TIM_PWM_PulseFinishedCallback
 .text.HAL_TIM_TriggerCallback
                0x0000000008005744       0x14 ./Drivers/STM32H7xx_HAL_Driver/Src/stm32h7xx_hal_tim.o
                0x0000000008005744                HAL_TIM_TriggerCallback
 .text.TIM_Base_SetConfig
                0x0000000008005758      0x134 ./Drivers/STM32H7xx_HAL_Driver/Src/stm32h7xx_hal_tim.o
                0x0000000008005758                TIM_Base_SetConfig
 .text.TIM_OC1_SetConfig
                0x000000000800588c      0x120 ./Drivers/STM32H7xx_HAL_Driver/Src/stm32h7xx_hal_tim.o
 .text.TIM_OC2_SetConfig
                0x00000000080059ac      0x114 ./Drivers/STM32H7xx_HAL_Driver/Src/stm32h7xx_hal_tim.o
                0x00000000080059ac                TIM_OC2_SetConfig
 .text.TIM_OC3_SetConfig
                0x0000000008005ac0      0x110 ./Drivers/STM32H7xx_HAL_Driver/Src/stm32h7xx_hal_tim.o
 .text.TIM_OC4_SetConfig
                0x0000000008005bd0       0xd4 ./Drivers/STM32H7xx_HAL_Driver/Src/stm32h7xx_hal_tim.o
 .text.TIM_OC5_SetConfig
                0x0000000008005ca4       0xc8 ./Drivers/STM32H7xx_HAL_Driver/Src/stm32h7xx_hal_tim.o
 .text.TIM_OC6_SetConfig
                0x0000000008005d6c       0xcc ./Drivers/STM32H7xx_HAL_Driver/Src/stm32h7xx_hal_tim.o
 .text.HAL_TIMEx_ConfigBreakDeadTime
                0x0000000008005e38       0xfc ./Drivers/STM32H7xx_HAL_Driver/Src/stm32h7xx_hal_tim_ex.o
                0x0000000008005e38                HAL_TIMEx_ConfigBreakDeadTime
 .text.HAL_TIMEx_CommutCallback
                0x0000000008005f34       0x14 ./Drivers/STM32H7xx_HAL_Driver/Src/stm32h7xx_hal_tim_ex.o
                0x0000000008005f34                HAL_TIMEx_CommutCallback
 .text.HAL_TIMEx_BreakCallback
                0x0000000008005f48       0x14 ./Drivers/STM32H7xx_HAL_Driver/Src/stm32h7xx_hal_tim_ex.o
                0x0000000008005f48                HAL_TIMEx_BreakCallback
 .text.HAL_TIMEx_Break2Callback
                0x0000000008005f5c       0x14 ./Drivers/STM32H7xx_HAL_Driver/Src/stm32h7xx_hal_tim_ex.o
                0x0000000008005f5c                HAL_TIMEx_Break2Callback
 .text.USB_CoreInit
                0x0000000008005f70       0xdc ./Drivers/STM32H7xx_HAL_Driver/Src/stm32h7xx_ll_usb.o
                0x0000000008005f70                USB_CoreInit
 .text.USB_SetTurnaroundTime
                0x000000000800604c      0x144 ./Drivers/STM32H7xx_HAL_Driver/Src/stm32h7xx_ll_usb.o
                0x000000000800604c                USB_SetTurnaroundTime
 .text.USB_EnableGlobalInt
                0x0000000008006190       0x22 ./Drivers/STM32H7xx_HAL_Driver/Src/stm32h7xx_ll_usb.o
                0x0000000008006190                USB_EnableGlobalInt
 .text.USB_DisableGlobalInt
                0x00000000080061b2       0x22 ./Drivers/STM32H7xx_HAL_Driver/Src/stm32h7xx_ll_usb.o
                0x00000000080061b2                USB_DisableGlobalInt
 .text.USB_SetCurrentMode
                0x00000000080061d4       0x98 ./Drivers/STM32H7xx_HAL_Driver/Src/stm32h7xx_ll_usb.o
                0x00000000080061d4                USB_SetCurrentMode
 .text.USB_DevInit
                0x000000000800626c      0x2bc ./Drivers/STM32H7xx_HAL_Driver/Src/stm32h7xx_ll_usb.o
                0x000000000800626c                USB_DevInit
 .text.USB_FlushTxFifo
                0x0000000008006528       0x68 ./Drivers/STM32H7xx_HAL_Driver/Src/stm32h7xx_ll_usb.o
                0x0000000008006528                USB_FlushTxFifo
 .text.USB_FlushRxFifo
                0x0000000008006590       0x60 ./Drivers/STM32H7xx_HAL_Driver/Src/stm32h7xx_ll_usb.o
                0x0000000008006590                USB_FlushRxFifo
 .text.USB_SetDevSpeed
                0x00000000080065f0       0x32 ./Drivers/STM32H7xx_HAL_Driver/Src/stm32h7xx_ll_usb.o
                0x00000000080065f0                USB_SetDevSpeed
 .text.USB_GetDevSpeed
                0x0000000008006622       0x4a ./Drivers/STM32H7xx_HAL_Driver/Src/stm32h7xx_ll_usb.o
                0x0000000008006622                USB_GetDevSpeed
 .text.USB_ActivateEndpoint
                0x000000000800666c      0x110 ./Drivers/STM32H7xx_HAL_Driver/Src/stm32h7xx_ll_usb.o
                0x000000000800666c                USB_ActivateEndpoint
 .text.USB_DeactivateEndpoint
                0x000000000800677c      0x1b8 ./Drivers/STM32H7xx_HAL_Driver/Src/stm32h7xx_ll_usb.o
                0x000000000800677c                USB_DeactivateEndpoint
 .text.USB_EPStartXfer
                0x0000000008006934      0x540 ./Drivers/STM32H7xx_HAL_Driver/Src/stm32h7xx_ll_usb.o
                0x0000000008006934                USB_EPStartXfer
 .text.USB_EPStopXfer
                0x0000000008006e74      0x154 ./Drivers/STM32H7xx_HAL_Driver/Src/stm32h7xx_ll_usb.o
                0x0000000008006e74                USB_EPStopXfer
 .text.USB_WritePacket
                0x0000000008006fc8       0x7c ./Drivers/STM32H7xx_HAL_Driver/Src/stm32h7xx_ll_usb.o
                0x0000000008006fc8                USB_WritePacket
 .text.USB_ReadPacket
                0x0000000008007044       0xb0 ./Drivers/STM32H7xx_HAL_Driver/Src/stm32h7xx_ll_usb.o
                0x0000000008007044                USB_ReadPacket
 .text.USB_EPSetStall
                0x00000000080070f4       0xdc ./Drivers/STM32H7xx_HAL_Driver/Src/stm32h7xx_ll_usb.o
                0x00000000080070f4                USB_EPSetStall
 .text.USB_EPClearStall
                0x00000000080071d0       0xcc ./Drivers/STM32H7xx_HAL_Driver/Src/stm32h7xx_ll_usb.o
                0x00000000080071d0                USB_EPClearStall
 .text.USB_SetDevAddress
                0x000000000800729c       0x4c ./Drivers/STM32H7xx_HAL_Driver/Src/stm32h7xx_ll_usb.o
                0x000000000800729c                USB_SetDevAddress
 .text.USB_DevConnect
                0x00000000080072e8       0x42 ./Drivers/STM32H7xx_HAL_Driver/Src/stm32h7xx_ll_usb.o
                0x00000000080072e8                USB_DevConnect
 .text.USB_DevDisconnect
                0x000000000800732a       0x42 ./Drivers/STM32H7xx_HAL_Driver/Src/stm32h7xx_ll_usb.o
                0x000000000800732a                USB_DevDisconnect
 .text.USB_ReadInterrupts
                0x000000000800736c       0x26 ./Drivers/STM32H7xx_HAL_Driver/Src/stm32h7xx_ll_usb.o
                0x000000000800736c                USB_ReadInterrupts
 .text.USB_ReadDevAllOutEpInterrupt
                0x0000000008007392       0x34 ./Drivers/STM32H7xx_HAL_Driver/Src/stm32h7xx_ll_usb.o
                0x0000000008007392                USB_ReadDevAllOutEpInterrupt
 .text.USB_ReadDevAllInEpInterrupt
                0x00000000080073c6       0x34 ./Drivers/STM32H7xx_HAL_Driver/Src/stm32h7xx_ll_usb.o
                0x00000000080073c6                USB_ReadDevAllInEpInterrupt
 .text.USB_ReadDevOutEPInterrupt
                0x00000000080073fa       0x3c ./Drivers/STM32H7xx_HAL_Driver/Src/stm32h7xx_ll_usb.o
                0x00000000080073fa                USB_ReadDevOutEPInterrupt
 .text.USB_ReadDevInEPInterrupt
                0x0000000008007436       0x5c ./Drivers/STM32H7xx_HAL_Driver/Src/stm32h7xx_ll_usb.o
                0x0000000008007436                USB_ReadDevInEPInterrupt
 .text.USB_GetMode
                0x0000000008007492       0x1c ./Drivers/STM32H7xx_HAL_Driver/Src/stm32h7xx_ll_usb.o
                0x0000000008007492                USB_GetMode
 *fill*         0x00000000080074ae        0x2 
 .text.USB_ActivateSetup
                0x00000000080074b0       0x48 ./Drivers/STM32H7xx_HAL_Driver/Src/stm32h7xx_ll_usb.o
                0x00000000080074b0                USB_ActivateSetup
 .text.USB_EP0_OutStart
                0x00000000080074f8       0xbc ./Drivers/STM32H7xx_HAL_Driver/Src/stm32h7xx_ll_usb.o
                0x00000000080074f8                USB_EP0_OutStart
 .text.USB_CoreReset
                0x00000000080075b4       0x68 ./Drivers/STM32H7xx_HAL_Driver/Src/stm32h7xx_ll_usb.o
 .text.USBD_CDC_Init
                0x000000000800761c      0x1f0 ./Middlewares/ST/STM32_USB_Device_Library/Class/CDC/Src/usbd_cdc.o
 .text.USBD_CDC_DeInit
                0x000000000800780c      0x104 ./Middlewares/ST/STM32_USB_Device_Library/Class/CDC/Src/usbd_cdc.o
 .text.USBD_CDC_Setup
                0x0000000008007910      0x1b8 ./Middlewares/ST/STM32_USB_Device_Library/Class/CDC/Src/usbd_cdc.o
 .text.USBD_CDC_DataIn
                0x0000000008007ac8       0xfe ./Middlewares/ST/STM32_USB_Device_Library/Class/CDC/Src/usbd_cdc.o
 .text.USBD_CDC_DataOut
                0x0000000008007bc6       0x70 ./Middlewares/ST/STM32_USB_Device_Library/Class/CDC/Src/usbd_cdc.o
 .text.USBD_CDC_EP0_RxReady
                0x0000000008007c36       0x76 ./Middlewares/ST/STM32_USB_Device_Library/Class/CDC/Src/usbd_cdc.o
 .text.USBD_CDC_GetFSCfgDesc
                0x0000000008007cac       0x70 ./Middlewares/ST/STM32_USB_Device_Library/Class/CDC/Src/usbd_cdc.o
 .text.USBD_CDC_GetHSCfgDesc
                0x0000000008007d1c       0x70 ./Middlewares/ST/STM32_USB_Device_Library/Class/CDC/Src/usbd_cdc.o
 .text.USBD_CDC_GetOtherSpeedCfgDesc
                0x0000000008007d8c       0x70 ./Middlewares/ST/STM32_USB_Device_Library/Class/CDC/Src/usbd_cdc.o
 .text.USBD_CDC_GetDeviceQualifierDescriptor
                0x0000000008007dfc       0x20 ./Middlewares/ST/STM32_USB_Device_Library/Class/CDC/Src/usbd_cdc.o
                0x0000000008007dfc                USBD_CDC_GetDeviceQualifierDescriptor
 .text.USBD_CDC_RegisterInterface
                0x0000000008007e1c       0x34 ./Middlewares/ST/STM32_USB_Device_Library/Class/CDC/Src/usbd_cdc.o
                0x0000000008007e1c                USBD_CDC_RegisterInterface
 .text.USBD_CDC_SetTxBuffer
                0x0000000008007e50       0x44 ./Middlewares/ST/STM32_USB_Device_Library/Class/CDC/Src/usbd_cdc.o
                0x0000000008007e50                USBD_CDC_SetTxBuffer
 .text.USBD_CDC_SetRxBuffer
                0x0000000008007e94       0x3a ./Middlewares/ST/STM32_USB_Device_Library/Class/CDC/Src/usbd_cdc.o
                0x0000000008007e94                USBD_CDC_SetRxBuffer
 *fill*         0x0000000008007ece        0x2 
 .text.USBD_CDC_TransmitPacket
                0x0000000008007ed0       0x80 ./Middlewares/ST/STM32_USB_Device_Library/Class/CDC/Src/usbd_cdc.o
                0x0000000008007ed0                USBD_CDC_TransmitPacket
 .text.USBD_CDC_ReceivePacket
                0x0000000008007f50       0x6c ./Middlewares/ST/STM32_USB_Device_Library/Class/CDC/Src/usbd_cdc.o
                0x0000000008007f50                USBD_CDC_ReceivePacket
 .text.USBD_Init
                0x0000000008007fbc       0x7c ./Middlewares/ST/STM32_USB_Device_Library/Core/Src/usbd_core.o
                0x0000000008007fbc                USBD_Init
 .text.USBD_RegisterClass
                0x0000000008008038       0x88 ./Middlewares/ST/STM32_USB_Device_Library/Core/Src/usbd_core.o
                0x0000000008008038                USBD_RegisterClass
 .text.USBD_Start
                0x00000000080080c0       0x18 ./Middlewares/ST/STM32_USB_Device_Library/Core/Src/usbd_core.o
                0x00000000080080c0                USBD_Start
 .text.USBD_RunTestMode
                0x00000000080080d8       0x16 ./Middlewares/ST/STM32_USB_Device_Library/Core/Src/usbd_core.o
                0x00000000080080d8                USBD_RunTestMode
 .text.USBD_SetClassConfig
                0x00000000080080ee       0x38 ./Middlewares/ST/STM32_USB_Device_Library/Core/Src/usbd_core.o
                0x00000000080080ee                USBD_SetClassConfig
 .text.USBD_ClrClassConfig
                0x0000000008008126       0x34 ./Middlewares/ST/STM32_USB_Device_Library/Core/Src/usbd_core.o
                0x0000000008008126                USBD_ClrClassConfig
 .text.USBD_LL_SetupStage
                0x000000000800815a       0xaa ./Middlewares/ST/STM32_USB_Device_Library/Core/Src/usbd_core.o
                0x000000000800815a                USBD_LL_SetupStage
 .text.USBD_LL_DataOutStage
                0x0000000008008204      0x166 ./Middlewares/ST/STM32_USB_Device_Library/Core/Src/usbd_core.o
                0x0000000008008204                USBD_LL_DataOutStage
 .text.USBD_LL_DataInStage
                0x000000000800836a      0x164 ./Middlewares/ST/STM32_USB_Device_Library/Core/Src/usbd_core.o
                0x000000000800836a                USBD_LL_DataInStage
 .text.USBD_LL_Reset
                0x00000000080084ce       0xa4 ./Middlewares/ST/STM32_USB_Device_Library/Core/Src/usbd_core.o
                0x00000000080084ce                USBD_LL_Reset
 .text.USBD_LL_SetSpeed
                0x0000000008008572       0x20 ./Middlewares/ST/STM32_USB_Device_Library/Core/Src/usbd_core.o
                0x0000000008008572                USBD_LL_SetSpeed
 .text.USBD_LL_Suspend
                0x0000000008008592       0x38 ./Middlewares/ST/STM32_USB_Device_Library/Core/Src/usbd_core.o
                0x0000000008008592                USBD_LL_Suspend
 .text.USBD_LL_Resume
                0x00000000080085ca       0x30 ./Middlewares/ST/STM32_USB_Device_Library/Core/Src/usbd_core.o
                0x00000000080085ca                USBD_LL_Resume
 .text.USBD_LL_SOF
                0x00000000080085fa       0x40 ./Middlewares/ST/STM32_USB_Device_Library/Core/Src/usbd_core.o
                0x00000000080085fa                USBD_LL_SOF
 .text.USBD_LL_IsoINIncomplete
                0x000000000800863a       0x64 ./Middlewares/ST/STM32_USB_Device_Library/Core/Src/usbd_core.o
                0x000000000800863a                USBD_LL_IsoINIncomplete
 .text.USBD_LL_IsoOUTIncomplete
                0x000000000800869e       0x64 ./Middlewares/ST/STM32_USB_Device_Library/Core/Src/usbd_core.o
                0x000000000800869e                USBD_LL_IsoOUTIncomplete
 .text.USBD_LL_DevConnected
                0x0000000008008702       0x16 ./Middlewares/ST/STM32_USB_Device_Library/Core/Src/usbd_core.o
                0x0000000008008702                USBD_LL_DevConnected
 .text.USBD_LL_DevDisconnected
                0x0000000008008718       0x46 ./Middlewares/ST/STM32_USB_Device_Library/Core/Src/usbd_core.o
                0x0000000008008718                USBD_LL_DevDisconnected
 .text.USBD_CoreFindIF
                0x000000000800875e       0x1a ./Middlewares/ST/STM32_USB_Device_Library/Core/Src/usbd_core.o
                0x000000000800875e                USBD_CoreFindIF
 .text.USBD_CoreFindEP
                0x0000000008008778       0x1a ./Middlewares/ST/STM32_USB_Device_Library/Core/Src/usbd_core.o
                0x0000000008008778                USBD_CoreFindEP
 .text.USBD_GetEpDesc
                0x0000000008008792       0x74 ./Middlewares/ST/STM32_USB_Device_Library/Core/Src/usbd_core.o
                0x0000000008008792                USBD_GetEpDesc
 .text.USBD_GetNextDesc
                0x0000000008008806       0x3a ./Middlewares/ST/STM32_USB_Device_Library/Core/Src/usbd_core.o
                0x0000000008008806                USBD_GetNextDesc
 .text.SWAPBYTE
                0x0000000008008840       0x3c ./Middlewares/ST/STM32_USB_Device_Library/Core/Src/usbd_ctlreq.o
 .text.USBD_StdDevReq
                0x000000000800887c       0xe4 ./Middlewares/ST/STM32_USB_Device_Library/Core/Src/usbd_ctlreq.o
                0x000000000800887c                USBD_StdDevReq
 .text.USBD_StdItfReq
                0x0000000008008960       0xd8 ./Middlewares/ST/STM32_USB_Device_Library/Core/Src/usbd_ctlreq.o
                0x0000000008008960                USBD_StdItfReq
 .text.USBD_StdEPReq
                0x0000000008008a38      0x33a ./Middlewares/ST/STM32_USB_Device_Library/Core/Src/usbd_ctlreq.o
                0x0000000008008a38                USBD_StdEPReq
 *fill*         0x0000000008008d72        0x2 
 .text.USBD_GetDescriptor
                0x0000000008008d74      0x328 ./Middlewares/ST/STM32_USB_Device_Library/Core/Src/usbd_ctlreq.o
 .text.USBD_SetAddress
                0x000000000800909c       0x88 ./Middlewares/ST/STM32_USB_Device_Library/Core/Src/usbd_ctlreq.o
 .text.USBD_SetConfig
                0x0000000008009124      0x154 ./Middlewares/ST/STM32_USB_Device_Library/Core/Src/usbd_ctlreq.o
 .text.USBD_GetConfig
                0x0000000008009278       0x6c ./Middlewares/ST/STM32_USB_Device_Library/Core/Src/usbd_ctlreq.o
 .text.USBD_GetStatus
                0x00000000080092e4       0x68 ./Middlewares/ST/STM32_USB_Device_Library/Core/Src/usbd_ctlreq.o
 .text.USBD_SetFeature
                0x000000000800934c       0x52 ./Middlewares/ST/STM32_USB_Device_Library/Core/Src/usbd_ctlreq.o
 .text.USBD_ClrFeature
                0x000000000800939e       0x44 ./Middlewares/ST/STM32_USB_Device_Library/Core/Src/usbd_ctlreq.o
 .text.USBD_ParseSetupRequest
                0x00000000080093e2       0x74 ./Middlewares/ST/STM32_USB_Device_Library/Core/Src/usbd_ctlreq.o
                0x00000000080093e2                USBD_ParseSetupRequest
 .text.USBD_CtlError
                0x0000000008009456       0x22 ./Middlewares/ST/STM32_USB_Device_Library/Core/Src/usbd_ctlreq.o
                0x0000000008009456                USBD_CtlError
 .text.USBD_GetString
                0x0000000008009478       0x8c ./Middlewares/ST/STM32_USB_Device_Library/Core/Src/usbd_ctlreq.o
                0x0000000008009478                USBD_GetString
 .text.USBD_GetLen
                0x0000000008009504       0x34 ./Middlewares/ST/STM32_USB_Device_Library/Core/Src/usbd_ctlreq.o
 .text.USBD_CtlSendData
                0x0000000008009538       0x36 ./Middlewares/ST/STM32_USB_Device_Library/Core/Src/usbd_ioreq.o
                0x0000000008009538                USBD_CtlSendData
 .text.USBD_CtlContinueSendData
                0x000000000800956e       0x22 ./Middlewares/ST/STM32_USB_Device_Library/Core/Src/usbd_ioreq.o
                0x000000000800956e                USBD_CtlContinueSendData
 .text.USBD_CtlPrepareRx
                0x0000000008009590       0x3a ./Middlewares/ST/STM32_USB_Device_Library/Core/Src/usbd_ioreq.o
                0x0000000008009590                USBD_CtlPrepareRx
 .text.USBD_CtlContinueRx
                0x00000000080095ca       0x22 ./Middlewares/ST/STM32_USB_Device_Library/Core/Src/usbd_ioreq.o
                0x00000000080095ca                USBD_CtlContinueRx
 .text.USBD_CtlSendStatus
                0x00000000080095ec       0x26 ./Middlewares/ST/STM32_USB_Device_Library/Core/Src/usbd_ioreq.o
                0x00000000080095ec                USBD_CtlSendStatus
 .text.USBD_CtlReceiveStatus
                0x0000000008009612       0x26 ./Middlewares/ST/STM32_USB_Device_Library/Core/Src/usbd_ioreq.o
                0x0000000008009612                USBD_CtlReceiveStatus
 .text.CDC_OTG_Send
                0x0000000008009638       0xe8 ./USB_DEVICE/App/usb_device.o
                0x0000000008009638                CDC_OTG_Send
 .text.CDC_OTG_Recv
                0x0000000008009720       0x24 ./USB_DEVICE/App/usb_device.o
                0x0000000008009720                CDC_OTG_Recv
 .text.MX_USB_DEVICE_Init
                0x0000000008009744       0x64 ./USB_DEVICE/App/usb_device.o
                0x0000000008009744                MX_USB_DEVICE_Init
 .text.CDC_Init_FS
                0x00000000080097a8       0x28 ./USB_DEVICE/App/usbd_cdc_if.o
 .text.CDC_DeInit_FS
                0x00000000080097d0       0x10 ./USB_DEVICE/App/usbd_cdc_if.o
 .text.CDC_Control_FS
                0x00000000080097e0      0x150 ./USB_DEVICE/App/usbd_cdc_if.o
 .text.CDC_Receive_FS
                0x0000000008009930       0x18 ./USB_DEVICE/App/usbd_cdc_if.o
 .text.CDC_TransmitCplt_FS
                0x0000000008009948       0x22 ./USB_DEVICE/App/usbd_cdc_if.o
 *fill*         0x000000000800996a        0x2 
 .text.USBD_FS_DeviceDescriptor
                0x000000000800996c       0x24 ./USB_DEVICE/App/usbd_desc.o
                0x000000000800996c                USBD_FS_DeviceDescriptor
 .text.USBD_FS_LangIDStrDescriptor
                0x0000000008009990       0x24 ./USB_DEVICE/App/usbd_desc.o
                0x0000000008009990                USBD_FS_LangIDStrDescriptor
 .text.USBD_FS_ProductStrDescriptor
                0x00000000080099b4       0x3c ./USB_DEVICE/App/usbd_desc.o
                0x00000000080099b4                USBD_FS_ProductStrDescriptor
 .text.USBD_FS_ManufacturerStrDescriptor
                0x00000000080099f0       0x28 ./USB_DEVICE/App/usbd_desc.o
                0x00000000080099f0                USBD_FS_ManufacturerStrDescriptor
 .text.USBD_FS_SerialStrDescriptor
                0x0000000008009a18       0x24 ./USB_DEVICE/App/usbd_desc.o
                0x0000000008009a18                USBD_FS_SerialStrDescriptor
 .text.USBD_FS_ConfigStrDescriptor
                0x0000000008009a3c       0x3c ./USB_DEVICE/App/usbd_desc.o
                0x0000000008009a3c                USBD_FS_ConfigStrDescriptor
 .text.USBD_FS_InterfaceStrDescriptor
                0x0000000008009a78       0x3c ./USB_DEVICE/App/usbd_desc.o
                0x0000000008009a78                USBD_FS_InterfaceStrDescriptor
 .text.Get_SerialNum
                0x0000000008009ab4       0x58 ./USB_DEVICE/App/usbd_desc.o
 .text.IntToUnicode
                0x0000000008009b0c       0x7e ./USB_DEVICE/App/usbd_desc.o
 *fill*         0x0000000008009b8a        0x2 
 .text.HAL_PCD_MspInit
                0x0000000008009b8c      0x108 ./USB_DEVICE/Target/usbd_conf.o
                0x0000000008009b8c                HAL_PCD_MspInit
 .text.HAL_PCD_SetupStageCallback
                0x0000000008009c94       0x24 ./USB_DEVICE/Target/usbd_conf.o
                0x0000000008009c94                HAL_PCD_SetupStageCallback
 .text.HAL_PCD_DataOutStageCallback
                0x0000000008009cb8       0x36 ./USB_DEVICE/Target/usbd_conf.o
                0x0000000008009cb8                HAL_PCD_DataOutStageCallback
 .text.HAL_PCD_DataInStageCallback
                0x0000000008009cee       0x34 ./USB_DEVICE/Target/usbd_conf.o
                0x0000000008009cee                HAL_PCD_DataInStageCallback
 .text.HAL_PCD_SOFCallback
                0x0000000008009d22       0x1c ./USB_DEVICE/Target/usbd_conf.o
                0x0000000008009d22                HAL_PCD_SOFCallback
 .text.HAL_PCD_ResetCallback
                0x0000000008009d3e       0x50 ./USB_DEVICE/Target/usbd_conf.o
                0x0000000008009d3e                HAL_PCD_ResetCallback
 *fill*         0x0000000008009d8e        0x2 
 .text.HAL_PCD_SuspendCallback
                0x0000000008009d90       0x4c ./USB_DEVICE/Target/usbd_conf.o
                0x0000000008009d90                HAL_PCD_SuspendCallback
 .text.HAL_PCD_ResumeCallback
                0x0000000008009ddc       0x1c ./USB_DEVICE/Target/usbd_conf.o
                0x0000000008009ddc                HAL_PCD_ResumeCallback
 .text.HAL_PCD_ISOOUTIncompleteCallback
                0x0000000008009df8       0x24 ./USB_DEVICE/Target/usbd_conf.o
                0x0000000008009df8                HAL_PCD_ISOOUTIncompleteCallback
 .text.HAL_PCD_ISOINIncompleteCallback
                0x0000000008009e1c       0x24 ./USB_DEVICE/Target/usbd_conf.o
                0x0000000008009e1c                HAL_PCD_ISOINIncompleteCallback
 .text.HAL_PCD_ConnectCallback
                0x0000000008009e40       0x1c ./USB_DEVICE/Target/usbd_conf.o
                0x0000000008009e40                HAL_PCD_ConnectCallback
 .text.HAL_PCD_DisconnectCallback
                0x0000000008009e5c       0x1c ./USB_DEVICE/Target/usbd_conf.o
                0x0000000008009e5c                HAL_PCD_DisconnectCallback
 .text.USBD_LL_Init
                0x0000000008009e78       0xa4 ./USB_DEVICE/Target/usbd_conf.o
                0x0000000008009e78                USBD_LL_Init
 .text.USBD_LL_Start
                0x0000000008009f1c       0x36 ./USB_DEVICE/Target/usbd_conf.o
                0x0000000008009f1c                USBD_LL_Start
 .text.USBD_LL_OpenEP
                0x0000000008009f52       0x4c ./USB_DEVICE/Target/usbd_conf.o
                0x0000000008009f52                USBD_LL_OpenEP
 .text.USBD_LL_CloseEP
                0x0000000008009f9e       0x3e ./USB_DEVICE/Target/usbd_conf.o
                0x0000000008009f9e                USBD_LL_CloseEP
 .text.USBD_LL_StallEP
                0x0000000008009fdc       0x3e ./USB_DEVICE/Target/usbd_conf.o
                0x0000000008009fdc                USBD_LL_StallEP
 .text.USBD_LL_ClearStallEP
                0x000000000800a01a       0x3e ./USB_DEVICE/Target/usbd_conf.o
                0x000000000800a01a                USBD_LL_ClearStallEP
 .text.USBD_LL_IsStallEP
                0x000000000800a058       0x58 ./USB_DEVICE/Target/usbd_conf.o
                0x000000000800a058                USBD_LL_IsStallEP
 .text.USBD_LL_SetUSBAddress
                0x000000000800a0b0       0x3e ./USB_DEVICE/Target/usbd_conf.o
                0x000000000800a0b0                USBD_LL_SetUSBAddress
 .text.USBD_LL_Transmit
                0x000000000800a0ee       0x42 ./USB_DEVICE/Target/usbd_conf.o
                0x000000000800a0ee                USBD_LL_Transmit
 .text.USBD_LL_PrepareReceive
                0x000000000800a130       0x42 ./USB_DEVICE/Target/usbd_conf.o
                0x000000000800a130                USBD_LL_PrepareReceive
 .text.USBD_LL_GetRxDataSize
                0x000000000800a172       0x26 ./USB_DEVICE/Target/usbd_conf.o
                0x000000000800a172                USBD_LL_GetRxDataSize
 .text.USBD_static_malloc
                0x000000000800a198       0x1c ./USB_DEVICE/Target/usbd_conf.o
                0x000000000800a198                USBD_static_malloc
 .text.USBD_static_free
                0x000000000800a1b4       0x14 ./USB_DEVICE/Target/usbd_conf.o
                0x000000000800a1b4                USBD_static_free
 .text.USBD_Get_USB_Status
                0x000000000800a1c8       0x58 ./USB_DEVICE/Target/usbd_conf.o
                0x000000000800a1c8                USBD_Get_USB_Status
 .text.std      0x000000000800a220       0x6c /home/mango/st/stm32cubeide_1.13.2/plugins/com.st.stm32cube.ide.mcu.externaltools.gnu-tools-for-stm32.11.3.rel1.linux64_1.1.100.202309141235/tools/bin/../lib/gcc/arm-none-eabi/11.3.1/../../../../arm-none-eabi/lib/thumb/v7e-m+dp/hard/libc_nano.a(libc_a-findfp.o)
 .text.stdio_exit_handler
                0x000000000800a28c       0x18 /home/mango/st/stm32cubeide_1.13.2/plugins/com.st.stm32cube.ide.mcu.externaltools.gnu-tools-for-stm32.11.3.rel1.linux64_1.1.100.202309141235/tools/bin/../lib/gcc/arm-none-eabi/11.3.1/../../../../arm-none-eabi/lib/thumb/v7e-m+dp/hard/libc_nano.a(libc_a-findfp.o)
 .text.cleanup_stdio
                0x000000000800a2a4       0x40 /home/mango/st/stm32cubeide_1.13.2/plugins/com.st.stm32cube.ide.mcu.externaltools.gnu-tools-for-stm32.11.3.rel1.linux64_1.1.100.202309141235/tools/bin/../lib/gcc/arm-none-eabi/11.3.1/../../../../arm-none-eabi/lib/thumb/v7e-m+dp/hard/libc_nano.a(libc_a-findfp.o)
 .text.global_stdio_init.part.0
                0x000000000800a2e4       0x3c /home/mango/st/stm32cubeide_1.13.2/plugins/com.st.stm32cube.ide.mcu.externaltools.gnu-tools-for-stm32.11.3.rel1.linux64_1.1.100.202309141235/tools/bin/../lib/gcc/arm-none-eabi/11.3.1/../../../../arm-none-eabi/lib/thumb/v7e-m+dp/hard/libc_nano.a(libc_a-findfp.o)
 .text.__sfp_lock_acquire
                0x000000000800a320        0xc /home/mango/st/stm32cubeide_1.13.2/plugins/com.st.stm32cube.ide.mcu.externaltools.gnu-tools-for-stm32.11.3.rel1.linux64_1.1.100.202309141235/tools/bin/../lib/gcc/arm-none-eabi/11.3.1/../../../../arm-none-eabi/lib/thumb/v7e-m+dp/hard/libc_nano.a(libc_a-findfp.o)
                0x000000000800a320                __sfp_lock_acquire
 .text.__sfp_lock_release
                0x000000000800a32c        0xc /home/mango/st/stm32cubeide_1.13.2/plugins/com.st.stm32cube.ide.mcu.externaltools.gnu-tools-for-stm32.11.3.rel1.linux64_1.1.100.202309141235/tools/bin/../lib/gcc/arm-none-eabi/11.3.1/../../../../arm-none-eabi/lib/thumb/v7e-m+dp/hard/libc_nano.a(libc_a-findfp.o)
                0x000000000800a32c                __sfp_lock_release
 .text.__sinit  0x000000000800a338       0x30 /home/mango/st/stm32cubeide_1.13.2/plugins/com.st.stm32cube.ide.mcu.externaltools.gnu-tools-for-stm32.11.3.rel1.linux64_1.1.100.202309141235/tools/bin/../lib/gcc/arm-none-eabi/11.3.1/../../../../arm-none-eabi/lib/thumb/v7e-m+dp/hard/libc_nano.a(libc_a-findfp.o)
                0x000000000800a338                __sinit
 .text._fwalk_sglue
                0x000000000800a368       0x3c /home/mango/st/stm32cubeide_1.13.2/plugins/com.st.stm32cube.ide.mcu.externaltools.gnu-tools-for-stm32.11.3.rel1.linux64_1.1.100.202309141235/tools/bin/../lib/gcc/arm-none-eabi/11.3.1/../../../../arm-none-eabi/lib/thumb/v7e-m+dp/hard/libc_nano.a(libc_a-fwalk.o)
                0x000000000800a368                _fwalk_sglue
 .text.printf   0x000000000800a3a4       0x24 /home/mango/st/stm32cubeide_1.13.2/plugins/com.st.stm32cube.ide.mcu.externaltools.gnu-tools-for-stm32.11.3.rel1.linux64_1.1.100.202309141235/tools/bin/../lib/gcc/arm-none-eabi/11.3.1/../../../../arm-none-eabi/lib/thumb/v7e-m+dp/hard/libc_nano.a(libc_a-printf.o)
                0x000000000800a3a4                printf
                0x000000000800a3a4                iprintf
 .text.putchar  0x000000000800a3c8       0x10 /home/mango/st/stm32cubeide_1.13.2/plugins/com.st.stm32cube.ide.mcu.externaltools.gnu-tools-for-stm32.11.3.rel1.linux64_1.1.100.202309141235/tools/bin/../lib/gcc/arm-none-eabi/11.3.1/../../../../arm-none-eabi/lib/thumb/v7e-m+dp/hard/libc_nano.a(libc_a-putchar.o)
                0x000000000800a3c8                putchar
 .text._puts_r  0x000000000800a3d8       0xa8 /home/mango/st/stm32cubeide_1.13.2/plugins/com.st.stm32cube.ide.mcu.externaltools.gnu-tools-for-stm32.11.3.rel1.linux64_1.1.100.202309141235/tools/bin/../lib/gcc/arm-none-eabi/11.3.1/../../../../arm-none-eabi/lib/thumb/v7e-m+dp/hard/libc_nano.a(libc_a-puts.o)
                0x000000000800a3d8                _puts_r
 .text.puts     0x000000000800a480       0x10 /home/mango/st/stm32cubeide_1.13.2/plugins/com.st.stm32cube.ide.mcu.externaltools.gnu-tools-for-stm32.11.3.rel1.linux64_1.1.100.202309141235/tools/bin/../lib/gcc/arm-none-eabi/11.3.1/../../../../arm-none-eabi/lib/thumb/v7e-m+dp/hard/libc_nano.a(libc_a-puts.o)
                0x000000000800a480                puts
 .text.__sread  0x000000000800a490       0x22 /home/mango/st/stm32cubeide_1.13.2/plugins/com.st.stm32cube.ide.mcu.externaltools.gnu-tools-for-stm32.11.3.rel1.linux64_1.1.100.202309141235/tools/bin/../lib/gcc/arm-none-eabi/11.3.1/../../../../arm-none-eabi/lib/thumb/v7e-m+dp/hard/libc_nano.a(libc_a-stdio.o)
                0x000000000800a490                __sread
 .text.__swrite
                0x000000000800a4b2       0x38 /home/mango/st/stm32cubeide_1.13.2/plugins/com.st.stm32cube.ide.mcu.externaltools.gnu-tools-for-stm32.11.3.rel1.linux64_1.1.100.202309141235/tools/bin/../lib/gcc/arm-none-eabi/11.3.1/../../../../arm-none-eabi/lib/thumb/v7e-m+dp/hard/libc_nano.a(libc_a-stdio.o)
                0x000000000800a4b2                __swrite
 .text.__sseek  0x000000000800a4ea       0x24 /home/mango/st/stm32cubeide_1.13.2/plugins/com.st.stm32cube.ide.mcu.externaltools.gnu-tools-for-stm32.11.3.rel1.linux64_1.1.100.202309141235/tools/bin/../lib/gcc/arm-none-eabi/11.3.1/../../../../arm-none-eabi/lib/thumb/v7e-m+dp/hard/libc_nano.a(libc_a-stdio.o)
                0x000000000800a4ea                __sseek
 .text.__sclose
                0x000000000800a50e        0x8 /home/mango/st/stm32cubeide_1.13.2/plugins/com.st.stm32cube.ide.mcu.externaltools.gnu-tools-for-stm32.11.3.rel1.linux64_1.1.100.202309141235/tools/bin/../lib/gcc/arm-none-eabi/11.3.1/../../../../arm-none-eabi/lib/thumb/v7e-m+dp/hard/libc_nano.a(libc_a-stdio.o)
                0x000000000800a50e                __sclose
 *fill*         0x000000000800a516        0x2 
 .text.vprintf  0x000000000800a518       0x14 /home/mango/st/stm32cubeide_1.13.2/plugins/com.st.stm32cube.ide.mcu.externaltools.gnu-tools-for-stm32.11.3.rel1.linux64_1.1.100.202309141235/tools/bin/../lib/gcc/arm-none-eabi/11.3.1/../../../../arm-none-eabi/lib/thumb/v7e-m+dp/hard/libc_nano.a(libc_a-vprintf.o)
                0x000000000800a518                vprintf
                0x000000000800a518                viprintf
 .text.__swbuf_r
                0x000000000800a52c       0x7a /home/mango/st/stm32cubeide_1.13.2/plugins/com.st.stm32cube.ide.mcu.externaltools.gnu-tools-for-stm32.11.3.rel1.linux64_1.1.100.202309141235/tools/bin/../lib/gcc/arm-none-eabi/11.3.1/../../../../arm-none-eabi/lib/thumb/v7e-m+dp/hard/libc_nano.a(libc_a-wbuf.o)
                0x000000000800a52c                __swbuf_r
 *fill*         0x000000000800a5a6        0x2 
 .text.__swsetup_r
                0x000000000800a5a8       0xb0 /home/mango/st/stm32cubeide_1.13.2/plugins/com.st.stm32cube.ide.mcu.externaltools.gnu-tools-for-stm32.11.3.rel1.linux64_1.1.100.202309141235/tools/bin/../lib/gcc/arm-none-eabi/11.3.1/../../../../arm-none-eabi/lib/thumb/v7e-m+dp/hard/libc_nano.a(libc_a-wsetup.o)
                0x000000000800a5a8                __swsetup_r
 .text.memset   0x000000000800a658       0x10 /home/mango/st/stm32cubeide_1.13.2/plugins/com.st.stm32cube.ide.mcu.externaltools.gnu-tools-for-stm32.11.3.rel1.linux64_1.1.100.202309141235/tools/bin/../lib/gcc/arm-none-eabi/11.3.1/../../../../arm-none-eabi/lib/thumb/v7e-m+dp/hard/libc_nano.a(libc_a-memset.o)
                0x000000000800a658                memset
 .text._close_r
                0x000000000800a668       0x20 /home/mango/st/stm32cubeide_1.13.2/plugins/com.st.stm32cube.ide.mcu.externaltools.gnu-tools-for-stm32.11.3.rel1.linux64_1.1.100.202309141235/tools/bin/../lib/gcc/arm-none-eabi/11.3.1/../../../../arm-none-eabi/lib/thumb/v7e-m+dp/hard/libc_nano.a(libc_a-closer.o)
                0x000000000800a668                _close_r
 .text._lseek_r
                0x000000000800a688       0x24 /home/mango/st/stm32cubeide_1.13.2/plugins/com.st.stm32cube.ide.mcu.externaltools.gnu-tools-for-stm32.11.3.rel1.linux64_1.1.100.202309141235/tools/bin/../lib/gcc/arm-none-eabi/11.3.1/../../../../arm-none-eabi/lib/thumb/v7e-m+dp/hard/libc_nano.a(libc_a-lseekr.o)
                0x000000000800a688                _lseek_r
 .text._read_r  0x000000000800a6ac       0x24 /home/mango/st/stm32cubeide_1.13.2/plugins/com.st.stm32cube.ide.mcu.externaltools.gnu-tools-for-stm32.11.3.rel1.linux64_1.1.100.202309141235/tools/bin/../lib/gcc/arm-none-eabi/11.3.1/../../../../arm-none-eabi/lib/thumb/v7e-m+dp/hard/libc_nano.a(libc_a-readr.o)
                0x000000000800a6ac                _read_r
 .text._write_r
                0x000000000800a6d0       0x24 /home/mango/st/stm32cubeide_1.13.2/plugins/com.st.stm32cube.ide.mcu.externaltools.gnu-tools-for-stm32.11.3.rel1.linux64_1.1.100.202309141235/tools/bin/../lib/gcc/arm-none-eabi/11.3.1/../../../../arm-none-eabi/lib/thumb/v7e-m+dp/hard/libc_nano.a(libc_a-writer.o)
                0x000000000800a6d0                _write_r
 .text.__errno  0x000000000800a6f4        0xc /home/mango/st/stm32cubeide_1.13.2/plugins/com.st.stm32cube.ide.mcu.externaltools.gnu-tools-for-stm32.11.3.rel1.linux64_1.1.100.202309141235/tools/bin/../lib/gcc/arm-none-eabi/11.3.1/../../../../arm-none-eabi/lib/thumb/v7e-m+dp/hard/libc_nano.a(libc_a-errno.o)
                0x000000000800a6f4                __errno
 .text.__libc_init_array
                0x000000000800a700       0x48 /home/mango/st/stm32cubeide_1.13.2/plugins/com.st.stm32cube.ide.mcu.externaltools.gnu-tools-for-stm32.11.3.rel1.linux64_1.1.100.202309141235/tools/bin/../lib/gcc/arm-none-eabi/11.3.1/../../../../arm-none-eabi/lib/thumb/v7e-m+dp/hard/libc_nano.a(libc_a-init.o)
                0x000000000800a700                __libc_init_array
 .text.__retarget_lock_init_recursive
                0x000000000800a748        0x2 /home/mango/st/stm32cubeide_1.13.2/plugins/com.st.stm32cube.ide.mcu.externaltools.gnu-tools-for-stm32.11.3.rel1.linux64_1.1.100.202309141235/tools/bin/../lib/gcc/arm-none-eabi/11.3.1/../../../../arm-none-eabi/lib/thumb/v7e-m+dp/hard/libc_nano.a(libc_a-lock.o)
                0x000000000800a748                __retarget_lock_init_recursive
 .text.__retarget_lock_acquire_recursive
                0x000000000800a74a        0x2 /home/mango/st/stm32cubeide_1.13.2/plugins/com.st.stm32cube.ide.mcu.externaltools.gnu-tools-for-stm32.11.3.rel1.linux64_1.1.100.202309141235/tools/bin/../lib/gcc/arm-none-eabi/11.3.1/../../../../arm-none-eabi/lib/thumb/v7e-m+dp/hard/libc_nano.a(libc_a-lock.o)
                0x000000000800a74a                __retarget_lock_acquire_recursive
 .text.__retarget_lock_release_recursive
                0x000000000800a74c        0x2 /home/mango/st/stm32cubeide_1.13.2/plugins/com.st.stm32cube.ide.mcu.externaltools.gnu-tools-for-stm32.11.3.rel1.linux64_1.1.100.202309141235/tools/bin/../lib/gcc/arm-none-eabi/11.3.1/../../../../arm-none-eabi/lib/thumb/v7e-m+dp/hard/libc_nano.a(libc_a-lock.o)
                0x000000000800a74c                __retarget_lock_release_recursive
 *fill*         0x000000000800a74e        0x2 
 .text._free_r  0x000000000800a750       0x98 /home/mango/st/stm32cubeide_1.13.2/plugins/com.st.stm32cube.ide.mcu.externaltools.gnu-tools-for-stm32.11.3.rel1.linux64_1.1.100.202309141235/tools/bin/../lib/gcc/arm-none-eabi/11.3.1/../../../../arm-none-eabi/lib/thumb/v7e-m+dp/hard/libc_nano.a(libc_a-freer.o)
                0x000000000800a750                _free_r
 .text.sbrk_aligned
                0x000000000800a7e8       0x40 /home/mango/st/stm32cubeide_1.13.2/plugins/com.st.stm32cube.ide.mcu.externaltools.gnu-tools-for-stm32.11.3.rel1.linux64_1.1.100.202309141235/tools/bin/../lib/gcc/arm-none-eabi/11.3.1/../../../../arm-none-eabi/lib/thumb/v7e-m+dp/hard/libc_nano.a(libc_a-mallocr.o)
 .text._malloc_r
                0x000000000800a828      0x100 /home/mango/st/stm32cubeide_1.13.2/plugins/com.st.stm32cube.ide.mcu.externaltools.gnu-tools-for-stm32.11.3.rel1.linux64_1.1.100.202309141235/tools/bin/../lib/gcc/arm-none-eabi/11.3.1/../../../../arm-none-eabi/lib/thumb/v7e-m+dp/hard/libc_nano.a(libc_a-mallocr.o)
                0x000000000800a828                _malloc_r
 .text.__malloc_lock
                0x000000000800a928        0xc /home/mango/st/stm32cubeide_1.13.2/plugins/com.st.stm32cube.ide.mcu.externaltools.gnu-tools-for-stm32.11.3.rel1.linux64_1.1.100.202309141235/tools/bin/../lib/gcc/arm-none-eabi/11.3.1/../../../../arm-none-eabi/lib/thumb/v7e-m+dp/hard/libc_nano.a(libc_a-mlock.o)
                0x000000000800a928                __malloc_lock
 .text.__malloc_unlock
                0x000000000800a934        0xc /home/mango/st/stm32cubeide_1.13.2/plugins/com.st.stm32cube.ide.mcu.externaltools.gnu-tools-for-stm32.11.3.rel1.linux64_1.1.100.202309141235/tools/bin/../lib/gcc/arm-none-eabi/11.3.1/../../../../arm-none-eabi/lib/thumb/v7e-m+dp/hard/libc_nano.a(libc_a-mlock.o)
                0x000000000800a934                __malloc_unlock
 .text.__sfputc_r
                0x000000000800a940       0x2e /home/mango/st/stm32cubeide_1.13.2/plugins/com.st.stm32cube.ide.mcu.externaltools.gnu-tools-for-stm32.11.3.rel1.linux64_1.1.100.202309141235/tools/bin/../lib/gcc/arm-none-eabi/11.3.1/../../../../arm-none-eabi/lib/thumb/v7e-m+dp/hard/libc_nano.a(libc_a-nano-vfprintf.o)
 .text.__sfputs_r
                0x000000000800a96e       0x24 /home/mango/st/stm32cubeide_1.13.2/plugins/com.st.stm32cube.ide.mcu.externaltools.gnu-tools-for-stm32.11.3.rel1.linux64_1.1.100.202309141235/tools/bin/../lib/gcc/arm-none-eabi/11.3.1/../../../../arm-none-eabi/lib/thumb/v7e-m+dp/hard/libc_nano.a(libc_a-nano-vfprintf.o)
                0x000000000800a96e                __sfputs_r
 *fill*         0x000000000800a992        0x2 
 .text._vfprintf_r
                0x000000000800a994      0x234 /home/mango/st/stm32cubeide_1.13.2/plugins/com.st.stm32cube.ide.mcu.externaltools.gnu-tools-for-stm32.11.3.rel1.linux64_1.1.100.202309141235/tools/bin/../lib/gcc/arm-none-eabi/11.3.1/../../../../arm-none-eabi/lib/thumb/v7e-m+dp/hard/libc_nano.a(libc_a-nano-vfprintf.o)
                0x000000000800a994                _vfiprintf_r
                0x000000000800a994                _vfprintf_r
 .text._printf_common
                0x000000000800abc8       0xda /home/mango/st/stm32cubeide_1.13.2/plugins/com.st.stm32cube.ide.mcu.externaltools.gnu-tools-for-stm32.11.3.rel1.linux64_1.1.100.202309141235/tools/bin/../lib/gcc/arm-none-eabi/11.3.1/../../../../arm-none-eabi/lib/thumb/v7e-m+dp/hard/libc_nano.a(libc_a-nano-vfprintf_i.o)
                0x000000000800abc8                _printf_common
 *fill*         0x000000000800aca2        0x2 
 .text._printf_i
                0x000000000800aca4      0x244 /home/mango/st/stm32cubeide_1.13.2/plugins/com.st.stm32cube.ide.mcu.externaltools.gnu-tools-for-stm32.11.3.rel1.linux64_1.1.100.202309141235/tools/bin/../lib/gcc/arm-none-eabi/11.3.1/../../../../arm-none-eabi/lib/thumb/v7e-m+dp/hard/libc_nano.a(libc_a-nano-vfprintf_i.o)
                0x000000000800aca4                _printf_i
 .text.__sflush_r
                0x000000000800aee8      0x10c /home/mango/st/stm32cubeide_1.13.2/plugins/com.st.stm32cube.ide.mcu.externaltools.gnu-tools-for-stm32.11.3.rel1.linux64_1.1.100.202309141235/tools/bin/../lib/gcc/arm-none-eabi/11.3.1/../../../../arm-none-eabi/lib/thumb/v7e-m+dp/hard/libc_nano.a(libc_a-fflush.o)
                0x000000000800aee8                __sflush_r
 .text._fflush_r
                0x000000000800aff4       0x50 /home/mango/st/stm32cubeide_1.13.2/plugins/com.st.stm32cube.ide.mcu.externaltools.gnu-tools-for-stm32.11.3.rel1.linux64_1.1.100.202309141235/tools/bin/../lib/gcc/arm-none-eabi/11.3.1/../../../../arm-none-eabi/lib/thumb/v7e-m+dp/hard/libc_nano.a(libc_a-fflush.o)
                0x000000000800aff4                _fflush_r
 .text.__swhatbuf_r
                0x000000000800b044       0x4c /home/mango/st/stm32cubeide_1.13.2/plugins/com.st.stm32cube.ide.mcu.externaltools.gnu-tools-for-stm32.11.3.rel1.linux64_1.1.100.202309141235/tools/bin/../lib/gcc/arm-none-eabi/11.3.1/../../../../arm-none-eabi/lib/thumb/v7e-m+dp/hard/libc_nano.a(libc_a-makebuf.o)
                0x000000000800b044                __swhatbuf_r
 .text.__smakebuf_r
                0x000000000800b090       0x78 /home/mango/st/stm32cubeide_1.13.2/plugins/com.st.stm32cube.ide.mcu.externaltools.gnu-tools-for-stm32.11.3.rel1.linux64_1.1.100.202309141235/tools/bin/../lib/gcc/arm-none-eabi/11.3.1/../../../../arm-none-eabi/lib/thumb/v7e-m+dp/hard/libc_nano.a(libc_a-makebuf.o)
                0x000000000800b090                __smakebuf_r
 .text._putc_r  0x000000000800b108       0x68 /home/mango/st/stm32cubeide_1.13.2/plugins/com.st.stm32cube.ide.mcu.externaltools.gnu-tools-for-stm32.11.3.rel1.linux64_1.1.100.202309141235/tools/bin/../lib/gcc/arm-none-eabi/11.3.1/../../../../arm-none-eabi/lib/thumb/v7e-m+dp/hard/libc_nano.a(libc_a-putc.o)
                0x000000000800b108                _putc_r
 .text._fstat_r
                0x000000000800b170       0x24 /home/mango/st/stm32cubeide_1.13.2/plugins/com.st.stm32cube.ide.mcu.externaltools.gnu-tools-for-stm32.11.3.rel1.linux64_1.1.100.202309141235/tools/bin/../lib/gcc/arm-none-eabi/11.3.1/../../../../arm-none-eabi/lib/thumb/v7e-m+dp/hard/libc_nano.a(libc_a-fstatr.o)
                0x000000000800b170                _fstat_r
 .text._isatty_r
                0x000000000800b194       0x20 /home/mango/st/stm32cubeide_1.13.2/plugins/com.st.stm32cube.ide.mcu.externaltools.gnu-tools-for-stm32.11.3.rel1.linux64_1.1.100.202309141235/tools/bin/../lib/gcc/arm-none-eabi/11.3.1/../../../../arm-none-eabi/lib/thumb/v7e-m+dp/hard/libc_nano.a(libc_a-isattyr.o)
                0x000000000800b194                _isatty_r
 .text._sbrk_r  0x000000000800b1b4       0x20 /home/mango/st/stm32cubeide_1.13.2/plugins/com.st.stm32cube.ide.mcu.externaltools.gnu-tools-for-stm32.11.3.rel1.linux64_1.1.100.202309141235/tools/bin/../lib/gcc/arm-none-eabi/11.3.1/../../../../arm-none-eabi/lib/thumb/v7e-m+dp/hard/libc_nano.a(libc_a-sbrkr.o)
                0x000000000800b1b4                _sbrk_r
 *(.glue_7)
 .glue_7        0x000000000800b1d4        0x0 linker stubs
 *(.glue_7t)
 .glue_7t       0x000000000800b1d4        0x0 linker stubs
 *(.eh_frame)
 .eh_frame      0x000000000800b1d4        0x0 /home/mango/st/stm32cubeide_1.13.2/plugins/com.st.stm32cube.ide.mcu.externaltools.gnu-tools-for-stm32.11.3.rel1.linux64_1.1.100.202309141235/tools/bin/../lib/gcc/arm-none-eabi/11.3.1/thumb/v7e-m+dp/hard/crtbegin.o
 *(.init)
 .init          0x000000000800b1d4        0x4 /home/mango/st/stm32cubeide_1.13.2/plugins/com.st.stm32cube.ide.mcu.externaltools.gnu-tools-for-stm32.11.3.rel1.linux64_1.1.100.202309141235/tools/bin/../lib/gcc/arm-none-eabi/11.3.1/thumb/v7e-m+dp/hard/crti.o
                0x000000000800b1d4                _init
 .init          0x000000000800b1d8        0x8 /home/mango/st/stm32cubeide_1.13.2/plugins/com.st.stm32cube.ide.mcu.externaltools.gnu-tools-for-stm32.11.3.rel1.linux64_1.1.100.202309141235/tools/bin/../lib/gcc/arm-none-eabi/11.3.1/thumb/v7e-m+dp/hard/crtn.o
 *(.fini)
 .fini          0x000000000800b1e0        0x4 /home/mango/st/stm32cubeide_1.13.2/plugins/com.st.stm32cube.ide.mcu.externaltools.gnu-tools-for-stm32.11.3.rel1.linux64_1.1.100.202309141235/tools/bin/../lib/gcc/arm-none-eabi/11.3.1/thumb/v7e-m+dp/hard/crti.o
                0x000000000800b1e0                _fini
 .fini          0x000000000800b1e4        0x8 /home/mango/st/stm32cubeide_1.13.2/plugins/com.st.stm32cube.ide.mcu.externaltools.gnu-tools-for-stm32.11.3.rel1.linux64_1.1.100.202309141235/tools/bin/../lib/gcc/arm-none-eabi/11.3.1/thumb/v7e-m+dp/hard/crtn.o
                0x000000000800b1ec                . = ALIGN (0x4)
                0x000000000800b1ec                _etext = .

.vfp11_veneer   0x000000000800b1ec        0x0
 .vfp11_veneer  0x000000000800b1ec        0x0 linker stubs

.v4_bx          0x000000000800b1ec        0x0
 .v4_bx         0x000000000800b1ec        0x0 linker stubs

.iplt           0x000000000800b1ec        0x0
 .iplt          0x000000000800b1ec        0x0 /home/mango/st/stm32cubeide_1.13.2/plugins/com.st.stm32cube.ide.mcu.externaltools.gnu-tools-for-stm32.11.3.rel1.linux64_1.1.100.202309141235/tools/bin/../lib/gcc/arm-none-eabi/11.3.1/thumb/v7e-m+dp/hard/crtbegin.o

.rodata         0x000000000800b1ec      0x1f0
                0x000000000800b1ec                . = ALIGN (0x4)
 *(.rodata)
 .rodata        0x000000000800b1ec       0x6a ./Core/Src/logger.o
 *fill*         0x000000000800b256        0x2 
 .rodata        0x000000000800b258       0xbf ./Core/Src/main.o
 *fill*         0x000000000800b317        0x1 
 .rodata        0x000000000800b318       0x35 ./Middlewares/ST/STM32_USB_Device_Library/Core/Src/usbd_core.o
 *fill*         0x000000000800b34d        0x3 
 .rodata        0x000000000800b350       0x46 ./USB_DEVICE/App/usbd_desc.o
 *(.rodata*)
 *fill*         0x000000000800b396        0x2 
 .rodata.D1CorePrescTable
                0x000000000800b398       0x10 ./Core/Src/system_stm32h7xx.o
                0x000000000800b398                D1CorePrescTable
 .rodata._vfprintf_r.str1.1
                0x000000000800b3a8       0x11 /home/mango/st/stm32cubeide_1.13.2/plugins/com.st.stm32cube.ide.mcu.externaltools.gnu-tools-for-stm32.11.3.rel1.linux64_1.1.100.202309141235/tools/bin/../lib/gcc/arm-none-eabi/11.3.1/../../../../arm-none-eabi/lib/thumb/v7e-m+dp/hard/libc_nano.a(libc_a-nano-vfprintf.o)
 .rodata._printf_i.str1.1
                0x000000000800b3b9       0x22 /home/mango/st/stm32cubeide_1.13.2/plugins/com.st.stm32cube.ide.mcu.externaltools.gnu-tools-for-stm32.11.3.rel1.linux64_1.1.100.202309141235/tools/bin/../lib/gcc/arm-none-eabi/11.3.1/../../../../arm-none-eabi/lib/thumb/v7e-m+dp/hard/libc_nano.a(libc_a-nano-vfprintf_i.o)
                0x000000000800b3dc                . = ALIGN (0x4)
 *fill*         0x000000000800b3db        0x1 

.rel.dyn        0x000000000800b3dc        0x0
 .rel.iplt      0x000000000800b3dc        0x0 /home/mango/st/stm32cubeide_1.13.2/plugins/com.st.stm32cube.ide.mcu.externaltools.gnu-tools-for-stm32.11.3.rel1.linux64_1.1.100.202309141235/tools/bin/../lib/gcc/arm-none-eabi/11.3.1/thumb/v7e-m+dp/hard/crtbegin.o

.ARM.extab
 *(.ARM.extab* .gnu.linkonce.armextab.*)

.ARM            0x000000000800b3dc        0x0
                0x000000000800b3dc                __exidx_start = .
 *(.ARM.exidx*)
                0x000000000800b3dc                __exidx_end = .

.preinit_array  0x000000000800b3dc        0x0
                0x000000000800b3dc                PROVIDE (__preinit_array_start = .)
 *(.preinit_array*)
                0x000000000800b3dc                PROVIDE (__preinit_array_end = .)

.init_array     0x000000000800b3dc        0x4
                0x000000000800b3dc                PROVIDE (__init_array_start = .)
 *(SORT_BY_NAME(.init_array.*))
 *(.init_array*)
 .init_array    0x000000000800b3dc        0x4 /home/mango/st/stm32cubeide_1.13.2/plugins/com.st.stm32cube.ide.mcu.externaltools.gnu-tools-for-stm32.11.3.rel1.linux64_1.1.100.202309141235/tools/bin/../lib/gcc/arm-none-eabi/11.3.1/thumb/v7e-m+dp/hard/crtbegin.o
                0x000000000800b3e0                PROVIDE (__init_array_end = .)

.fini_array     0x000000000800b3e0        0x4
                [!provide]                        PROVIDE (__fini_array_start = .)
 *(SORT_BY_NAME(.fini_array.*))
 *(.fini_array*)
 .fini_array    0x000000000800b3e0        0x4 /home/mango/st/stm32cubeide_1.13.2/plugins/com.st.stm32cube.ide.mcu.externaltools.gnu-tools-for-stm32.11.3.rel1.linux64_1.1.100.202309141235/tools/bin/../lib/gcc/arm-none-eabi/11.3.1/thumb/v7e-m+dp/hard/crtbegin.o
                [!provide]                        PROVIDE (__fini_array_end = .)
                0x000000000800b3e4                _sidata = LOADADDR (.data)

.data           0x0000000024000000      0x160 load address 0x000000000800b3e4
                0x0000000024000000                . = ALIGN (0x4)
                0x0000000024000000                _sdata = .
 *(.data)
 *(.data*)
 .data.SystemCoreClock
                0x0000000024000000        0x4 ./Core/Src/system_stm32h7xx.o
                0x0000000024000000                SystemCoreClock
 .data.SystemD2Clock
                0x0000000024000004        0x4 ./Core/Src/system_stm32h7xx.o
                0x0000000024000004                SystemD2Clock
 .data.uwTickPrio
                0x0000000024000008        0x4 ./Drivers/STM32H7xx_HAL_Driver/Src/stm32h7xx_hal.o
                0x0000000024000008                uwTickPrio
 .data.uwTickFreq
                0x000000002400000c        0x1 ./Drivers/STM32H7xx_HAL_Driver/Src/stm32h7xx_hal.o
                0x000000002400000c                uwTickFreq
 *fill*         0x000000002400000d        0x3 
 .data.USBD_CDC_DeviceQualifierDesc
                0x0000000024000010        0xa ./Middlewares/ST/STM32_USB_Device_Library/Class/CDC/Src/usbd_cdc.o
 *fill*         0x000000002400001a        0x2 
 .data.USBD_CDC
                0x000000002400001c       0x38 ./Middlewares/ST/STM32_USB_Device_Library/Class/CDC/Src/usbd_cdc.o
                0x000000002400001c                USBD_CDC
 .data.USBD_CDC_CfgDesc
                0x0000000024000054       0x43 ./Middlewares/ST/STM32_USB_Device_Library/Class/CDC/Src/usbd_cdc.o
 .data.CDCInEpAdd
                0x0000000024000097        0x1 ./Middlewares/ST/STM32_USB_Device_Library/Class/CDC/Src/usbd_cdc.o
 .data.CDCOutEpAdd
                0x0000000024000098        0x1 ./Middlewares/ST/STM32_USB_Device_Library/Class/CDC/Src/usbd_cdc.o
 .data.CDCCmdEpAdd
                0x0000000024000099        0x1 ./Middlewares/ST/STM32_USB_Device_Library/Class/CDC/Src/usbd_cdc.o
 *fill*         0x000000002400009a        0x2 
 .data.USBD_Interface_fops_FS
                0x000000002400009c       0x14 ./USB_DEVICE/App/usbd_cdc_if.o
                0x000000002400009c                USBD_Interface_fops_FS
 .data.FS_Desc  0x00000000240000b0       0x20 ./USB_DEVICE/App/usbd_desc.o
                0x00000000240000b0                FS_Desc
 .data.USBD_FS_DeviceDesc
                0x00000000240000d0       0x12 ./USB_DEVICE/App/usbd_desc.o
                0x00000000240000d0                USBD_FS_DeviceDesc
 *fill*         0x00000000240000e2        0x2 
 .data.USBD_LangIDDesc
                0x00000000240000e4        0x4 ./USB_DEVICE/App/usbd_desc.o
                0x00000000240000e4                USBD_LangIDDesc
 .data.USBD_StringSerial
                0x00000000240000e8       0x1a ./USB_DEVICE/App/usbd_desc.o
                0x00000000240000e8                USBD_StringSerial
 *fill*         0x0000000024000102        0x2 
 .data.__sglue  0x0000000024000104        0xc /home/mango/st/stm32cubeide_1.13.2/plugins/com.st.stm32cube.ide.mcu.externaltools.gnu-tools-for-stm32.11.3.rel1.linux64_1.1.100.202309141235/tools/bin/../lib/gcc/arm-none-eabi/11.3.1/../../../../arm-none-eabi/lib/thumb/v7e-m+dp/hard/libc_nano.a(libc_a-findfp.o)
                0x0000000024000104                __sglue
 .data._impure_data
                0x0000000024000110       0x4c /home/mango/st/stm32cubeide_1.13.2/plugins/com.st.stm32cube.ide.mcu.externaltools.gnu-tools-for-stm32.11.3.rel1.linux64_1.1.100.202309141235/tools/bin/../lib/gcc/arm-none-eabi/11.3.1/../../../../arm-none-eabi/lib/thumb/v7e-m+dp/hard/libc_nano.a(libc_a-impure.o)
                0x0000000024000110                _impure_data
 .data._impure_ptr
                0x000000002400015c        0x4 /home/mango/st/stm32cubeide_1.13.2/plugins/com.st.stm32cube.ide.mcu.externaltools.gnu-tools-for-stm32.11.3.rel1.linux64_1.1.100.202309141235/tools/bin/../lib/gcc/arm-none-eabi/11.3.1/../../../../arm-none-eabi/lib/thumb/v7e-m+dp/hard/libc_nano.a(libc_a-impure.o)
                0x000000002400015c                _impure_ptr
 *(.RamFunc)
 *(.RamFunc*)
                0x0000000024000160                . = ALIGN (0x4)
                0x0000000024000160                _edata = .

.igot.plt       0x0000000024000160        0x0 load address 0x000000000800b544
 .igot.plt      0x0000000024000160        0x0 /home/mango/st/stm32cubeide_1.13.2/plugins/com.st.stm32cube.ide.mcu.externaltools.gnu-tools-for-stm32.11.3.rel1.linux64_1.1.100.202309141235/tools/bin/../lib/gcc/arm-none-eabi/11.3.1/thumb/v7e-m+dp/hard/crtbegin.o
                0x0000000024000160                . = ALIGN (0x4)

.bss            0x0000000024000160     0x25e4 load address 0x000000000800b544
                0x0000000024000160                _sbss = .
                0x0000000024000160                __bss_start__ = _sbss
 *(.bss)
 .bss           0x0000000024000160       0x1c /home/mango/st/stm32cubeide_1.13.2/plugins/com.st.stm32cube.ide.mcu.externaltools.gnu-tools-for-stm32.11.3.rel1.linux64_1.1.100.202309141235/tools/bin/../lib/gcc/arm-none-eabi/11.3.1/thumb/v7e-m+dp/hard/crtbegin.o
 *(.bss*)
 .bss.htim16    0x000000002400017c       0x4c ./Core/Src/main.o
                0x000000002400017c                htim16
 .bss.CDCRxBufferFS
                0x00000000240001c8      0x800 ./Core/Src/main.o
                0x00000000240001c8                CDCRxBufferFS
 .bss.TimAInterrupts
                0x00000000240009c8        0x2 ./Core/Src/main.o
                0x00000000240009c8                TimAInterrupts
 .bss.TimBInterrupts
                0x00000000240009ca        0x2 ./Core/Src/main.o
                0x00000000240009ca                TimBInterrupts
 .bss.TimMInterrupts
                0x00000000240009cc        0x2 ./Core/Src/main.o
                0x00000000240009cc                TimMInterrupts
 .bss.Tim16Interrupts
                0x00000000240009ce        0x2 ./Core/Src/main.o
                0x00000000240009ce                Tim16Interrupts
 .bss.__sbrk_heap_end
                0x00000000240009d0        0x4 ./Core/Src/sysmem.o
 .bss.uwTick    0x00000000240009d4        0x4 ./Drivers/STM32H7xx_HAL_Driver/Src/stm32h7xx_hal.o
                0x00000000240009d4                uwTick
 .bss.cfgidx.0  0x00000000240009d8        0x1 ./Middlewares/ST/STM32_USB_Device_Library/Core/Src/usbd_ctlreq.o
 *fill*         0x00000000240009d9        0x3 
 .bss.flag      0x00000000240009dc        0x4 ./USB_DEVICE/App/usb_device.o
                0x00000000240009dc                flag
 .bss.tick      0x00000000240009e0        0x4 ./USB_DEVICE/App/usb_device.o
                0x00000000240009e0                tick
 .bss.hUsbDeviceFS
                0x00000000240009e4      0x2dc ./USB_DEVICE/App/usb_device.o
                0x00000000240009e4                hUsbDeviceFS
 .bss.tempbuf   0x0000000024000cc0        0x7 ./USB_DEVICE/App/usbd_cdc_if.o
                0x0000000024000cc0                tempbuf
 *fill*         0x0000000024000cc7        0x1 
 .bss.UserRxBufferFS
                0x0000000024000cc8      0x800 ./USB_DEVICE/App/usbd_cdc_if.o
                0x0000000024000cc8                UserRxBufferFS
 .bss.UserTxBufferFS
                0x00000000240014c8      0x800 ./USB_DEVICE/App/usbd_cdc_if.o
                0x00000000240014c8                UserTxBufferFS
 .bss.USBD_StrDesc
                0x0000000024001cc8      0x200 ./USB_DEVICE/App/usbd_desc.o
                0x0000000024001cc8                USBD_StrDesc
 .bss.USB_OTG_FS_State
                0x0000000024001ec8        0x4 ./USB_DEVICE/Target/usbd_conf.o
                0x0000000024001ec8                USB_OTG_FS_State
 .bss.hpcd_USB_OTG_FS
                0x0000000024001ecc      0x50c ./USB_DEVICE/Target/usbd_conf.o
                0x0000000024001ecc                hpcd_USB_OTG_FS
 .bss.mem.0     0x00000000240023d8      0x220 ./USB_DEVICE/Target/usbd_conf.o
 .bss.__sf      0x00000000240025f8      0x138 /home/mango/st/stm32cubeide_1.13.2/plugins/com.st.stm32cube.ide.mcu.externaltools.gnu-tools-for-stm32.11.3.rel1.linux64_1.1.100.202309141235/tools/bin/../lib/gcc/arm-none-eabi/11.3.1/../../../../arm-none-eabi/lib/thumb/v7e-m+dp/hard/libc_nano.a(libc_a-findfp.o)
                0x00000000240025f8                __sf
 .bss.__stdio_exit_handler
                0x0000000024002730        0x4 /home/mango/st/stm32cubeide_1.13.2/plugins/com.st.stm32cube.ide.mcu.externaltools.gnu-tools-for-stm32.11.3.rel1.linux64_1.1.100.202309141235/tools/bin/../lib/gcc/arm-none-eabi/11.3.1/../../../../arm-none-eabi/lib/thumb/v7e-m+dp/hard/libc_nano.a(libc_a-findfp.o)
                0x0000000024002730                __stdio_exit_handler
 .bss.errno     0x0000000024002734        0x4 /home/mango/st/stm32cubeide_1.13.2/plugins/com.st.stm32cube.ide.mcu.externaltools.gnu-tools-for-stm32.11.3.rel1.linux64_1.1.100.202309141235/tools/bin/../lib/gcc/arm-none-eabi/11.3.1/../../../../arm-none-eabi/lib/thumb/v7e-m+dp/hard/libc_nano.a(libc_a-reent.o)
                0x0000000024002734                errno
 .bss.__lock___malloc_recursive_mutex
                0x0000000024002738        0x1 /home/mango/st/stm32cubeide_1.13.2/plugins/com.st.stm32cube.ide.mcu.externaltools.gnu-tools-for-stm32.11.3.rel1.linux64_1.1.100.202309141235/tools/bin/../lib/gcc/arm-none-eabi/11.3.1/../../../../arm-none-eabi/lib/thumb/v7e-m+dp/hard/libc_nano.a(libc_a-lock.o)
                0x0000000024002738                __lock___malloc_recursive_mutex
 .bss.__lock___sfp_recursive_mutex
                0x0000000024002739        0x1 /home/mango/st/stm32cubeide_1.13.2/plugins/com.st.stm32cube.ide.mcu.externaltools.gnu-tools-for-stm32.11.3.rel1.linux64_1.1.100.202309141235/tools/bin/../lib/gcc/arm-none-eabi/11.3.1/../../../../arm-none-eabi/lib/thumb/v7e-m+dp/hard/libc_nano.a(libc_a-lock.o)
                0x0000000024002739                __lock___sfp_recursive_mutex
 *fill*         0x000000002400273a        0x2 
 .bss.__malloc_free_list
                0x000000002400273c        0x4 /home/mango/st/stm32cubeide_1.13.2/plugins/com.st.stm32cube.ide.mcu.externaltools.gnu-tools-for-stm32.11.3.rel1.linux64_1.1.100.202309141235/tools/bin/../lib/gcc/arm-none-eabi/11.3.1/../../../../arm-none-eabi/lib/thumb/v7e-m+dp/hard/libc_nano.a(libc_a-mallocr.o)
                0x000000002400273c                __malloc_free_list
 .bss.__malloc_sbrk_start
                0x0000000024002740        0x4 /home/mango/st/stm32cubeide_1.13.2/plugins/com.st.stm32cube.ide.mcu.externaltools.gnu-tools-for-stm32.11.3.rel1.linux64_1.1.100.202309141235/tools/bin/../lib/gcc/arm-none-eabi/11.3.1/../../../../arm-none-eabi/lib/thumb/v7e-m+dp/hard/libc_nano.a(libc_a-mallocr.o)
                0x0000000024002740                __malloc_sbrk_start
 *(COMMON)
                0x0000000024002744                . = ALIGN (0x4)
                0x0000000024002744                _ebss = .
                0x0000000024002744                __bss_end__ = _ebss

._user_heap_stack
                0x0000000024002744      0x804 load address 0x000000000800b544
                0x0000000024002748                . = ALIGN (0x8)
 *fill*         0x0000000024002744        0x4 
                [!provide]                        PROVIDE (end = .)
                0x0000000024002748                PROVIDE (_end = .)
                0x0000000024002b48                . = (. + _Min_Heap_Size)
 *fill*         0x0000000024002748      0x400 
                0x0000000024002f48                . = (. + _Min_Stack_Size)
 *fill*         0x0000000024002b48      0x400 
                0x0000000024002f48                . = ALIGN (0x8)

/DISCARD/
 libc.a(*)
 libm.a(*)
 libgcc.a(*)

.ARM.attributes
                0x0000000000000000       0x2e
 *(.ARM.attributes)
 .ARM.attributes
                0x0000000000000000       0x1e /home/mango/st/stm32cubeide_1.13.2/plugins/com.st.stm32cube.ide.mcu.externaltools.gnu-tools-for-stm32.11.3.rel1.linux64_1.1.100.202309141235/tools/bin/../lib/gcc/arm-none-eabi/11.3.1/thumb/v7e-m+dp/hard/crti.o
 .ARM.attributes
                0x000000000000001e       0x32 /home/mango/st/stm32cubeide_1.13.2/plugins/com.st.stm32cube.ide.mcu.externaltools.gnu-tools-for-stm32.11.3.rel1.linux64_1.1.100.202309141235/tools/bin/../lib/gcc/arm-none-eabi/11.3.1/thumb/v7e-m+dp/hard/crtbegin.o
 .ARM.attributes
                0x0000000000000050       0x32 ./Core/Src/logger.o
 .ARM.attributes
                0x0000000000000082       0x32 ./Core/Src/main.o
 .ARM.attributes
                0x00000000000000b4       0x32 ./Core/Src/stm32h7xx_hal_msp.o
 .ARM.attributes
                0x00000000000000e6       0x32 ./Core/Src/stm32h7xx_it.o
 .ARM.attributes
                0x0000000000000118       0x32 ./Core/Src/syscalls.o
 .ARM.attributes
                0x000000000000014a       0x32 ./Core/Src/sysmem.o
 .ARM.attributes
                0x000000000000017c       0x32 ./Core/Src/system_stm32h7xx.o
 .ARM.attributes