Archive member included to satisfy reference by file (symbol)

/home/mango/st/stm32cubeide_1.13.2/plugins/com.st.stm32cube.ide.mcu.externaltools.gnu-tools-for-stm32.11.3.rel1.linux64_1.1.100.202309141235/tools/bin/../lib/gcc/arm-none-eabi/11.3.1/../../../../arm-none-eabi/lib/thumb/v7e-m+dp/hard/libc_nano.a(libc_a-exit.o)
                              /home/mango/st/stm32cubeide_1.13.2/plugins/com.st.stm32cube.ide.mcu.externaltools.gnu-tools-for-stm32.11.3.rel1.linux64_1.1.100.202309141235/tools/bin/../lib/gcc/arm-none-eabi/11.3.1/../../../../arm-none-eabi/lib/thumb/v7e-m+dp/hard/crt0.o (exit)
/home/mango/st/stm32cubeide_1.13.2/plugins/com.st.stm32cube.ide.mcu.externaltools.gnu-tools-for-stm32.11.3.rel1.linux64_1.1.100.202309141235/tools/bin/../lib/gcc/arm-none-eabi/11.3.1/../../../../arm-none-eabi/lib/thumb/v7e-m+dp/hard/libc_nano.a(libc_a-nano-vfprintf_float.o)
                              (_printf_float)
/home/mango/st/stm32cubeide_1.13.2/plugins/com.st.stm32cube.ide.mcu.externaltools.gnu-tools-for-stm32.11.3.rel1.linux64_1.1.100.202309141235/tools/bin/../lib/gcc/arm-none-eabi/11.3.1/../../../../arm-none-eabi/lib/thumb/v7e-m+dp/hard/libc_nano.a(libc_a-nano-vfprintf_i.o)
                              /home/mango/st/stm32cubeide_1.13.2/plugins/com.st.stm32cube.ide.mcu.externaltools.gnu-tools-for-stm32.11.3.rel1.linux64_1.1.100.202309141235/tools/bin/../lib/gcc/arm-none-eabi/11.3.1/../../../../arm-none-eabi/lib/thumb/v7e-m+dp/hard/libc_nano.a(libc_a-nano-vfprintf_float.o) (_printf_common)
/home/mango/st/stm32cubeide_1.13.2/plugins/com.st.stm32cube.ide.mcu.externaltools.gnu-tools-for-stm32.11.3.rel1.linux64_1.1.100.202309141235/tools/bin/../lib/gcc/arm-none-eabi/11.3.1/../../../../arm-none-eabi/lib/thumb/v7e-m+dp/hard/libc_nano.a(libc_a-findfp.o)
                              /home/mango/st/stm32cubeide_1.13.2/plugins/com.st.stm32cube.ide.mcu.externaltools.gnu-tools-for-stm32.11.3.rel1.linux64_1.1.100.202309141235/tools/bin/../lib/gcc/arm-none-eabi/11.3.1/../../../../arm-none-eabi/lib/thumb/v7e-m+dp/hard/libc_nano.a(libc_a-exit.o) (__stdio_exit_handler)
/home/mango/st/stm32cubeide_1.13.2/plugins/com.st.stm32cube.ide.mcu.externaltools.gnu-tools-for-stm32.11.3.rel1.linux64_1.1.100.202309141235/tools/bin/../lib/gcc/arm-none-eabi/11.3.1/../../../../arm-none-eabi/lib/thumb/v7e-m+dp/hard/libc_nano.a(libc_a-fwalk.o)
                              /home/mango/st/stm32cubeide_1.13.2/plugins/com.st.stm32cube.ide.mcu.externaltools.gnu-tools-for-stm32.11.3.rel1.linux64_1.1.100.202309141235/tools/bin/../lib/gcc/arm-none-eabi/11.3.1/../../../../arm-none-eabi/lib/thumb/v7e-m+dp/hard/libc_nano.a(libc_a-findfp.o) (_fwalk_sglue)
/home/mango/st/stm32cubeide_1.13.2/plugins/com.st.stm32cube.ide.mcu.externaltools.gnu-tools-for-stm32.11.3.rel1.linux64_1.1.100.202309141235/tools/bin/../lib/gcc/arm-none-eabi/11.3.1/../../../../arm-none-eabi/lib/thumb/v7e-m+dp/hard/libc_nano.a(libc_a-printf.o)
                              ./Core/Src/logger.o (printf)
/home/mango/st/stm32cubeide_1.13.2/plugins/com.st.stm32cube.ide.mcu.externaltools.gnu-tools-for-stm32.11.3.rel1.linux64_1.1.100.202309141235/tools/bin/../lib/gcc/arm-none-eabi/11.3.1/../../../../arm-none-eabi/lib/thumb/v7e-m+dp/hard/libc_nano.a(libc_a-putchar.o)
                              ./Middlewares/ST/STM32_USB_Device_Library/Core/Src/usbd_core.o (putchar)
/home/mango/st/stm32cubeide_1.13.2/plugins/com.st.stm32cube.ide.mcu.externaltools.gnu-tools-for-stm32.11.3.rel1.linux64_1.1.100.202309141235/tools/bin/../lib/gcc/arm-none-eabi/11.3.1/../../../../arm-none-eabi/lib/thumb/v7e-m+dp/hard/libc_nano.a(libc_a-puts.o)
                              ./Core/Src/logger.o (puts)
/home/mango/st/stm32cubeide_1.13.2/plugins/com.st.stm32cube.ide.mcu.externaltools.gnu-tools-for-stm32.11.3.rel1.linux64_1.1.100.202309141235/tools/bin/../lib/gcc/arm-none-eabi/11.3.1/../../../../arm-none-eabi/lib/thumb/v7e-m+dp/hard/libc_nano.a(libc_a-stdio.o)
                              /home/mango/st/stm32cubeide_1.13.2/plugins/com.st.stm32cube.ide.mcu.externaltools.gnu-tools-for-stm32.11.3.rel1.linux64_1.1.100.202309141235/tools/bin/../lib/gcc/arm-none-eabi/11.3.1/../../../../arm-none-eabi/lib/thumb/v7e-m+dp/hard/libc_nano.a(libc_a-findfp.o) (__sread)
/home/mango/st/stm32cubeide_1.13.2/plugins/com.st.stm32cube.ide.mcu.externaltools.gnu-tools-for-stm32.11.3.rel1.linux64_1.1.100.202309141235/tools/bin/../lib/gcc/arm-none-eabi/11.3.1/../../../../arm-none-eabi/lib/thumb/v7e-m+dp/hard/libc_nano.a(libc_a-vprintf.o)
                              ./Core/Src/logger.o (vprintf)
/home/mango/st/stm32cubeide_1.13.2/plugins/com.st.stm32cube.ide.mcu.externaltools.gnu-tools-for-stm32.11.3.rel1.linux64_1.1.100.202309141235/tools/bin/../lib/gcc/arm-none-eabi/11.3.1/../../../../arm-none-eabi/lib/thumb/v7e-m+dp/hard/libc_nano.a(libc_a-wbuf.o)
[...]
Memory Configuration

Name             Origin             Length             Attributes
FLASH            0x0000000008000000 0x0000000000200000 xr
DTCMRAM          0x0000000020000000 0x0000000000020000 xrw
RAM_D1           0x0000000024000000 0x0000000000080000 xrw
RAM_D2           0x0000000030000000 0x0000000000048000 xrw
RAM_D3           0x0000000038000000 0x0000000000010000 xrw
ITCMRAM          0x0000000000000000 0x0000000000010000 xrw
*default*        0x0000000000000000 0xffffffffffffffff

Linker script and memory map

LOAD /home/mango/st/stm32cubeide_1.13.2/plugins/com.st.stm32cube.ide.mcu.externaltools.gnu-tools-for-stm32.11.3.rel1.linux64_1.1.100.202309141235/tools/bin/../lib/gcc/arm-none-eabi/11.3.1/thumb/v7e-m+dp/hard/crti.o
LOAD /home/mango/st/stm32cubeide_1.13.2/plugins/com.st.stm32cube.ide.mcu.externaltools.gnu-tools-for-stm32.11.3.rel1.linux64_1.1.100.202309141235/tools/bin/../lib/gcc/arm-none-eabi/11.3.1/thumb/v7e-m+dp/hard/crtbegin.o
LOAD /home/mango/st/stm32cubeide_1.13.2/plugins/com.st.stm32cube.ide.mcu.externaltools.gnu-tools-for-stm32.11.3.rel1.linux64_1.1.100.202309141235/tools/bin/../lib/gcc/arm-none-eabi/11.3.1/../../../../arm-none-eabi/lib/thumb/v7e-m+dp/hard/crt0.o
LOAD ./Core/Src/dshot600.o
LOAD ./Core/Src/logger.o
LOAD ./Core/Src/main.o
LOAD ./Core/Src/stm32h7xx_hal_msp.o
LOAD ./Core/Src/stm32h7xx_it.o
LOAD ./Core/Src/syscalls.o
LOAD ./Core/Src/sysmem.o
LOAD ./Core/Src/system_stm32h7xx.o
LOAD ./Core/Startup/startup_stm32h743zitx.o
LOAD ./Drivers/STM32H7xx_HAL_Driver/Src/stm32h7xx_hal.o
LOAD ./Drivers/STM32H7xx_HAL_Driver/Src/stm32h7xx_hal_cortex.o
LOAD ./Drivers/STM32H7xx_HAL_Driver/Src/stm32h7xx_hal_dma.o
LOAD ./Drivers/STM32H7xx_HAL_Driver/Src/stm32h7xx_hal_dma_ex.o
LOAD ./Drivers/STM32H7xx_HAL_Driver/Src/stm32h7xx_hal_exti.o
LOAD ./Drivers/STM32H7xx_HAL_Driver/Src/stm32h7xx_hal_flash.o
LOAD ./Drivers/STM32H7xx_HAL_Driver/Src/stm32h7xx_hal_flash_ex.o
LOAD ./Drivers/STM32H7xx_HAL_Driver/Src/stm32h7xx_hal_gpio.o
LOAD ./Drivers/STM32H7xx_HAL_Driver/Src/stm32h7xx_hal_hrtim.o
LOAD ./Drivers/STM32H7xx_HAL_Driver/Src/stm32h7xx_hal_hsem.o
LOAD ./Drivers/STM32H7xx_HAL_Driver/Src/stm32h7xx_hal_i2c.o
LOAD ./Drivers/STM32H7xx_HAL_Driver/Src/stm32h7xx_hal_i2c_ex.o
LOAD ./Drivers/STM32H7xx_HAL_Driver/Src/stm32h7xx_hal_mdma.o
LOAD ./Drivers/STM32H7xx_HAL_Driver/Src/stm32h7xx_hal_pcd.o
LOAD ./Drivers/STM32H7xx_HAL_Driver/Src/stm32h7xx_hal_pcd_ex.o
LOAD ./Drivers/STM32H7xx_HAL_Driver/Src/stm32h7xx_hal_pwr.o
LOAD ./Drivers/STM32H7xx_HAL_Driver/Src/stm32h7xx_hal_pwr_ex.o
LOAD ./Drivers/STM32H7xx_HAL_Driver/Src/stm32h7xx_hal_rcc.o
LOAD ./Drivers/STM32H7xx_HAL_Driver/Src/stm32h7xx_hal_rcc_ex.o
LOAD ./Drivers/STM32H7xx_HAL_Driver/Src/stm32h7xx_hal_tim.o
LOAD ./Drivers/STM32H7xx_HAL_Driver/Src/stm32h7xx_hal_tim_ex.o
LOAD ./Drivers/STM32H7xx_HAL_Driver/Src/stm32h7xx_ll_usb.o
LOAD ./Middlewares/ST/STM32_USB_Device_Library/Class/CDC/Src/usbd_cdc.o
LOAD ./Middlewares/ST/STM32_USB_Device_Library/Core/Src/usbd_core.o
LOAD ./Middlewares/ST/STM32_USB_Device_Library/Core/Src/usbd_ctlreq.o
LOAD ./Middlewares/ST/STM32_USB_Device_Library/Core/Src/usbd_ioreq.o
LOAD ./USB_DEVICE/App/usb_device.o
LOAD ./USB_DEVICE/App/usbd_cdc_if.o
LOAD ./USB_DEVICE/App/usbd_desc.o
LOAD ./USB_DEVICE/Target/usbd_conf.o
START GROUP
LOAD /home/mango/st/stm32cubeide_1.13.2/plugins/com.st.stm32cube.ide.mcu.externaltools.gnu-tools-for-stm32.11.3.rel1.linux64_1.1.100.202309141235/tools/bin/../lib/gcc/arm-none-eabi/11.3.1/../../../../arm-none-eabi/lib/thumb/v7e-m+dp/hard/libc_nano.a
LOAD /home/mango/st/stm32cubeide_1.13.2/plugins/com.st.stm32cube.ide.mcu.externaltools.gnu-tools-for-stm32.11.3.rel1.linux64_1.1.100.202309141235/tools/bin/../lib/gcc/arm-none-eabi/11.3.1/../../../../arm-none-eabi/lib/thumb/v7e-m+dp/hard/libm.a
END GROUP
START GROUP
LOAD /home/mango/st/stm32cubeide_1.13.2/plugins/com.st.stm32cube.ide.mcu.externaltools.gnu-tools-for-stm32.11.3.rel1.linux64_1.1.100.202309141235/tools/bin/../lib/gcc/arm-none-eabi/11.3.1/thumb/v7e-m+dp/hard/libgcc.a
LOAD /home/mango/st/stm32cubeide_1.13.2/plugins/com.st.stm32cube.ide.mcu.externaltools.gnu-tools-for-stm32.11.3.rel1.linux64_1.1.100.202309141235/tools/bin/../lib/gcc/arm-none-eabi/11.3.1/../../../../arm-none-eabi/lib/thumb/v7e-m+dp/hard/libc_nano.a
END GROUP
START GROUP
LOAD /home/mango/st/stm32cubeide_1.13.2/plugins/com.st.stm32cube.ide.mcu.externaltools.gnu-tools-for-stm32.11.3.rel1.linux64_1.1.100.202309141235/tools/bin/../lib/gcc/arm-none-eabi/11.3.1/thumb/v7e-m+dp/hard/libgcc.a
LOAD /home/mango/st/stm32cubeide_1.13.2/plugins/com.st.stm32cube.ide.mcu.externaltools.gnu-tools-for-stm32.11.3.rel1.linux64_1.1.100.202309141235/tools/bin/../lib/gcc/arm-none-eabi/11.3.1/../../../../arm-none-eabi/lib/thumb/v7e-m+dp/hard/libc_nano.a
LOAD /home/mango/st/stm32cubeide_1.13.2/plugins/com.st.stm32cube.ide.mcu.externaltools.gnu-tools-for-stm32.11.3.rel1.linux64_1.1.100.202309141235/tools/bin/../lib/gcc/arm-none-eabi/11.3.1/../../../../arm-none-eabi/lib/thumb/v7e-m+dp/hard/libnosys.a
END GROUP
START GROUP
LOAD /home/mango/st/stm32cubeide_1.13.2/plugins/com.st.stm32cube.ide.mcu.externaltools.gnu-tools-for-stm32.11.3.rel1.linux64_1.1.100.202309141235/tools/bin/../lib/gcc/arm-none-eabi/11.3.1/thumb/v7e-m+dp/hard/libgcc.a
LOAD /home/mango/st/stm32cubeide_1.13.2/plugins/com.st.stm32cube.ide.mcu.externaltools.gnu-tools-for-stm32.11.3.rel1.linux64_1.1.100.202309141235/tools/bin/../lib/gcc/arm-none-eabi/11.3.1/../../../../arm-none-eabi/lib/thumb/v7e-m+dp/hard/libc_nano.a
LOAD /home/mango/st/stm32cubeide_1.13.2/plugins/com.st.stm32cube.ide.mcu.externaltools.gnu-tools-for-stm32.11.3.rel1.linux64_1.1.100.202309141235/tools/bin/../lib/gcc/arm-none-eabi/11.3.1/../../../../arm-none-eabi/lib/thumb/v7e-m+dp/hard/libnosys.a
END GROUP
LOAD /home/mango/st/stm32cubeide_1.13.2/plugins/com.st.stm32cube.ide.mcu.externaltools.gnu-tools-for-stm32.11.3.rel1.linux64_1.1.100.202309141235/tools/bin/../lib/gcc/arm-none-eabi/11.3.1/thumb/v7e-m+dp/hard/crtend.o
LOAD /home/mango/st/stm32cubeide_1.13.2/plugins/com.st.stm32cube.ide.mcu.externaltools.gnu-tools-for-stm32.11.3.rel1.linux64_1.1.100.202309141235/tools/bin/../lib/gcc/arm-none-eabi/11.3.1/thumb/v7e-m+dp/hard/crtn.o
                0x0000000024080000                _estack = (ORIGIN (RAM_D1) + LENGTH (RAM_D1))
                0x0000000000000400                _Min_Heap_Size = 0x400
                0x0000000000000400                _Min_Stack_Size = 0x400

.isr_vector     0x0000000008000000      0x298
                0x0000000008000000                . = ALIGN (0x4)
 *(.isr_vector)
 .isr_vector    0x0000000008000000      0x298 ./Core/Startup/startup_stm32h743zitx.o
                0x0000000008000000                g_pfnVectors
                0x0000000008000298                . = ALIGN (0x4)

.text           0x00000000080002a0     0xd0ec
                0x00000000080002a0                . = ALIGN (0x4)
 *(.text)
 .text          0x00000000080002a0       0x40 /home/mango/st/stm32cubeide_1.13.2/plugins/com.st.stm32cube.ide.mcu.externaltools.gnu-tools-for-stm32.11.3.rel1.linux64_1.1.100.202309141235/tools/bin/../lib/gcc/arm-none-eabi/11.3.1/thumb/v7e-m+dp/hard/crtbegin.o
 .text          0x00000000080002e0       0x14 /home/mango/st/stm32cubeide_1.13.2/plugins/com.st.stm32cube.ide.mcu.externaltools.gnu-tools-for-stm32.11.3.rel1.linux64_1.1.100.202309141235/tools/bin/../lib/gcc/arm-none-eabi/11.3.1/../../../../arm-none-eabi/lib/thumb/v7e-m+dp/hard/libc_nano.a(libc_a-strcmp.o)
                0x00000000080002e0                strcmp
 *fill*         0x00000000080002f4        0xc 
 .text          0x0000000008000300       0xa0 /home/mango/st/stm32cubeide_1.13.2/plugins/com.st.stm32cube.ide.mcu.externaltools.gnu-tools-for-stm32.11.3.rel1.linux64_1.1.100.202309141235/tools/bin/../lib/gcc/arm-none-eabi/11.3.1/../../../../arm-none-eabi/lib/thumb/v7e-m+dp/hard/libc_nano.a(libc_a-memchr.o)
                0x0000000008000300                memchr
 .text          0x00000000080003a0       0x10 /home/mango/st/stm32cubeide_1.13.2/plugins/com.st.stm32cube.ide.mcu.externaltools.gnu-tools-for-stm32.11.3.rel1.linux64_1.1.100.202309141235/tools/bin/../lib/gcc/arm-none-eabi/11.3.1/../../../../arm-none-eabi/lib/thumb/v7e-m+dp/hard/libc_nano.a(libc_a-strlen.o)
                0x00000000080003a0                strlen
 *(.text*)
 .text.PrepareFrame
                0x00000000080003b0       0x7e ./Core/Src/dshot600.o
                0x00000000080003b0                PrepareFrame
 *fill*         0x000000000800042e        0x2 
 .text.SendFrame
                0x0000000008000430       0xbc ./Core/Src/dshot600.o
                0x0000000008000430                SendFrame
 .text.HAL_HRTIM_Compare1EventCallback
                0x00000000080004ec       0x64 ./Core/Src/dshot600.o
                0x00000000080004ec                HAL_HRTIM_Compare1EventCallback
 .text.HAL_HRTIM_Compare2EventCallback
                0x0000000008000550       0x64 ./Core/Src/dshot600.o
                0x0000000008000550                HAL_HRTIM_Compare2EventCallback
 .text.HAL_HRTIM_RepetitionEventCallback
                0x00000000080005b4      0x128 ./Core/Src/dshot600.o
                0x00000000080005b4                HAL_HRTIM_RepetitionEventCallback
 .text.LOG_CDC_FS
                0x00000000080006dc       0xc8 ./Core/Src/logger.o
                0x00000000080006dc                LOG_CDC_FS
 .text.main     0x00000000080007a4      0x1f4 ./Core/Src/main.o
                0x00000000080007a4                main
 .text.SystemClock_Config
                0x0000000008000998       0xfc ./Core/Src/main.o
                0x0000000008000998                SystemClock_Config
 .text.MX_HRTIM_Init
                0x0000000008000a94      0x10c ./Core/Src/main.o
 .text.MX_GPIO_Init
                0x0000000008000ba0      0x118 ./Core/Src/main.o
 .text.Error_Handler
                0x0000000008000cb8       0x20 ./Core/Src/main.o
                0x0000000008000cb8                Error_Handler
 .text.HAL_MspInit
                0x0000000008000cd8       0x34 ./Core/Src/stm32h7xx_hal_msp.o
                0x0000000008000cd8                HAL_MspInit
 .text.HAL_HRTIM_MspInit
                0x0000000008000d0c       0x88 ./Core/Src/stm32h7xx_hal_msp.o
                0x0000000008000d0c                HAL_HRTIM_MspInit
 .text.NMI_Handler
                0x0000000008000d94       0x10 ./Core/Src/stm32h7xx_it.o
                0x0000000008000d94                NMI_Handler
 .text.HardFault_Handler
                0x0000000008000da4        0x6 ./Core/Src/stm32h7xx_it.o
                0x0000000008000da4                HardFault_Handler
 *fill*         0x0000000008000daa        0x2 
 .text.MemManage_Handler
                0x0000000008000dac       0x10 ./Core/Src/stm32h7xx_it.o
                0x0000000008000dac                MemManage_Handler
 .text.BusFault_Handler
                0x0000000008000dbc       0x10 ./Core/Src/stm32h7xx_it.o
                0x0000000008000dbc                BusFault_Handler
 .text.UsageFault_Handler
                0x0000000008000dcc       0x10 ./Core/Src/stm32h7xx_it.o
                0x0000000008000dcc                UsageFault_Handler
 .text.SVC_Handler
                0x0000000008000ddc        0xe ./Core/Src/stm32h7xx_it.o
                0x0000000008000ddc                SVC_Handler
 .text.DebugMon_Handler
                0x0000000008000dea        0xe ./Core/Src/stm32h7xx_it.o
                0x0000000008000dea                DebugMon_Handler
 .text.PendSV_Handler
                0x0000000008000df8        0xe ./Core/Src/stm32h7xx_it.o
                0x0000000008000df8                PendSV_Handler
 .text.SysTick_Handler
                0x0000000008000e06        0xc ./Core/Src/stm32h7xx_it.o
                0x0000000008000e06                SysTick_Handler
 *fill*         0x0000000008000e12        0x2 
 .text.OTG_FS_IRQHandler
                0x0000000008000e14       0x14 ./Core/Src/stm32h7xx_it.o
                0x0000000008000e14                OTG_FS_IRQHandler
 .text.HRTIM1_Master_IRQHandler
                0x0000000008000e28       0x14 ./Core/Src/stm32h7xx_it.o
                0x0000000008000e28                HRTIM1_Master_IRQHandler
 .text._getpid  0x0000000008000e3c       0x10 ./Core/Src/syscalls.o
                0x0000000008000e3c                _getpid
 .text._kill    0x0000000008000e4c       0x20 ./Core/Src/syscalls.o
                0x0000000008000e4c                _kill
 .text._exit    0x0000000008000e6c       0x14 ./Core/Src/syscalls.o
                0x0000000008000e6c                _exit
 .text._read    0x0000000008000e80       0x3a ./Core/Src/syscalls.o
                0x0000000008000e80                _read
 .text._write   0x0000000008000eba       0x44 ./Core/Src/syscalls.o
                0x0000000008000eba                _write
 .text._close   0x0000000008000efe       0x18 ./Core/Src/syscalls.o
                0x0000000008000efe                _close
 .text._fstat   0x0000000008000f16       0x20 ./Core/Src/syscalls.o
                0x0000000008000f16                _fstat
 .text._isatty  0x0000000008000f36       0x16 ./Core/Src/syscalls.o
                0x0000000008000f36                _isatty
 .text._lseek   0x0000000008000f4c       0x1a ./Core/Src/syscalls.o
                0x0000000008000f4c                _lseek
 *fill*         0x0000000008000f66        0x2 
 .text._sbrk    0x0000000008000f68       0x6c ./Core/Src/sysmem.o
                0x0000000008000f68                _sbrk
 .text.SystemInit
                0x0000000008000fd4      0x110 ./Core/Src/system_stm32h7xx.o
                0x0000000008000fd4                SystemInit
 .text.Reset_Handler
                0x00000000080010e4       0x50 ./Core/Startup/startup_stm32h743zitx.o
                0x00000000080010e4                Reset_Handler
 .text.Default_Handler
                0x0000000008001134        0x2 ./Core/Startup/startup_stm32h743zitx.o
                0x0000000008001134                RTC_Alarm_IRQHandler
                0x0000000008001134                EXTI2_IRQHandler
                0x0000000008001134                TIM8_CC_IRQHandler
                0x0000000008001134                UART8_IRQHandler
                0x0000000008001134                SPI4_IRQHandler
                0x0000000008001134                TIM1_CC_IRQHandler
                0x0000000008001134                BDMA_Channel6_IRQHandler
                0x0000000008001134                DMA2_Stream5_IRQHandler
                0x0000000008001134                HRTIM1_FLT_IRQHandler
                0x0000000008001134                JPEG_IRQHandler
                0x0000000008001134                DMA1_Stream5_IRQHandler
                0x0000000008001134                BDMA_Channel1_IRQHandler
                0x0000000008001134                HRTIM1_TIMD_IRQHandler
                0x0000000008001134                TAMP_STAMP_IRQHandler
                0x0000000008001134                EXTI3_IRQHandler
                0x0000000008001134                LPTIM4_IRQHandler
                0x0000000008001134                TIM8_TRG_COM_TIM14_IRQHandler
                0x0000000008001134                LPTIM2_IRQHandler
                0x0000000008001134                DFSDM1_FLT1_IRQHandler
                0x0000000008001134                DMAMUX2_OVR_IRQHandler
                0x0000000008001134                TIM8_UP_TIM13_IRQHandler
                0x0000000008001134                I2C3_ER_IRQHandler
                0x0000000008001134                DFSDM1_FLT2_IRQHandler
                0x0000000008001134                MDMA_IRQHandler
                0x0000000008001134                LPTIM3_IRQHandler
                0x0000000008001134                HSEM1_IRQHandler
                0x0000000008001134                EXTI0_IRQHandler
                0x0000000008001134                I2C2_EV_IRQHandler
                0x0000000008001134                DMA1_Stream2_IRQHandler
                0x0000000008001134                FPU_IRQHandler
                0x0000000008001134                OTG_HS_WKUP_IRQHandler
                0x0000000008001134                FDCAN1_IT1_IRQHandler
                0x0000000008001134                LTDC_ER_IRQHandler
                0x0000000008001134                DMA2_Stream2_IRQHandler
                0x0000000008001134                HRTIM1_TIME_IRQHandler
                0x0000000008001134                SPI1_IRQHandler
                0x0000000008001134                TIM6_DAC_IRQHandler
                0x0000000008001134                DCMI_IRQHandler
                0x0000000008001134                HRTIM1_TIMC_IRQHandler
                0x0000000008001134                DMA2_Stream3_IRQHandler
                0x0000000008001134                SAI2_IRQHandler
                0x0000000008001134                DFSDM1_FLT3_IRQHandler
                0x0000000008001134                USART6_IRQHandler
                0x0000000008001134                TIM17_IRQHandler
                0x0000000008001134                USART3_IRQHandler
                0x0000000008001134                BDMA_Channel7_IRQHandler
                0x0000000008001134                LPTIM5_IRQHandler
                0x0000000008001134                UART5_IRQHandler
                0x0000000008001134                ADC3_IRQHandler
                0x0000000008001134                DMA2_Stream0_IRQHandler
                0x0000000008001134                TIM4_IRQHandler
                0x0000000008001134                BDMA_Channel2_IRQHandler
                0x0000000008001134                QUADSPI_IRQHandler
                0x0000000008001134                I2C1_EV_IRQHandler
                0x0000000008001134                DMA1_Stream6_IRQHandler
                0x0000000008001134                DMAMUX1_OVR_IRQHandler
                0x0000000008001134                DMA1_Stream1_IRQHandler
                0x0000000008001134                TIM16_IRQHandler
                0x0000000008001134                UART4_IRQHandler
                0x0000000008001134                BDMA_Channel5_IRQHandler
                0x0000000008001134                TIM3_IRQHandler
                0x0000000008001134                RCC_IRQHandler
                0x0000000008001134                TIM8_BRK_TIM12_IRQHandler
                0x0000000008001134                TIM1_TRG_COM_IRQHandler
                0x0000000008001134                Default_Handler
                0x0000000008001134                ECC_IRQHandler
                0x0000000008001134                CEC_IRQHandler
                0x0000000008001134                EXTI15_10_IRQHandler
                0x0000000008001134                BDMA_Channel0_IRQHandler
                0x0000000008001134                ADC_IRQHandler
                0x0000000008001134                DMA1_Stream7_IRQHandler
                0x0000000008001134                HRTIM1_TIMA_IRQHandler
                0x0000000008001134                SPI5_IRQHandler
                0x0000000008001134                TIM7_IRQHandler
                0x0000000008001134                SDMMC1_IRQHandler
                0x0000000008001134                TIM5_IRQHandler
                0x0000000008001134                DMA2_Stream7_IRQHandler
                0x0000000008001134                TIM15_IRQHandler
                0x0000000008001134                PVD_AVD_IRQHandler
                0x0000000008001134                I2C3_EV_IRQHandler
                0x0000000008001134                EXTI9_5_IRQHandler
                0x0000000008001134                RTC_WKUP_IRQHandler
                0x0000000008001134                LTDC_IRQHandler
                0x0000000008001134                SAI3_IRQHandler
                0x0000000008001134                ETH_WKUP_IRQHandler
                0x0000000008001134                SPDIF_RX_IRQHandler
                0x0000000008001134                SPI2_IRQHandler
                0x0000000008001134                OTG_HS_EP1_IN_IRQHandler
                0x0000000008001134                DMA1_Stream0_IRQHandler
                0x0000000008001134                CRS_IRQHandler
                0x0000000008001134                EXTI4_IRQHandler
                0x0000000008001134                RNG_IRQHandler
                0x0000000008001134                HRTIM1_TIMB_IRQHandler
                0x0000000008001134                FDCAN2_IT1_IRQHandler
                0x0000000008001134                ETH_IRQHandler
                0x0000000008001134                TIM1_UP_IRQHandler
                0x0000000008001134                BDMA_Channel4_IRQHandler
                0x0000000008001134                OTG_HS_EP1_OUT_IRQHandler
                0x0000000008001134                WWDG_IRQHandler
                0x0000000008001134                SPI6_IRQHandler
                0x0000000008001134                MDIOS_IRQHandler
                0x0000000008001134                I2C4_EV_IRQHandler
                0x0000000008001134                FDCAN2_IT0_IRQHandler
                0x0000000008001134                LPUART1_IRQHandler
                0x0000000008001134                FDCAN1_IT0_IRQHandler
                0x0000000008001134                TIM2_IRQHandler
                0x0000000008001134                OTG_FS_WKUP_IRQHandler
                0x0000000008001134                OTG_HS_IRQHandler
                0x0000000008001134                DMA2D_IRQHandler
                0x0000000008001134                TIM1_BRK_IRQHandler
                0x0000000008001134                EXTI1_IRQHandler
                0x0000000008001134                SDMMC2_IRQHandler
                0x0000000008001134                OTG_FS_EP1_OUT_IRQHandler
                0x0000000008001134                BDMA_Channel3_IRQHandler
                0x0000000008001134                UART7_IRQHandler
                0x0000000008001134                MDIOS_WKUP_IRQHandler
                0x0000000008001134                USART2_IRQHandler
                0x0000000008001134                DFSDM1_FLT0_IRQHandler
                0x0000000008001134                SAI4_IRQHandler
                0x0000000008001134                I2C2_ER_IRQHandler
                0x0000000008001134                DMA2_Stream1_IRQHandler
                0x0000000008001134                FLASH_IRQHandler
                0x0000000008001134                DMA2_Stream4_IRQHandler
                0x0000000008001134                USART1_IRQHandler
                0x0000000008001134                SPI3_IRQHandler
                0x0000000008001134                WAKEUP_PIN_IRQHandler
                0x0000000008001134                DMA1_Stream4_IRQHandler
                0x0000000008001134                OTG_FS_EP1_IN_IRQHandler
                0x0000000008001134                I2C1_ER_IRQHandler
                0x0000000008001134                FMC_IRQHandler
                0x0000000008001134                FDCAN_CAL_IRQHandler
                0x0000000008001134                SWPMI1_IRQHandler
                0x0000000008001134                COMP1_IRQHandler
                0x0000000008001134                LPTIM1_IRQHandler
                0x0000000008001134                I2C4_ER_IRQHandler
                0x0000000008001134                DMA2_Stream6_IRQHandler
                0x0000000008001134                SAI1_IRQHandler
                0x0000000008001134                DMA1_Stream3_IRQHandler
 *fill*         0x0000000008001136        0x2 
 .text.HAL_Init
                0x0000000008001138       0x78 ./Drivers/STM32H7xx_HAL_Driver/Src/stm32h7xx_hal.o
                0x0000000008001138                HAL_Init
 .text.HAL_InitTick
                0x00000000080011b0       0x6c ./Drivers/STM32H7xx_HAL_Driver/Src/stm32h7xx_hal.o
                0x00000000080011b0                HAL_InitTick
 .text.HAL_IncTick
                0x000000000800121c       0x28 ./Drivers/STM32H7xx_HAL_Driver/Src/stm32h7xx_hal.o
                0x000000000800121c                HAL_IncTick
 .text.HAL_GetTick
                0x0000000008001244       0x18 ./Drivers/STM32H7xx_HAL_Driver/Src/stm32h7xx_hal.o
                0x0000000008001244                HAL_GetTick
 .text.HAL_Delay
                0x000000000800125c       0x48 ./Drivers/STM32H7xx_HAL_Driver/Src/stm32h7xx_hal.o
                0x000000000800125c                HAL_Delay
 .text.HAL_GetREVID
                0x00000000080012a4       0x18 ./Drivers/STM32H7xx_HAL_Driver/Src/stm32h7xx_hal.o
                0x00000000080012a4                HAL_GetREVID
 .text.__NVIC_SetPriorityGrouping
                0x00000000080012bc       0x48 ./Drivers/STM32H7xx_HAL_Driver/Src/stm32h7xx_hal_cortex.o
 .text.__NVIC_GetPriorityGrouping
                0x0000000008001304       0x1c ./Drivers/STM32H7xx_HAL_Driver/Src/stm32h7xx_hal_cortex.o
 .text.__NVIC_EnableIRQ
                0x0000000008001320       0x3c ./Drivers/STM32H7xx_HAL_Driver/Src/stm32h7xx_hal_cortex.o
 .text.__NVIC_SetPriority
                0x000000000800135c       0x54 ./Drivers/STM32H7xx_HAL_Driver/Src/stm32h7xx_hal_cortex.o
 .text.NVIC_EncodePriority
                0x00000000080013b0       0x66 ./Drivers/STM32H7xx_HAL_Driver/Src/stm32h7xx_hal_cortex.o
 *fill*         0x0000000008001416        0x2 
 .text.SysTick_Config
                0x0000000008001418       0x44 ./Drivers/STM32H7xx_HAL_Driver/Src/stm32h7xx_hal_cortex.o
 .text.HAL_NVIC_SetPriorityGrouping
                0x000000000800145c       0x16 ./Drivers/STM32H7xx_HAL_Driver/Src/stm32h7xx_hal_cortex.o
                0x000000000800145c                HAL_NVIC_SetPriorityGrouping
 .text.HAL_NVIC_SetPriority
                0x0000000008001472       0x34 ./Drivers/STM32H7xx_HAL_Driver/Src/stm32h7xx_hal_cortex.o
                0x0000000008001472                HAL_NVIC_SetPriority
 .text.HAL_NVIC_EnableIRQ
                0x00000000080014a6       0x1c ./Drivers/STM32H7xx_HAL_Driver/Src/stm32h7xx_hal_cortex.o
                0x00000000080014a6                HAL_NVIC_EnableIRQ
 .text.HAL_SYSTICK_Config
                0x00000000080014c2       0x18 ./Drivers/STM32H7xx_HAL_Driver/Src/stm32h7xx_hal_cortex.o
                0x00000000080014c2                HAL_SYSTICK_Config
 *fill*         0x00000000080014da        0x2 
 .text.HAL_GPIO_Init
                0x00000000080014dc      0x360 ./Drivers/STM32H7xx_HAL_Driver/Src/stm32h7xx_hal_gpio.o
                0x00000000080014dc                HAL_GPIO_Init
 .text.HAL_GPIO_WritePin
                0x000000000800183c       0x32 ./Drivers/STM32H7xx_HAL_Driver/Src/stm32h7xx_hal_gpio.o
                0x000000000800183c                HAL_GPIO_WritePin
 .text.HAL_GPIO_TogglePin
                0x000000000800186e       0x34 ./Drivers/STM32H7xx_HAL_Driver/Src/stm32h7xx_hal_gpio.o
                0x000000000800186e                HAL_GPIO_TogglePin
 *fill*         0x00000000080018a2        0x2 
 .text.HAL_HRTIM_Init
                0x00000000080018a4      0x1a0 ./Drivers/STM32H7xx_HAL_Driver/Src/stm32h7xx_hal_hrtim.o
                0x00000000080018a4                HAL_HRTIM_Init
 .text.HAL_HRTIM_TimeBaseConfig
                0x0000000008001a44       0x50 ./Drivers/STM32H7xx_HAL_Driver/Src/stm32h7xx_hal_hrtim.o
                0x0000000008001a44                HAL_HRTIM_TimeBaseConfig
 .text.HAL_HRTIM_SimpleBaseStart_IT
                0x0000000008001a94       0x98 ./Drivers/STM32H7xx_HAL_Driver/Src/stm32h7xx_hal_hrtim.o
                0x0000000008001a94                HAL_HRTIM_SimpleBaseStart_IT
 .text.HAL_HRTIM_WaveformTimerConfig
                0x0000000008001b2c       0xe4 ./Drivers/STM32H7xx_HAL_Driver/Src/stm32h7xx_hal_hrtim.o
                0x0000000008001b2c                HAL_HRTIM_WaveformTimerConfig
 .text.HAL_HRTIM_WaveformCompareConfig
                0x0000000008001c10      0x2dc ./Drivers/STM32H7xx_HAL_Driver/Src/stm32h7xx_hal_hrtim.o
                0x0000000008001c10                HAL_HRTIM_WaveformCompareConfig
 .text.HAL_HRTIM_IRQHandler
                0x0000000008001eec       0x36 ./Drivers/STM32H7xx_HAL_Driver/Src/stm32h7xx_hal_hrtim.o
                0x0000000008001eec                HAL_HRTIM_IRQHandler
 .text.HAL_HRTIM_Fault1Callback
                0x0000000008001f22       0x14 ./Drivers/STM32H7xx_HAL_Driver/Src/stm32h7xx_hal_hrtim.o
                0x0000000008001f22                HAL_HRTIM_Fault1Callback
 .text.HAL_HRTIM_Fault2Callback
                0x0000000008001f36       0x14 ./Drivers/STM32H7xx_HAL_Driver/Src/stm32h7xx_hal_hrtim.o
                0x0000000008001f36                HAL_HRTIM_Fault2Callback
 .text.HAL_HRTIM_Fault3Callback
                0x0000000008001f4a       0x14 ./Drivers/STM32H7xx_HAL_Driver/Src/stm32h7xx_hal_hrtim.o
                0x0000000008001f4a                HAL_HRTIM_Fault3Callback
 .text.HAL_HRTIM_Fault4Callback
                0x0000000008001f5e       0x14 ./Drivers/STM32H7xx_HAL_Driver/Src/stm32h7xx_hal_hrtim.o
                0x0000000008001f5e                HAL_HRTIM_Fault4Callback
 .text.HAL_HRTIM_Fault5Callback
                0x0000000008001f72       0x14 ./Drivers/STM32H7xx_HAL_Driver/Src/stm32h7xx_hal_hrtim.o
                0x0000000008001f72                HAL_HRTIM_Fault5Callback
 .text.HAL_HRTIM_SystemFaultCallback
                0x0000000008001f86       0x14 ./Drivers/STM32H7xx_HAL_Driver/Src/stm32h7xx_hal_hrtim.o
                0x0000000008001f86                HAL_HRTIM_SystemFaultCallback
 .text.HAL_HRTIM_BurstModePeriodCallback
                0x0000000008001f9a       0x14 ./Drivers/STM32H7xx_HAL_Driver/Src/stm32h7xx_hal_hrtim.o
                0x0000000008001f9a                HAL_HRTIM_BurstModePeriodCallback
 .text.HAL_HRTIM_SynchronizationEventCallback
                0x0000000008001fae       0x14 ./Drivers/STM32H7xx_HAL_Driver/Src/stm32h7xx_hal_hrtim.o
                0x0000000008001fae                HAL_HRTIM_SynchronizationEventCallback
 .text.HAL_HRTIM_RegistersUpdateCallback
                0x0000000008001fc2       0x16 ./Drivers/STM32H7xx_HAL_Driver/Src/stm32h7xx_hal_hrtim.o
                0x0000000008001fc2                HAL_HRTIM_RegistersUpdateCallback
 .text.HAL_HRTIM_Compare3EventCallback
                0x0000000008001fd8       0x16 ./Drivers/STM32H7xx_HAL_Driver/Src/stm32h7xx_hal_hrtim.o
                0x0000000008001fd8                HAL_HRTIM_Compare3EventCallback
 .text.HAL_HRTIM_Compare4EventCallback
                0x0000000008001fee       0x16 ./Drivers/STM32H7xx_HAL_Driver/Src/stm32h7xx_hal_hrtim.o
                0x0000000008001fee                HAL_HRTIM_Compare4EventCallback
 .text.HAL_HRTIM_Capture1EventCallback
                0x0000000008002004       0x16 ./Drivers/STM32H7xx_HAL_Driver/Src/stm32h7xx_hal_hrtim.o
                0x0000000008002004                HAL_HRTIM_Capture1EventCallback
 .text.HAL_HRTIM_Capture2EventCallback
                0x000000000800201a       0x16 ./Drivers/STM32H7xx_HAL_Driver/Src/stm32h7xx_hal_hrtim.o
                0x000000000800201a                HAL_HRTIM_Capture2EventCallback
 .text.HAL_HRTIM_DelayedProtectionCallback
                0x0000000008002030       0x16 ./Drivers/STM32H7xx_HAL_Driver/Src/stm32h7xx_hal_hrtim.o
                0x0000000008002030                HAL_HRTIM_DelayedProtectionCallback
 .text.HAL_HRTIM_CounterResetCallback
                0x0000000008002046       0x16 ./Drivers/STM32H7xx_HAL_Driver/Src/stm32h7xx_hal_hrtim.o
                0x0000000008002046                HAL_HRTIM_CounterResetCallback
 .text.HAL_HRTIM_Output1SetCallback
                0x000000000800205c       0x16 ./Drivers/STM32H7xx_HAL_Driver/Src/stm32h7xx_hal_hrtim.o
                0x000000000800205c                HAL_HRTIM_Output1SetCallback
 .text.HAL_HRTIM_Output1ResetCallback
                0x0000000008002072       0x16 ./Drivers/STM32H7xx_HAL_Driver/Src/stm32h7xx_hal_hrtim.o
                0x0000000008002072                HAL_HRTIM_Output1ResetCallback
 .text.HAL_HRTIM_Output2SetCallback
                0x0000000008002088       0x16 ./Drivers/STM32H7xx_HAL_Driver/Src/stm32h7xx_hal_hrtim.o
                0x0000000008002088                HAL_HRTIM_Output2SetCallback
 .text.HAL_HRTIM_Output2ResetCallback
                0x000000000800209e       0x16 ./Drivers/STM32H7xx_HAL_Driver/Src/stm32h7xx_hal_hrtim.o
                0x000000000800209e                HAL_HRTIM_Output2ResetCallback
 .text.HRTIM_MasterBase_Config
                0x00000000080020b4       0x5e ./Drivers/STM32H7xx_HAL_Driver/Src/stm32h7xx_hal_hrtim.o
 .text.HRTIM_TimingUnitBase_Config
                0x0000000008002112       0x80 ./Drivers/STM32H7xx_HAL_Driver/Src/stm32h7xx_hal_hrtim.o
 .text.HRTIM_MasterWaveform_Config
                0x0000000008002192       0xcc ./Drivers/STM32H7xx_HAL_Driver/Src/stm32h7xx_hal_hrtim.o
 *fill*         0x000000000800225e        0x2 
 .text.HRTIM_TimingUnitWaveform_Config
                0x0000000008002260      0x280 ./Drivers/STM32H7xx_HAL_Driver/Src/stm32h7xx_hal_hrtim.o
 .text.HRTIM_ForceRegistersUpdate
                0x00000000080024e0       0xc4 ./Drivers/STM32H7xx_HAL_Driver/Src/stm32h7xx_hal_hrtim.o
 .text.HRTIM_HRTIM_ISR
                0x00000000080025a4       0xfc ./Drivers/STM32H7xx_HAL_Driver/Src/stm32h7xx_hal_hrtim.o
 .text.HRTIM_Master_ISR
                0x00000000080026a0      0x154 ./Drivers/STM32H7xx_HAL_Driver/Src/stm32h7xx_hal_hrtim.o
 .text.HRTIM_Timer_ISR
                0x00000000080027f4      0x2aa ./Drivers/STM32H7xx_HAL_Driver/Src/stm32h7xx_hal_hrtim.o
 *fill*         0x0000000008002a9e        0x2 
 .text.HAL_I2CEx_EnableFastModePlus
                0x0000000008002aa0       0x48 ./Drivers/STM32H7xx_HAL_Driver/Src/stm32h7xx_hal_i2c_ex.o
                0x0000000008002aa0                HAL_I2CEx_EnableFastModePlus
 .text.HAL_PCD_Init
                0x0000000008002ae8      0x248 ./Drivers/STM32H7xx_HAL_Driver/Src/stm32h7xx_hal_pcd.o
                0x0000000008002ae8                HAL_PCD_Init
 .text.HAL_PCD_Start
                0x0000000008002d30       0x6a ./Drivers/STM32H7xx_HAL_Driver/Src/stm32h7xx_hal_pcd.o
                0x0000000008002d30                HAL_PCD_Start
 .text.HAL_PCD_IRQHandler
                0x0000000008002d9a      0x998 ./Drivers/STM32H7xx_HAL_Driver/Src/stm32h7xx_hal_pcd.o
                0x0000000008002d9a                HAL_PCD_IRQHandler
 .text.HAL_PCD_SetAddress
                0x0000000008003732       0x4a ./Drivers/STM32H7xx_HAL_Driver/Src/stm32h7xx_hal_pcd.o
                0x0000000008003732                HAL_PCD_SetAddress
 .text.HAL_PCD_EP_Open
                0x000000000800377c       0xd0 ./Drivers/STM32H7xx_HAL_Driver/Src/stm32h7xx_hal_pcd.o
                0x000000000800377c                HAL_PCD_EP_Open
 .text.HAL_PCD_EP_Close
                0x000000000800384c       0x94 ./Drivers/STM32H7xx_HAL_Driver/Src/stm32h7xx_hal_pcd.o
                0x000000000800384c                HAL_PCD_EP_Close
 .text.HAL_PCD_EP_Receive
                0x00000000080038e0       0x78 ./Drivers/STM32H7xx_HAL_Driver/Src/stm32h7xx_hal_pcd.o
                0x00000000080038e0                HAL_PCD_EP_Receive
 .text.HAL_PCD_EP_GetRxCount
                0x0000000008003958       0x30 ./Drivers/STM32H7xx_HAL_Driver/Src/stm32h7xx_hal_pcd.o
                0x0000000008003958                HAL_PCD_EP_GetRxCount
 .text.HAL_PCD_EP_Transmit
                0x0000000008003988       0x76 ./Drivers/STM32H7xx_HAL_Driver/Src/stm32h7xx_hal_pcd.o
                0x0000000008003988                HAL_PCD_EP_Transmit
 .text.HAL_PCD_EP_SetStall
                0x00000000080039fe       0xc8 ./Drivers/STM32H7xx_HAL_Driver/Src/stm32h7xx_hal_pcd.o
                0x00000000080039fe                HAL_PCD_EP_SetStall
 .text.HAL_PCD_EP_ClrStall
                0x0000000008003ac6       0xac ./Drivers/STM32H7xx_HAL_Driver/Src/stm32h7xx_hal_pcd.o
                0x0000000008003ac6                HAL_PCD_EP_ClrStall
 .text.HAL_PCD_EP_Abort
                0x0000000008003b72       0x62 ./Drivers/STM32H7xx_HAL_Driver/Src/stm32h7xx_hal_pcd.o
                0x0000000008003b72                HAL_PCD_EP_Abort
 .text.PCD_WriteEmptyTxFifo
                0x0000000008003bd4      0x11a ./Drivers/STM32H7xx_HAL_Driver/Src/stm32h7xx_hal_pcd.o
 *fill*         0x0000000008003cee        0x2 
 .text.PCD_EP_OutXfrComplete_int
                0x0000000008003cf0      0x1d0 ./Drivers/STM32H7xx_HAL_Driver/Src/stm32h7xx_hal_pcd.o
 .text.PCD_EP_OutSetupPacket_int
                0x0000000008003ec0       0x8c ./Drivers/STM32H7xx_HAL_Driver/Src/stm32h7xx_hal_pcd.o
 .text.HAL_PCDEx_SetTxFiFo
                0x0000000008003f4c       0x8e ./Drivers/STM32H7xx_HAL_Driver/Src/stm32h7xx_hal_pcd_ex.o
                0x0000000008003f4c                HAL_PCDEx_SetTxFiFo
 .text.HAL_PCDEx_SetRxFiFo
                0x0000000008003fda       0x22 ./Drivers/STM32H7xx_HAL_Driver/Src/stm32h7xx_hal_pcd_ex.o
                0x0000000008003fda                HAL_PCDEx_SetRxFiFo
 .text.HAL_PCDEx_ActivateLPM
                0x0000000008003ffc       0x48 ./Drivers/STM32H7xx_HAL_Driver/Src/stm32h7xx_hal_pcd_ex.o
                0x0000000008003ffc                HAL_PCDEx_ActivateLPM
 .text.HAL_PCDEx_LPM_Callback
                0x0000000008004044       0x18 ./Drivers/STM32H7xx_HAL_Driver/Src/stm32h7xx_hal_pcd_ex.o
                0x0000000008004044                HAL_PCDEx_LPM_Callback
 .text.HAL_PWREx_ConfigSupply
                0x000000000800405c       0x74 ./Drivers/STM32H7xx_HAL_Driver/Src/stm32h7xx_hal_pwr_ex.o
                0x000000000800405c                HAL_PWREx_ConfigSupply
 .text.HAL_PWREx_EnableUSBVoltageDetector
                0x00000000080040d0       0x20 ./Drivers/STM32H7xx_HAL_Driver/Src/stm32h7xx_hal_pwr_ex.o
                0x00000000080040d0                HAL_PWREx_EnableUSBVoltageDetector
 .text.HAL_RCC_OscConfig
                0x00000000080040f0      0x8b4 ./Drivers/STM32H7xx_HAL_Driver/Src/stm32h7xx_hal_rcc.o
                0x00000000080040f0                HAL_RCC_OscConfig
 .text.HAL_RCC_ClockConfig
                0x00000000080049a4      0x36c ./Drivers/STM32H7xx_HAL_Driver/Src/stm32h7xx_hal_rcc.o
                0x00000000080049a4                HAL_RCC_ClockConfig
 .text.HAL_RCC_GetSysClockFreq
                0x0000000008004d10      0x2f4 ./Drivers/STM32H7xx_HAL_Driver/Src/stm32h7xx_hal_rcc.o
                0x0000000008004d10                HAL_RCC_GetSysClockFreq
 .text.HAL_RCC_GetHCLKFreq
                0x0000000008005004       0x60 ./Drivers/STM32H7xx_HAL_Driver/Src/stm32h7xx_hal_rcc.o
                0x0000000008005004                HAL_RCC_GetHCLKFreq
 .text.HAL_RCCEx_PeriphCLKConfig
                0x0000000008005064     0x1414 ./Drivers/STM32H7xx_HAL_Driver/Src/stm32h7xx_hal_rcc_ex.o
                0x0000000008005064                HAL_RCCEx_PeriphCLKConfig
 .text.RCCEx_PLL2_Config
                0x0000000008006478      0x164 ./Drivers/STM32H7xx_HAL_Driver/Src/stm32h7xx_hal_rcc_ex.o
 .text.RCCEx_PLL3_Config
                0x00000000080065dc      0x164 ./Drivers/STM32H7xx_HAL_Driver/Src/stm32h7xx_hal_rcc_ex.o
 .text.USB_CoreInit
                0x0000000008006740       0xdc ./Drivers/STM32H7xx_HAL_Driver/Src/stm32h7xx_ll_usb.o
                0x0000000008006740                USB_CoreInit
 .text.USB_SetTurnaroundTime
                0x000000000800681c      0x144 ./Drivers/STM32H7xx_HAL_Driver/Src/stm32h7xx_ll_usb.o
                0x000000000800681c                USB_SetTurnaroundTime
 .text.USB_EnableGlobalInt
                0x0000000008006960       0x22 ./Drivers/STM32H7xx_HAL_Driver/Src/stm32h7xx_ll_usb.o
                0x0000000008006960                USB_EnableGlobalInt
 .text.USB_DisableGlobalInt
                0x0000000008006982       0x22 ./Drivers/STM32H7xx_HAL_Driver/Src/stm32h7xx_ll_usb.o
                0x0000000008006982                USB_DisableGlobalInt
 .text.USB_SetCurrentMode
                0x00000000080069a4       0x98 ./Drivers/STM32H7xx_HAL_Driver/Src/stm32h7xx_ll_usb.o
                0x00000000080069a4                USB_SetCurrentMode
 .text.USB_DevInit
                0x0000000008006a3c      0x2bc ./Drivers/STM32H7xx_HAL_Driver/Src/stm32h7xx_ll_usb.o
                0x0000000008006a3c                USB_DevInit
 .text.USB_FlushTxFifo
                0x0000000008006cf8       0x68 ./Drivers/STM32H7xx_HAL_Driver/Src/stm32h7xx_ll_usb.o
                0x0000000008006cf8                USB_FlushTxFifo
 .text.USB_FlushRxFifo
                0x0000000008006d60       0x60 ./Drivers/STM32H7xx_HAL_Driver/Src/stm32h7xx_ll_usb.o
                0x0000000008006d60                USB_FlushRxFifo
 .text.USB_SetDevSpeed
                0x0000000008006dc0       0x32 ./Drivers/STM32H7xx_HAL_Driver/Src/stm32h7xx_ll_usb.o
                0x0000000008006dc0                USB_SetDevSpeed
 .text.USB_GetDevSpeed
                0x0000000008006df2       0x4a ./Drivers/STM32H7xx_HAL_Driver/Src/stm32h7xx_ll_usb.o
                0x0000000008006df2                USB_GetDevSpeed
 .text.USB_ActivateEndpoint
                0x0000000008006e3c      0x110 ./Drivers/STM32H7xx_HAL_Driver/Src/stm32h7xx_ll_usb.o
                0x0000000008006e3c                USB_ActivateEndpoint
 .text.USB_DeactivateEndpoint
                0x0000000008006f4c      0x1b8 ./Drivers/STM32H7xx_HAL_Driver/Src/stm32h7xx_ll_usb.o
                0x0000000008006f4c                USB_DeactivateEndpoint
 .text.USB_EPStartXfer
                0x0000000008007104      0x540 ./Drivers/STM32H7xx_HAL_Driver/Src/stm32h7xx_ll_usb.o
                0x0000000008007104                USB_EPStartXfer
 .text.USB_EPStopXfer
                0x0000000008007644      0x154 ./Drivers/STM32H7xx_HAL_Driver/Src/stm32h7xx_ll_usb.o
                0x0000000008007644                USB_EPStopXfer
 .text.USB_WritePacket
                0x0000000008007798       0x7c ./Drivers/STM32H7xx_HAL_Driver/Src/stm32h7xx_ll_usb.o
                0x0000000008007798                USB_WritePacket
 .text.USB_ReadPacket
                0x0000000008007814       0xb0 ./Drivers/STM32H7xx_HAL_Driver/Src/stm32h7xx_ll_usb.o
                0x0000000008007814                USB_ReadPacket
 .text.USB_EPSetStall
                0x00000000080078c4       0xdc ./Drivers/STM32H7xx_HAL_Driver/Src/stm32h7xx_ll_usb.o
                0x00000000080078c4                USB_EPSetStall
 .text.USB_EPClearStall
                0x00000000080079a0       0xcc ./Drivers/STM32H7xx_HAL_Driver/Src/stm32h7xx_ll_usb.o
                0x00000000080079a0                USB_EPClearStall
 .text.USB_SetDevAddress
                0x0000000008007a6c       0x4c ./Drivers/STM32H7xx_HAL_Driver/Src/stm32h7xx_ll_usb.o
                0x0000000008007a6c                USB_SetDevAddress
 .text.USB_DevConnect
                0x0000000008007ab8       0x42 ./Drivers/STM32H7xx_HAL_Driver/Src/stm32h7xx_ll_usb.o
                0x0000000008007ab8                USB_DevConnect
 .text.USB_DevDisconnect
                0x0000000008007afa       0x42 ./Drivers/STM32H7xx_HAL_Driver/Src/stm32h7xx_ll_usb.o
                0x0000000008007afa                USB_DevDisconnect
 .text.USB_ReadInterrupts
                0x0000000008007b3c       0x26 ./Drivers/STM32H7xx_HAL_Driver/Src/stm32h7xx_ll_usb.o
                0x0000000008007b3c                USB_ReadInterrupts
 .text.USB_ReadDevAllOutEpInterrupt
                0x0000000008007b62       0x34 ./Drivers/STM32H7xx_HAL_Driver/Src/stm32h7xx_ll_usb.o
                0x0000000008007b62                USB_ReadDevAllOutEpInterrupt
 .text.USB_ReadDevAllInEpInterrupt
                0x0000000008007b96       0x34 ./Drivers/STM32H7xx_HAL_Driver/Src/stm32h7xx_ll_usb.o
                0x0000000008007b96                USB_ReadDevAllInEpInterrupt
 .text.USB_ReadDevOutEPInterrupt
                0x0000000008007bca       0x3c ./Drivers/STM32H7xx_HAL_Driver/Src/stm32h7xx_ll_usb.o
                0x0000000008007bca                USB_ReadDevOutEPInterrupt
 .text.USB_ReadDevInEPInterrupt
                0x0000000008007c06       0x5c ./Drivers/STM32H7xx_HAL_Driver/Src/stm32h7xx_ll_usb.o
                0x0000000008007c06                USB_ReadDevInEPInterrupt
 .text.USB_GetMode
                0x0000000008007c62       0x1c ./Drivers/STM32H7xx_HAL_Driver/Src/stm32h7xx_ll_usb.o
                0x0000000008007c62                USB_GetMode
 *fill*         0x0000000008007c7e        0x2 
 .text.USB_ActivateSetup
                0x0000000008007c80       0x48 ./Drivers/STM32H7xx_HAL_Driver/Src/stm32h7xx_ll_usb.o
                0x0000000008007c80                USB_ActivateSetup
 .text.USB_EP0_OutStart
                0x0000000008007cc8       0xbc ./Drivers/STM32H7xx_HAL_Driver/Src/stm32h7xx_ll_usb.o
                0x0000000008007cc8                USB_EP0_OutStart
 .text.USB_CoreReset
                0x0000000008007d84       0x68 ./Drivers/STM32H7xx_HAL_Driver/Src/stm32h7xx_ll_usb.o
 .text.USBD_CDC_Init
                0x0000000008007dec      0x1f0 ./Middlewares/ST/STM32_USB_Device_Library/Class/CDC/Src/usbd_cdc.o
 .text.USBD_CDC_DeInit
                0x0000000008007fdc      0x104 ./Middlewares/ST/STM32_USB_Device_Library/Class/CDC/Src/usbd_cdc.o
 .text.USBD_CDC_Setup
                0x00000000080080e0      0x1b8 ./Middlewares/ST/STM32_USB_Device_Library/Class/CDC/Src/usbd_cdc.o
 .text.USBD_CDC_DataIn
                0x0000000008008298       0xfe ./Middlewares/ST/STM32_USB_Device_Library/Class/CDC/Src/usbd_cdc.o
 .text.USBD_CDC_DataOut
                0x0000000008008396       0x70 ./Middlewares/ST/STM32_USB_Device_Library/Class/CDC/Src/usbd_cdc.o
 .text.USBD_CDC_EP0_RxReady
                0x0000000008008406       0x76 ./Middlewares/ST/STM32_USB_Device_Library/Class/CDC/Src/usbd_cdc.o
 .text.USBD_CDC_GetFSCfgDesc
                0x000000000800847c       0x70 ./Middlewares/ST/STM32_USB_Device_Library/Class/CDC/Src/usbd_cdc.o
 .text.USBD_CDC_GetHSCfgDesc
                0x00000000080084ec       0x70 ./Middlewares/ST/STM32_USB_Device_Library/Class/CDC/Src/usbd_cdc.o
 .text.USBD_CDC_GetOtherSpeedCfgDesc
                0x000000000800855c       0x70 ./Middlewares/ST/STM32_USB_Device_Library/Class/CDC/Src/usbd_cdc.o
 .text.USBD_CDC_GetDeviceQualifierDescriptor
                0x00000000080085cc       0x20 ./Middlewares/ST/STM32_USB_Device_Library/Class/CDC/Src/usbd_cdc.o
                0x00000000080085cc                USBD_CDC_GetDeviceQualifierDescriptor
 .text.USBD_CDC_RegisterInterface
                0x00000000080085ec       0x34 ./Middlewares/ST/STM32_USB_Device_Library/Class/CDC/Src/usbd_cdc.o
                0x00000000080085ec                USBD_CDC_RegisterInterface
 .text.USBD_CDC_SetTxBuffer
                0x0000000008008620       0x44 ./Middlewares/ST/STM32_USB_Device_Library/Class/CDC/Src/usbd_cdc.o
                0x0000000008008620                USBD_CDC_SetTxBuffer
 .text.USBD_CDC_SetRxBuffer
                0x0000000008008664       0x3a ./Middlewares/ST/STM32_USB_Device_Library/Class/CDC/Src/usbd_cdc.o
                0x0000000008008664                USBD_CDC_SetRxBuffer
 *fill*         0x000000000800869e        0x2 
 .text.USBD_CDC_TransmitPacket
                0x00000000080086a0       0x80 ./Middlewares/ST/STM32_USB_Device_Library/Class/CDC/Src/usbd_cdc.o
                0x00000000080086a0                USBD_CDC_TransmitPacket
 .text.USBD_CDC_ReceivePacket
                0x0000000008008720       0x6c ./Middlewares/ST/STM32_USB_Device_Library/Class/CDC/Src/usbd_cdc.o
                0x0000000008008720                USBD_CDC_ReceivePacket
 .text.USBD_Init
                0x000000000800878c       0x7c ./Middlewares/ST/STM32_USB_Device_Library/Core/Src/usbd_core.o
                0x000000000800878c                USBD_Init
 .text.USBD_RegisterClass
                0x0000000008008808       0x88 ./Middlewares/ST/STM32_USB_Device_Library/Core/Src/usbd_core.o
                0x0000000008008808                USBD_RegisterClass
 .text.USBD_Start
                0x0000000008008890       0x18 ./Middlewares/ST/STM32_USB_Device_Library/Core/Src/usbd_core.o
                0x0000000008008890                USBD_Start
 .text.USBD_RunTestMode
                0x00000000080088a8       0x16 ./Middlewares/ST/STM32_USB_Device_Library/Core/Src/usbd_core.o
                0x00000000080088a8                USBD_RunTestMode
 .text.USBD_SetClassConfig
                0x00000000080088be       0x38 ./Middlewares/ST/STM32_USB_Device_Library/Core/Src/usbd_core.o
                0x00000000080088be                USBD_SetClassConfig
 .text.USBD_ClrClassConfig
                0x00000000080088f6       0x34 ./Middlewares/ST/STM32_USB_Device_Library/Core/Src/usbd_core.o
                0x00000000080088f6                USBD_ClrClassConfig
 .text.USBD_LL_SetupStage
                0x000000000800892a       0xaa ./Middlewares/ST/STM32_USB_Device_Library/Core/Src/usbd_core.o
                0x000000000800892a                USBD_LL_SetupStage
 .text.USBD_LL_DataOutStage
                0x00000000080089d4      0x166 ./Middlewares/ST/STM32_USB_Device_Library/Core/Src/usbd_core.o
                0x00000000080089d4                USBD_LL_DataOutStage
 .text.USBD_LL_DataInStage
                0x0000000008008b3a      0x164 ./Middlewares/ST/STM32_USB_Device_Library/Core/Src/usbd_core.o
                0x0000000008008b3a                USBD_LL_DataInStage
 .text.USBD_LL_Reset
                0x0000000008008c9e       0xa4 ./Middlewares/ST/STM32_USB_Device_Library/Core/Src/usbd_core.o
                0x0000000008008c9e                USBD_LL_Reset
 .text.USBD_LL_SetSpeed
                0x0000000008008d42       0x20 ./Middlewares/ST/STM32_USB_Device_Library/Core/Src/usbd_core.o
                0x0000000008008d42                USBD_LL_SetSpeed
 .text.USBD_LL_Suspend
                0x0000000008008d62       0x38 ./Middlewares/ST/STM32_USB_Device_Library/Core/Src/usbd_core.o
                0x0000000008008d62                USBD_LL_Suspend
 .text.USBD_LL_Resume
                0x0000000008008d9a       0x30 ./Middlewares/ST/STM32_USB_Device_Library/Core/Src/usbd_core.o
                0x0000000008008d9a                USBD_LL_Resume
 .text.USBD_LL_SOF
                0x0000000008008dca       0x40 ./Middlewares/ST/STM32_USB_Device_Library/Core/Src/usbd_core.o
                0x0000000008008dca                USBD_LL_SOF
 .text.USBD_LL_IsoINIncomplete
                0x0000000008008e0a       0x64 ./Middlewares/ST/STM32_USB_Device_Library/Core/Src/usbd_core.o
                0x0000000008008e0a                USBD_LL_IsoINIncomplete
 .text.USBD_LL_IsoOUTIncomplete
                0x0000000008008e6e       0x64 ./Middlewares/ST/STM32_USB_Device_Library/Core/Src/usbd_core.o
                0x0000000008008e6e                USBD_LL_IsoOUTIncomplete
 .text.USBD_LL_DevConnected
                0x0000000008008ed2       0x16 ./Middlewares/ST/STM32_USB_Device_Library/Core/Src/usbd_core.o
                0x0000000008008ed2                USBD_LL_DevConnected
 .text.USBD_LL_DevDisconnected
                0x0000000008008ee8       0x46 ./Middlewares/ST/STM32_USB_Device_Library/Core/Src/usbd_core.o
                0x0000000008008ee8                USBD_LL_DevDisconnected
 .text.USBD_CoreFindIF
                0x0000000008008f2e       0x1a ./Middlewares/ST/STM32_USB_Device_Library/Core/Src/usbd_core.o
                0x0000000008008f2e                USBD_CoreFindIF
 .text.USBD_CoreFindEP
                0x0000000008008f48       0x1a ./Middlewares/ST/STM32_USB_Device_Library/Core/Src/usbd_core.o
                0x0000000008008f48                USBD_CoreFindEP
 .text.USBD_GetEpDesc
                0x0000000008008f62       0x74 ./Middlewares/ST/STM32_USB_Device_Library/Core/Src/usbd_core.o
                0x0000000008008f62                USBD_GetEpDesc
 .text.USBD_GetNextDesc
                0x0000000008008fd6       0x3a ./Middlewares/ST/STM32_USB_Device_Library/Core/Src/usbd_core.o
                0x0000000008008fd6                USBD_GetNextDesc
 .text.SWAPBYTE
                0x0000000008009010       0x3c ./Middlewares/ST/STM32_USB_Device_Library/Core/Src/usbd_ctlreq.o
 .text.USBD_StdDevReq
                0x000000000800904c       0xe4 ./Middlewares/ST/STM32_USB_Device_Library/Core/Src/usbd_ctlreq.o
                0x000000000800904c                USBD_StdDevReq
 .text.USBD_StdItfReq
                0x0000000008009130       0xd8 ./Middlewares/ST/STM32_USB_Device_Library/Core/Src/usbd_ctlreq.o
                0x0000000008009130                USBD_StdItfReq
 .text.USBD_StdEPReq
                0x0000000008009208      0x33a ./Middlewares/ST/STM32_USB_Device_Library/Core/Src/usbd_ctlreq.o
                0x0000000008009208                USBD_StdEPReq
 *fill*         0x0000000008009542        0x2 
 .text.USBD_GetDescriptor
                0x0000000008009544      0x328 ./Middlewares/ST/STM32_USB_Device_Library/Core/Src/usbd_ctlreq.o
 .text.USBD_SetAddress
                0x000000000800986c       0x88 ./Middlewares/ST/STM32_USB_Device_Library/Core/Src/usbd_ctlreq.o
 .text.USBD_SetConfig
                0x00000000080098f4      0x154 ./Middlewares/ST/STM32_USB_Device_Library/Core/Src/usbd_ctlreq.o
 .text.USBD_GetConfig
                0x0000000008009a48       0x6c ./Middlewares/ST/STM32_USB_Device_Library/Core/Src/usbd_ctlreq.o
 .text.USBD_GetStatus
                0x0000000008009ab4       0x68 ./Middlewares/ST/STM32_USB_Device_Library/Core/Src/usbd_ctlreq.o
 .text.USBD_SetFeature
                0x0000000008009b1c       0x52 ./Middlewares/ST/STM32_USB_Device_Library/Core/Src/usbd_ctlreq.o
 .text.USBD_ClrFeature
                0x0000000008009b6e       0x44 ./Middlewares/ST/STM32_USB_Device_Library/Core/Src/usbd_ctlreq.o
 .text.USBD_ParseSetupRequest
                0x0000000008009bb2       0x74 ./Middlewares/ST/STM32_USB_Device_Library/Core/Src/usbd_ctlreq.o
                0x0000000008009bb2                USBD_ParseSetupRequest
 .text.USBD_CtlError
                0x0000000008009c26       0x22 ./Middlewares/ST/STM32_USB_Device_Library/Core/Src/usbd_ctlreq.o
                0x0000000008009c26                USBD_CtlError
 .text.USBD_GetString
                0x0000000008009c48       0x8c ./Middlewares/ST/STM32_USB_Device_Library/Core/Src/usbd_ctlreq.o
                0x0000000008009c48                USBD_GetString
 .text.USBD_GetLen
                0x0000000008009cd4       0x34 ./Middlewares/ST/STM32_USB_Device_Library/Core/Src/usbd_ctlreq.o
 .text.USBD_CtlSendData
                0x0000000008009d08       0x36 ./Middlewares/ST/STM32_USB_Device_Library/Core/Src/usbd_ioreq.o
                0x0000000008009d08                USBD_CtlSendData
 .text.USBD_CtlContinueSendData
                0x0000000008009d3e       0x22 ./Middlewares/ST/STM32_USB_Device_Library/Core/Src/usbd_ioreq.o
                0x0000000008009d3e                USBD_CtlContinueSendData
 .text.USBD_CtlPrepareRx
                0x0000000008009d60       0x3a ./Middlewares/ST/STM32_USB_Device_Library/Core/Src/usbd_ioreq.o
                0x0000000008009d60                USBD_CtlPrepareRx
 .text.USBD_CtlContinueRx
                0x0000000008009d9a       0x22 ./Middlewares/ST/STM32_USB_Device_Library/Core/Src/usbd_ioreq.o
                0x0000000008009d9a                USBD_CtlContinueRx
 .text.USBD_CtlSendStatus
                0x0000000008009dbc       0x26 ./Middlewares/ST/STM32_USB_Device_Library/Core/Src/usbd_ioreq.o
                0x0000000008009dbc                USBD_CtlSendStatus
 .text.USBD_CtlReceiveStatus
                0x0000000008009de2       0x26 ./Middlewares/ST/STM32_USB_Device_Library/Core/Src/usbd_ioreq.o
                0x0000000008009de2                USBD_CtlReceiveStatus
 .text.CDC_OTG_Send
                0x0000000008009e08       0xe8 ./USB_DEVICE/App/usb_device.o
                0x0000000008009e08                CDC_OTG_Send
 .text.CDC_OTG_Recv
                0x0000000008009ef0       0x24 ./USB_DEVICE/App/usb_device.o
                0x0000000008009ef0                CDC_OTG_Recv
 .text.MX_USB_DEVICE_Init
                0x0000000008009f14       0x64 ./USB_DEVICE/App/usb_device.o
                0x0000000008009f14                MX_USB_DEVICE_Init
 .text.CDC_Init_FS
                0x0000000008009f78       0x28 ./USB_DEVICE/App/usbd_cdc_if.o
 .text.CDC_DeInit_FS
                0x0000000008009fa0       0x10 ./USB_DEVICE/App/usbd_cdc_if.o
 .text.CDC_Control_FS
                0x0000000008009fb0      0x150 ./USB_DEVICE/App/usbd_cdc_if.o
 .text.CDC_Receive_FS
                0x000000000800a100       0x18 ./USB_DEVICE/App/usbd_cdc_if.o
 .text.CDC_TransmitCplt_FS
                0x000000000800a118       0x22 ./USB_DEVICE/App/usbd_cdc_if.o
 *fill*         0x000000000800a13a        0x2 
 .text.USBD_FS_DeviceDescriptor
                0x000000000800a13c       0x24 ./USB_DEVICE/App/usbd_desc.o
                0x000000000800a13c                USBD_FS_DeviceDescriptor
 .text.USBD_FS_LangIDStrDescriptor
                0x000000000800a160       0x24 ./USB_DEVICE/App/usbd_desc.o
                0x000000000800a160                USBD_FS_LangIDStrDescriptor
 .text.USBD_FS_ProductStrDescriptor
                0x000000000800a184       0x3c ./USB_DEVICE/App/usbd_desc.o
                0x000000000800a184                USBD_FS_ProductStrDescriptor
 .text.USBD_FS_ManufacturerStrDescriptor
                0x000000000800a1c0       0x28 ./USB_DEVICE/App/usbd_desc.o
                0x000000000800a1c0                USBD_FS_ManufacturerStrDescriptor
 .text.USBD_FS_SerialStrDescriptor
                0x000000000800a1e8       0x24 ./USB_DEVICE/App/usbd_desc.o
                0x000000000800a1e8                USBD_FS_SerialStrDescriptor
 .text.USBD_FS_ConfigStrDescriptor
                0x000000000800a20c       0x3c ./USB_DEVICE/App/usbd_desc.o
                0x000000000800a20c                USBD_FS_ConfigStrDescriptor
 .text.USBD_FS_InterfaceStrDescriptor
                0x000000000800a248       0x3c ./USB_DEVICE/App/usbd_desc.o
                0x000000000800a248                USBD_FS_InterfaceStrDescriptor
 .text.Get_SerialNum
                0x000000000800a284       0x58 ./USB_DEVICE/App/usbd_desc.o
 .text.IntToUnicode
                0x000000000800a2dc       0x7e ./USB_DEVICE/App/usbd_desc.o
 *fill*         0x000000000800a35a        0x2 
 .text.HAL_PCD_MspInit
                0x000000000800a35c      0x108 ./USB_DEVICE/Target/usbd_conf.o
                0x000000000800a35c                HAL_PCD_MspInit
 .text.HAL_PCD_SetupStageCallback
                0x000000000800a464       0x24 ./USB_DEVICE/Target/usbd_conf.o
                0x000000000800a464                HAL_PCD_SetupStageCallback
 .text.HAL_PCD_DataOutStageCallback
                0x000000000800a488       0x36 ./USB_DEVICE/Target/usbd_conf.o
                0x000000000800a488                HAL_PCD_DataOutStageCallback
 .text.HAL_PCD_DataInStageCallback
                0x000000000800a4be       0x34 ./USB_DEVICE/Target/usbd_conf.o
                0x000000000800a4be                HAL_PCD_DataInStageCallback
 .text.HAL_PCD_SOFCallback
                0x000000000800a4f2       0x1c ./USB_DEVICE/Target/usbd_conf.o
                0x000000000800a4f2                HAL_PCD_SOFCallback
 .text.HAL_PCD_ResetCallback
                0x000000000800a50e       0x50 ./USB_DEVICE/Target/usbd_conf.o
                0x000000000800a50e                HAL_PCD_ResetCallback
 *fill*         0x000000000800a55e        0x2 
 .text.HAL_PCD_SuspendCallback
                0x000000000800a560       0x4c ./USB_DEVICE/Target/usbd_conf.o
                0x000000000800a560                HAL_PCD_SuspendCallback
 .text.HAL_PCD_ResumeCallback
                0x000000000800a5ac       0x1c ./USB_DEVICE/Target/usbd_conf.o
                0x000000000800a5ac                HAL_PCD_ResumeCallback
 .text.HAL_PCD_ISOOUTIncompleteCallback
                0x000000000800a5c8       0x24 ./USB_DEVICE/Target/usbd_conf.o
                0x000000000800a5c8                HAL_PCD_ISOOUTIncompleteCallback
 .text.HAL_PCD_ISOINIncompleteCallback
                0x000000000800a5ec       0x24 ./USB_DEVICE/Target/usbd_conf.o
                0x000000000800a5ec                HAL_PCD_ISOINIncompleteCallback
 .text.HAL_PCD_ConnectCallback
                0x000000000800a610       0x1c ./USB_DEVICE/Target/usbd_conf.o
                0x000000000800a610                HAL_PCD_ConnectCallback
 .text.HAL_PCD_DisconnectCallback
                0x000000000800a62c       0x1c ./USB_DEVICE/Target/usbd_conf.o
                0x000000000800a62c                HAL_PCD_DisconnectCallback
 .text.USBD_LL_Init
                0x000000000800a648       0xa4 ./USB_DEVICE/Target/usbd_conf.o
                0x000000000800a648                USBD_LL_Init
 .text.USBD_LL_Start
                0x000000000800a6ec       0x36 ./USB_DEVICE/Target/usbd_conf.o
                0x000000000800a6ec                USBD_LL_Start
 .text.USBD_LL_OpenEP
                0x000000000800a722       0x4c ./USB_DEVICE/Target/usbd_conf.o
                0x000000000800a722                USBD_LL_OpenEP
 .text.USBD_LL_CloseEP
                0x000000000800a76e       0x3e ./USB_DEVICE/Target/usbd_conf.o
                0x000000000800a76e                USBD_LL_CloseEP
 .text.USBD_LL_StallEP
                0x000000000800a7ac       0x3e ./USB_DEVICE/Target/usbd_conf.o
                0x000000000800a7ac                USBD_LL_StallEP
 .text.USBD_LL_ClearStallEP
                0x000000000800a7ea       0x3e ./USB_DEVICE/Target/usbd_conf.o
                0x000000000800a7ea                USBD_LL_ClearStallEP
 .text.USBD_LL_IsStallEP
                0x000000000800a828       0x58 ./USB_DEVICE/Target/usbd_conf.o
                0x000000000800a828                USBD_LL_IsStallEP
 .text.USBD_LL_SetUSBAddress
                0x000000000800a880       0x3e ./USB_DEVICE/Target/usbd_conf.o
                0x000000000800a880                USBD_LL_SetUSBAddress
 .text.USBD_LL_Transmit
                0x000000000800a8be       0x42 ./USB_DEVICE/Target/usbd_conf.o
                0x000000000800a8be                USBD_LL_Transmit
 .text.USBD_LL_PrepareReceive
                0x000000000800a900       0x42 ./USB_DEVICE/Target/usbd_conf.o
                0x000000000800a900                USBD_LL_PrepareReceive
 .text.USBD_LL_GetRxDataSize
                0x000000000800a942       0x26 ./USB_DEVICE/Target/usbd_conf.o
                0x000000000800a942                USBD_LL_GetRxDataSize
 .text.USBD_static_malloc
                0x000000000800a968       0x1c ./USB_DEVICE/Target/usbd_conf.o
                0x000000000800a968                USBD_static_malloc
 .text.USBD_static_free
                0x000000000800a984       0x14 ./USB_DEVICE/Target/usbd_conf.o
                0x000000000800a984                USBD_static_free
 .text.USBD_Get_USB_Status
                0x000000000800a998       0x58 ./USB_DEVICE/Target/usbd_conf.o
                0x000000000800a998                USBD_Get_USB_Status
 .text.__cvt    0x000000000800a9f0       0xa4 /home/mango/st/stm32cubeide_1.13.2/plugins/com.st.stm32cube.ide.mcu.externaltools.gnu-tools-for-stm32.11.3.rel1.linux64_1.1.100.202309141235/tools/bin/../lib/gcc/arm-none-eabi/11.3.1/../../../../arm-none-eabi/lib/thumb/v7e-m+dp/hard/libc_nano.a(libc_a-nano-vfprintf_float.o)
                0x000000000800a9f0                __cvt
 .text.__exponent
                0x000000000800aa94       0x7c /home/mango/st/stm32cubeide_1.13.2/plugins/com.st.stm32cube.ide.mcu.externaltools.gnu-tools-for-stm32.11.3.rel1.linux64_1.1.100.202309141235/tools/bin/../lib/gcc/arm-none-eabi/11.3.1/../../../../arm-none-eabi/lib/thumb/v7e-m+dp/hard/libc_nano.a(libc_a-nano-vfprintf_float.o)
                0x000000000800aa94                __exponent
 .text._printf_float
                0x000000000800ab10      0x434 /home/mango/st/stm32cubeide_1.13.2/plugins/com.st.stm32cube.ide.mcu.externaltools.gnu-tools-for-stm32.11.3.rel1.linux64_1.1.100.202309141235/tools/bin/../lib/gcc/arm-none-eabi/11.3.1/../../../../arm-none-eabi/lib/thumb/v7e-m+dp/hard/libc_nano.a(libc_a-nano-vfprintf_float.o)
                0x000000000800ab10                _printf_float
 .text._printf_common
                0x000000000800af44       0xda /home/mango/st/stm32cubeide_1.13.2/plugins/com.st.stm32cube.ide.mcu.externaltools.gnu-tools-for-stm32.11.3.rel1.linux64_1.1.100.202309141235/tools/bin/../lib/gcc/arm-none-eabi/11.3.1/../../../../arm-none-eabi/lib/thumb/v7e-m+dp/hard/libc_nano.a(libc_a-nano-vfprintf_i.o)
                0x000000000800af44                _printf_common
 *fill*         0x000000000800b01e        0x2 
 .text._printf_i
                0x000000000800b020      0x244 /home/mango/st/stm32cubeide_1.13.2/plugins/com.st.stm32cube.ide.mcu.externaltools.gnu-tools-for-stm32.11.3.rel1.linux64_1.1.100.202309141235/tools/bin/../lib/gcc/arm-none-eabi/11.3.1/../../../../arm-none-eabi/lib/thumb/v7e-m+dp/hard/libc_nano.a(libc_a-nano-vfprintf_i.o)
                0x000000000800b020                _printf_i
 .text.std      0x000000000800b264       0x6c /home/mango/st/stm32cubeide_1.13.2/plugins/com.st.stm32cube.ide.mcu.externaltools.gnu-tools-for-stm32.11.3.rel1.linux64_1.1.100.202309141235/tools/bin/../lib/gcc/arm-none-eabi/11.3.1/../../../../arm-none-eabi/lib/thumb/v7e-m+dp/hard/libc_nano.a(libc_a-findfp.o)
 .text.stdio_exit_handler
                0x000000000800b2d0       0x18 /home/mango/st/stm32cubeide_1.13.2/plugins/com.st.stm32cube.ide.mcu.externaltools.gnu-tools-for-stm32.11.3.rel1.linux64_1.1.100.202309141235/tools/bin/../lib/gcc/arm-none-eabi/11.3.1/../../../../arm-none-eabi/lib/thumb/v7e-m+dp/hard/libc_nano.a(libc_a-findfp.o)
 .text.cleanup_stdio
                0x000000000800b2e8       0x40 /home/mango/st/stm32cubeide_1.13.2/plugins/com.st.stm32cube.ide.mcu.externaltools.gnu-tools-for-stm32.11.3.rel1.linux64_1.1.100.202309141235/tools/bin/../lib/gcc/arm-none-eabi/11.3.1/../../../../arm-none-eabi/lib/thumb/v7e-m+dp/hard/libc_nano.a(libc_a-findfp.o)
 .text.global_stdio_init.part.0
                0x000000000800b328       0x3c /home/mango/st/stm32cubeide_1.13.2/plugins/com.st.stm32cube.ide.mcu.externaltools.gnu-tools-for-stm32.11.3.rel1.linux64_1.1.100.202309141235/tools/bin/../lib/gcc/arm-none-eabi/11.3.1/../../../../arm-none-eabi/lib/thumb/v7e-m+dp/hard/libc_nano.a(libc_a-findfp.o)
 .text.__sfp_lock_acquire
                0x000000000800b364        0xc /home/mango/st/stm32cubeide_1.13.2/plugins/com.st.stm32cube.ide.mcu.externaltools.gnu-tools-for-stm32.11.3.rel1.linux64_1.1.100.202309141235/tools/bin/../lib/gcc/arm-none-eabi/11.3.1/../../../../arm-none-eabi/lib/thumb/v7e-m+dp/hard/libc_nano.a(libc_a-findfp.o)
                0x000000000800b364                __sfp_lock_acquire
 .text.__sfp_lock_release
                0x000000000800b370        0xc /home/mango/st/stm32cubeide_1.13.2/plugins/com.st.stm32cube.ide.mcu.externaltools.gnu-tools-for-stm32.11.3.rel1.linux64_1.1.100.202309141235/tools/bin/../lib/gcc/arm-none-eabi/11.3.1/../../../../arm-none-eabi/lib/thumb/v7e-m+dp/hard/libc_nano.a(libc_a-findfp.o)
                0x000000000800b370                __sfp_lock_release
 .text.__sinit  0x000000000800b37c       0x30 /home/mango/st/stm32cubeide_1.13.2/plugins/com.st.stm32cube.ide.mcu.externaltools.gnu-tools-for-stm32.11.3.rel1.linux64_1.1.100.202309141235/tools/bin/../lib/gcc/arm-none-eabi/11.3.1/../../../../arm-none-eabi/lib/thumb/v7e-m+dp/hard/libc_nano.a(libc_a-findfp.o)
                0x000000000800b37c                __sinit
 .text._fwalk_sglue
                0x000000000800b3ac       0x3c /home/mango/st/stm32cubeide_1.13.2/plugins/com.st.stm32cube.ide.mcu.externaltools.gnu-tools-for-stm32.11.3.rel1.linux64_1.1.100.202309141235/tools/bin/../lib/gcc/arm-none-eabi/11.3.1/../../../../arm-none-eabi/lib/thumb/v7e-m+dp/hard/libc_nano.a(libc_a-fwalk.o)
                0x000000000800b3ac                _fwalk_sglue
 .text.printf   0x000000000800b3e8       0x24 /home/mango/st/stm32cubeide_1.13.2/plugins/com.st.stm32cube.ide.mcu.externaltools.gnu-tools-for-stm32.11.3.rel1.linux64_1.1.100.202309141235/tools/bin/../lib/gcc/arm-none-eabi/11.3.1/../../../../arm-none-eabi/lib/thumb/v7e-m+dp/hard/libc_nano.a(libc_a-printf.o)
                0x000000000800b3e8                printf
                0x000000000800b3e8                iprintf
 .text.putchar  0x000000000800b40c       0x10 /home/mango/st/stm32cubeide_1.13.2/plugins/com.st.stm32cube.ide.mcu.externaltools.gnu-tools-for-stm32.11.3.rel1.linux64_1.1.100.202309141235/tools/bin/../lib/gcc/arm-none-eabi/11.3.1/../../../../arm-none-eabi/lib/thumb/v7e-m+dp/hard/libc_nano.a(libc_a-putchar.o)
                0x000000000800b40c                putchar
 .text._puts_r  0x000000000800b41c       0xa8 /home/mango/st/stm32cubeide_1.13.2/plugins/com.st.stm32cube.ide.mcu.externaltools.gnu-tools-for-stm32.11.3.rel1.linux64_1.1.100.202309141235/tools/bin/../lib/gcc/arm-none-eabi/11.3.1/../../../../arm-none-eabi/lib/thumb/v7e-m+dp/hard/libc_nano.a(libc_a-puts.o)
                0x000000000800b41c                _puts_r
 .text.puts     0x000000000800b4c4       0x10 /home/mango/st/stm32cubeide_1.13.2/plugins/com.st.stm32cube.ide.mcu.externaltools.gnu-tools-for-stm32.11.3.rel1.linux64_1.1.100.202309141235/tools/bin/../lib/gcc/arm-none-eabi/11.3.1/../../../../arm-none-eabi/lib/thumb/v7e-m+dp/hard/libc_nano.a(libc_a-puts.o)
                0x000000000800b4c4                puts
 .text.__sread  0x000000000800b4d4       0x22 /home/mango/st/stm32cubeide_1.13.2/plugins/com.st.stm32cube.ide.mcu.externaltools.gnu-tools-for-stm32.11.3.rel1.linux64_1.1.100.202309141235/tools/bin/../lib/gcc/arm-none-eabi/11.3.1/../../../../arm-none-eabi/lib/thumb/v7e-m+dp/hard/libc_nano.a(libc_a-stdio.o)
                0x000000000800b4d4                __sread
 .text.__swrite
                0x000000000800b4f6       0x38 /home/mango/st/stm32cubeide_1.13.2/plugins/com.st.stm32cube.ide.mcu.externaltools.gnu-tools-for-stm32.11.3.rel1.linux64_1.1.100.202309141235/tools/bin/../lib/gcc/arm-none-eabi/11.3.1/../../../../arm-none-eabi/lib/thumb/v7e-m+dp/hard/libc_nano.a(libc_a-stdio.o)
                0x000000000800b4f6                __swrite
 .text.__sseek  0x000000000800b52e       0x24 /home/mango/st/stm32cubeide_1.13.2/plugins/com.st.stm32cube.ide.mcu.externaltools.gnu-tools-for-stm32.11.3.rel1.linux64_1.1.100.202309141235/tools/bin/../lib/gcc/arm-none-eabi/11.3.1/../../../../arm-none-eabi/lib/thumb/v7e-m+dp/hard/libc_nano.a(libc_a-stdio.o)
                0x000000000800b52e                __sseek
 .text.__sclose
                0x000000000800b552        0x8 /home/mango/st/stm32cubeide_1.13.2/plugins/com.st.stm32cube.ide.mcu.externaltools.gnu-tools-for-stm32.11.3.rel1.linux64_1.1.100.202309141235/tools/bin/../lib/gcc/arm-none-eabi/11.3.1/../../../../arm-none-eabi/lib/thumb/v7e-m+dp/hard/libc_nano.a(libc_a-stdio.o)
                0x000000000800b552                __sclose
 *fill*         0x000000000800b55a        0x2 
 .text.vprintf  0x000000000800b55c       0x14 /home/mango/st/stm32cubeide_1.13.2/plugins/com.st.stm32cube.ide.mcu.externaltools.gnu-tools-for-stm32.11.3.rel1.linux64_1.1.100.202309141235/tools/bin/../lib/gcc/arm-none-eabi/11.3.1/../../../../arm-none-eabi/lib/thumb/v7e-m+dp/hard/libc_nano.a(libc_a-vprintf.o)
                0x000000000800b55c                vprintf
                0x000000000800b55c                viprintf
 .text.__swbuf_r
                0x000000000800b570       0x7a /home/mango/st/stm32cubeide_1.13.2/plugins/com.st.stm32cube.ide.mcu.externaltools.gnu-tools-for-stm32.11.3.rel1.linux64_1.1.100.202309141235/tools/bin/../lib/gcc/arm-none-eabi/11.3.1/../../../../arm-none-eabi/lib/thumb/v7e-m+dp/hard/libc_nano.a(libc_a-wbuf.o)
                0x000000000800b570                __swbuf_r
 *fill*         0x000000000800b5ea        0x2 
 .text.__swsetup_r
                0x000000000800b5ec       0xb0 /home/mango/st/stm32cubeide_1.13.2/plugins/com.st.stm32cube.ide.mcu.externaltools.gnu-tools-for-stm32.11.3.rel1.linux64_1.1.100.202309141235/tools/bin/../lib/gcc/arm-none-eabi/11.3.1/../../../../arm-none-eabi/lib/thumb/v7e-m+dp/hard/libc_nano.a(libc_a-wsetup.o)
                0x000000000800b5ec                __swsetup_r
 .text.memset   0x000000000800b69c       0x10 /home/mango/st/stm32cubeide_1.13.2/plugins/com.st.stm32cube.ide.mcu.externaltools.gnu-tools-for-stm32.11.3.rel1.linux64_1.1.100.202309141235/tools/bin/../lib/gcc/arm-none-eabi/11.3.1/../../../../arm-none-eabi/lib/thumb/v7e-m+dp/hard/libc_nano.a(libc_a-memset.o)
                0x000000000800b69c                memset
 .text._localeconv_r
                0x000000000800b6ac        0x8 /home/mango/st/stm32cubeide_1.13.2/plugins/com.st.stm32cube.ide.mcu.externaltools.gnu-tools-for-stm32.11.3.rel1.linux64_1.1.100.202309141235/tools/bin/../lib/gcc/arm-none-eabi/11.3.1/../../../../arm-none-eabi/lib/thumb/v7e-m+dp/hard/libc_nano.a(libc_a-localeconv.o)
                0x000000000800b6ac                _localeconv_r
 .text._close_r
                0x000000000800b6b4       0x20 /home/mango/st/stm32cubeide_1.13.2/plugins/com.st.stm32cube.ide.mcu.externaltools.gnu-tools-for-stm32.11.3.rel1.linux64_1.1.100.202309141235/tools/bin/../lib/gcc/arm-none-eabi/11.3.1/../../../../arm-none-eabi/lib/thumb/v7e-m+dp/hard/libc_nano.a(libc_a-closer.o)
                0x000000000800b6b4                _close_r
 .text._lseek_r
                0x000000000800b6d4       0x24 /home/mango/st/stm32cubeide_1.13.2/plugins/com.st.stm32cube.ide.mcu.externaltools.gnu-tools-for-stm32.11.3.rel1.linux64_1.1.100.202309141235/tools/bin/../lib/gcc/arm-none-eabi/11.3.1/../../../../arm-none-eabi/lib/thumb/v7e-m+dp/hard/libc_nano.a(libc_a-lseekr.o)
                0x000000000800b6d4                _lseek_r
 .text._read_r  0x000000000800b6f8       0x24 /home/mango/st/stm32cubeide_1.13.2/plugins/com.st.stm32cube.ide.mcu.externaltools.gnu-tools-for-stm32.11.3.rel1.linux64_1.1.100.202309141235/tools/bin/../lib/gcc/arm-none-eabi/11.3.1/../../../../arm-none-eabi/lib/thumb/v7e-m+dp/hard/libc_nano.a(libc_a-readr.o)
                0x000000000800b6f8                _read_r
 .text._write_r
                0x000000000800b71c       0x24 /home/mango/st/stm32cubeide_1.13.2/plugins/com.st.stm32cube.ide.mcu.externaltools.gnu-tools-for-stm32.11.3.rel1.linux64_1.1.100.202309141235/tools/bin/../lib/gcc/arm-none-eabi/11.3.1/../../../../arm-none-eabi/lib/thumb/v7e-m+dp/hard/libc_nano.a(libc_a-writer.o)
                0x000000000800b71c                _write_r
 .text.__errno  0x000000000800b740        0xc /home/mango/st/stm32cubeide_1.13.2/plugins/com.st.stm32cube.ide.mcu.externaltools.gnu-tools-for-stm32.11.3.rel1.linux64_1.1.100.202309141235/tools/bin/../lib/gcc/arm-none-eabi/11.3.1/../../../../arm-none-eabi/lib/thumb/v7e-m+dp/hard/libc_nano.a(libc_a-errno.o)
                0x000000000800b740                __errno
 .text.__libc_init_array
                0x000000000800b74c       0x48 /home/mango/st/stm32cubeide_1.13.2/plugins/com.st.stm32cube.ide.mcu.externaltools.gnu-tools-for-stm32.11.3.rel1.linux64_1.1.100.202309141235/tools/bin/../lib/gcc/arm-none-eabi/11.3.1/../../../../arm-none-eabi/lib/thumb/v7e-m+dp/hard/libc_nano.a(libc_a-init.o)
                0x000000000800b74c                __libc_init_array
 .text.__retarget_lock_init_recursive
                0x000000000800b794        0x2 /home/mango/st/stm32cubeide_1.13.2/plugins/com.st.stm32cube.ide.mcu.externaltools.gnu-tools-for-stm32.11.3.rel1.linux64_1.1.100.202309141235/tools/bin/../lib/gcc/arm-none-eabi/11.3.1/../../../../arm-none-eabi/lib/thumb/v7e-m+dp/hard/libc_nano.a(libc_a-lock.o)
                0x000000000800b794                __retarget_lock_init_recursive
 .text.__retarget_lock_acquire_recursive
                0x000000000800b796        0x2 /home/mango/st/stm32cubeide_1.13.2/plugins/com.st.stm32cube.ide.mcu.externaltools.gnu-tools-for-stm32.11.3.rel1.linux64_1.1.100.202309141235/tools/bin/../lib/gcc/arm-none-eabi/11.3.1/../../../../arm-none-eabi/lib/thumb/v7e-m+dp/hard/libc_nano.a(libc_a-lock.o)
                0x000000000800b796                __retarget_lock_acquire_recursive
 .text.__retarget_lock_release_recursive
                0x000000000800b798        0x2 /home/mango/st/stm32cubeide_1.13.2/plugins/com.st.stm32cube.ide.mcu.externaltools.gnu-tools-for-stm32.11.3.rel1.linux64_1.1.100.202309141235/tools/bin/../lib/gcc/arm-none-eabi/11.3.1/../../../../arm-none-eabi/lib/thumb/v7e-m+dp/hard/libc_nano.a(libc_a-lock.o)
                0x000000000800b798                __retarget_lock_release_recursive
 .text.quorem   0x000000000800b79a      0x110 /home/mango/st/stm32cubeide_1.13.2/plugins/com.st.stm32cube.ide.mcu.externaltools.gnu-tools-for-stm32.11.3.rel1.linux64_1.1.100.202309141235/tools/bin/../lib/gcc/arm-none-eabi/11.3.1/../../../../arm-none-eabi/lib/thumb/v7e-m+dp/hard/libc_nano.a(libc_a-dtoa.o)
 *fill*         0x000000000800b8aa        0x6 
 .text._dtoa_r  0x000000000800b8b0      0xad8 /home/mango/st/stm32cubeide_1.13.2/plugins/com.st.stm32cube.ide.mcu.externaltools.gnu-tools-for-stm32.11.3.rel1.linux64_1.1.100.202309141235/tools/bin/../lib/gcc/arm-none-eabi/11.3.1/../../../../arm-none-eabi/lib/thumb/v7e-m+dp/hard/libc_nano.a(libc_a-dtoa.o)
                0x000000000800b8b0                _dtoa_r
 .text._free_r  0x000000000800c388       0x98 /home/mango/st/stm32cubeide_1.13.2/plugins/com.st.stm32cube.ide.mcu.externaltools.gnu-tools-for-stm32.11.3.rel1.linux64_1.1.100.202309141235/tools/bin/../lib/gcc/arm-none-eabi/11.3.1/../../../../arm-none-eabi/lib/thumb/v7e-m+dp/hard/libc_nano.a(libc_a-freer.o)
                0x000000000800c388                _free_r
 .text.malloc   0x000000000800c420       0x10 /home/mango/st/stm32cubeide_1.13.2/plugins/com.st.stm32cube.ide.mcu.externaltools.gnu-tools-for-stm32.11.3.rel1.linux64_1.1.100.202309141235/tools/bin/../lib/gcc/arm-none-eabi/11.3.1/../../../../arm-none-eabi/lib/thumb/v7e-m+dp/hard/libc_nano.a(libc_a-malloc.o)
                0x000000000800c420                malloc
 .text.sbrk_aligned
                0x000000000800c430       0x40 /home/mango/st/stm32cubeide_1.13.2/plugins/com.st.stm32cube.ide.mcu.externaltools.gnu-tools-for-stm32.11.3.rel1.linux64_1.1.100.202309141235/tools/bin/../lib/gcc/arm-none-eabi/11.3.1/../../../../arm-none-eabi/lib/thumb/v7e-m+dp/hard/libc_nano.a(libc_a-mallocr.o)
 .text._malloc_r
                0x000000000800c470      0x100 /home/mango/st/stm32cubeide_1.13.2/plugins/com.st.stm32cube.ide.mcu.externaltools.gnu-tools-for-stm32.11.3.rel1.linux64_1.1.100.202309141235/tools/bin/../lib/gcc/arm-none-eabi/11.3.1/../../../../arm-none-eabi/lib/thumb/v7e-m+dp/hard/libc_nano.a(libc_a-mallocr.o)
                0x000000000800c470                _malloc_r
 .text.__malloc_lock
                0x000000000800c570        0xc /home/mango/st/stm32cubeide_1.13.2/plugins/com.st.stm32cube.ide.mcu.externaltools.gnu-tools-for-stm32.11.3.rel1.linux64_1.1.100.202309141235/tools/bin/../lib/gcc/arm-none-eabi/11.3.1/../../../../arm-none-eabi/lib/thumb/v7e-m+dp/hard/libc_nano.a(libc_a-mlock.o)
                0x000000000800c570                __malloc_lock
 .text.__malloc_unlock
                0x000000000800c57c        0xc /home/mango/st/stm32cubeide_1.13.2/plugins/com.st.stm32cube.ide.mcu.externaltools.gnu-tools-for-stm32.11.3.rel1.linux64_1.1.100.202309141235/tools/bin/../lib/gcc/arm-none-eabi/11.3.1/../../../../arm-none-eabi/lib/thumb/v7e-m+dp/hard/libc_nano.a(libc_a-mlock.o)
                0x000000000800c57c                __malloc_unlock
 .text._Balloc  0x000000000800c588       0x80 /home/mango/st/stm32cubeide_1.13.2/plugins/com.st.stm32cube.ide.mcu.externaltools.gnu-tools-for-stm32.11.3.rel1.linux64_1.1.100.202309141235/tools/bin/../lib/gcc/arm-none-eabi/11.3.1/../../../../arm-none-eabi/lib/thumb/v7e-m+dp/hard/libc_nano.a(libc_a-mprec.o)
                0x000000000800c588                _Balloc
 .text._Bfree   0x000000000800c608       0x44 /home/mango/st/stm32cubeide_1.13.2/plugins/com.st.stm32cube.ide.mcu.externaltools.gnu-tools-for-stm32.11.3.rel1.linux64_1.1.100.202309141235/tools/bin/../lib/gcc/arm-none-eabi/11.3.1/../../../../arm-none-eabi/lib/thumb/v7e-m+dp/hard/libc_nano.a(libc_a-mprec.o)
                0x000000000800c608                _Bfree
 .text.__multadd
                0x000000000800c64c       0x8c /home/mango/st/stm32cubeide_1.13.2/plugins/com.st.stm32cube.ide.mcu.externaltools.gnu-tools-for-stm32.11.3.rel1.linux64_1.1.100.202309141235/tools/bin/../lib/gcc/arm-none-eabi/11.3.1/../../../../arm-none-eabi/lib/thumb/v7e-m+dp/hard/libc_nano.a(libc_a-mprec.o)
                0x000000000800c64c                __multadd
 .text.__hi0bits
                0x000000000800c6d8       0x40 /home/mango/st/stm32cubeide_1.13.2/plugins/com.st.stm32cube.ide.mcu.externaltools.gnu-tools-for-stm32.11.3.rel1.linux64_1.1.100.202309141235/tools/bin/../lib/gcc/arm-none-eabi/11.3.1/../../../../arm-none-eabi/lib/thumb/v7e-m+dp/hard/libc_nano.a(libc_a-mprec.o)
                0x000000000800c6d8                __hi0bits
 .text.__lo0bits
                0x000000000800c718       0x5a /home/mango/st/stm32cubeide_1.13.2/plugins/com.st.stm32cube.ide.mcu.externaltools.gnu-tools-for-stm32.11.3.rel1.linux64_1.1.100.202309141235/tools/bin/../lib/gcc/arm-none-eabi/11.3.1/../../../../arm-none-eabi/lib/thumb/v7e-m+dp/hard/libc_nano.a(libc_a-mprec.o)
                0x000000000800c718                __lo0bits
 *fill*         0x000000000800c772        0x2 
 .text.__i2b    0x000000000800c774       0x2c /home/mango/st/stm32cubeide_1.13.2/plugins/com.st.stm32cube.ide.mcu.externaltools.gnu-tools-for-stm32.11.3.rel1.linux64_1.1.100.202309141235/tools/bin/../lib/gcc/arm-none-eabi/11.3.1/../../../../arm-none-eabi/lib/thumb/v7e-m+dp/hard/libc_nano.a(libc_a-mprec.o)
                0x000000000800c774                __i2b
 .text.__multiply
                0x000000000800c7a0      0x154 /home/mango/st/stm32cubeide_1.13.2/plugins/com.st.stm32cube.ide.mcu.externaltools.gnu-tools-for-stm32.11.3.rel1.linux64_1.1.100.202309141235/tools/bin/../lib/gcc/arm-none-eabi/11.3.1/../../../../arm-none-eabi/lib/thumb/v7e-m+dp/hard/libc_nano.a(libc_a-mprec.o)
                0x000000000800c7a0                __multiply
 .text.__pow5mult
                0x000000000800c8f4       0xb4 /home/mango/st/stm32cubeide_1.13.2/plugins/com.st.stm32cube.ide.mcu.externaltools.gnu-tools-for-stm32.11.3.rel1.linux64_1.1.100.202309141235/tools/bin/../lib/gcc/arm-none-eabi/11.3.1/../../../../arm-none-eabi/lib/thumb/v7e-m+dp/hard/libc_nano.a(libc_a-mprec.o)
                0x000000000800c8f4                __pow5mult
 .text.__lshift
                0x000000000800c9a8       0xd8 /home/mango/st/stm32cubeide_1.13.2/plugins/com.st.stm32cube.ide.mcu.externaltools.gnu-tools-for-stm32.11.3.rel1.linux64_1.1.100.202309141235/tools/bin/../lib/gcc/arm-none-eabi/11.3.1/../../../../arm-none-eabi/lib/thumb/v7e-m+dp/hard/libc_nano.a(libc_a-mprec.o)
                0x000000000800c9a8                __lshift
 .text.__mcmp   0x000000000800ca80       0x38 /home/mango/st/stm32cubeide_1.13.2/plugins/com.st.stm32cube.ide.mcu.externaltools.gnu-tools-for-stm32.11.3.rel1.linux64_1.1.100.202309141235/tools/bin/../lib/gcc/arm-none-eabi/11.3.1/../../../../arm-none-eabi/lib/thumb/v7e-m+dp/hard/libc_nano.a(libc_a-mprec.o)
                0x000000000800ca80                __mcmp
 .text.__mdiff  0x000000000800cab8      0x114 /home/mango/st/stm32cubeide_1.13.2/plugins/com.st.stm32cube.ide.mcu.externaltools.gnu-tools-for-stm32.11.3.rel1.linux64_1.1.100.202309141235/tools/bin/../lib/gcc/arm-none-eabi/11.3.1/../../../../arm-none-eabi/lib/thumb/v7e-m+dp/hard/libc_nano.a(libc_a-mprec.o)
                0x000000000800cab8                __mdiff
 .text.__d2b    0x000000000800cbcc       0xb4 /home/mango/st/stm32cubeide_1.13.2/plugins/com.st.stm32cube.ide.mcu.externaltools.gnu-tools-for-stm32.11.3.rel1.linux64_1.1.100.202309141235/tools/bin/../lib/gcc/arm-none-eabi/11.3.1/../../../../arm-none-eabi/lib/thumb/v7e-m+dp/hard/libc_nano.a(libc_a-mprec.o)
                0x000000000800cbcc                __d2b
 .text.__sfputc_r
                0x000000000800cc80       0x2e /home/mango/st/stm32cubeide_1.13.2/plugins/com.st.stm32cube.ide.mcu.externaltools.gnu-tools-for-stm32.11.3.rel1.linux64_1.1.100.202309141235/tools/bin/../lib/gcc/arm-none-eabi/11.3.1/../../../../arm-none-eabi/lib/thumb/v7e-m+dp/hard/libc_nano.a(libc_a-nano-vfprintf.o)
 .text.__sfputs_r
                0x000000000800ccae       0x24 /home/mango/st/stm32cubeide_1.13.2/plugins/com.st.stm32cube.ide.mcu.externaltools.gnu-tools-for-stm32.11.3.rel1.linux64_1.1.100.202309141235/tools/bin/../lib/gcc/arm-none-eabi/11.3.1/../../../../arm-none-eabi/lib/thumb/v7e-m+dp/hard/libc_nano.a(libc_a-nano-vfprintf.o)
                0x000000000800ccae                __sfputs_r
 *fill*         0x000000000800ccd2        0x2 
 .text._vfprintf_r
                0x000000000800ccd4      0x234 /home/mango/st/stm32cubeide_1.13.2/plugins/com.st.stm32cube.ide.mcu.externaltools.gnu-tools-for-stm32.11.3.rel1.linux64_1.1.100.202309141235/tools/bin/../lib/gcc/arm-none-eabi/11.3.1/../../../../arm-none-eabi/lib/thumb/v7e-m+dp/hard/libc_nano.a(libc_a-nano-vfprintf.o)
                0x000000000800ccd4                _vfiprintf_r
                0x000000000800ccd4                _vfprintf_r
 .text.__sflush_r
                0x000000000800cf08      0x10c /home/mango/st/stm32cubeide_1.13.2/plugins/com.st.stm32cube.ide.mcu.externaltools.gnu-tools-for-stm32.11.3.rel1.linux64_1.1.100.202309141235/tools/bin/../lib/gcc/arm-none-eabi/11.3.1/../../../../arm-none-eabi/lib/thumb/v7e-m+dp/hard/libc_nano.a(libc_a-fflush.o)
                0x000000000800cf08                __sflush_r
 .text._fflush_r
                0x000000000800d014       0x50 /home/mango/st/stm32cubeide_1.13.2/plugins/com.st.stm32cube.ide.mcu.externaltools.gnu-tools-for-stm32.11.3.rel1.linux64_1.1.100.202309141235/tools/bin/../lib/gcc/arm-none-eabi/11.3.1/../../../../arm-none-eabi/lib/thumb/v7e-m+dp/hard/libc_nano.a(libc_a-fflush.o)
                0x000000000800d014                _fflush_r
 .text.__swhatbuf_r
                0x000000000800d064       0x4c /home/mango/st/stm32cubeide_1.13.2/plugins/com.st.stm32cube.ide.mcu.externaltools.gnu-tools-for-stm32.11.3.rel1.linux64_1.1.100.202309141235/tools/bin/../lib/gcc/arm-none-eabi/11.3.1/../../../../arm-none-eabi/lib/thumb/v7e-m+dp/hard/libc_nano.a(libc_a-makebuf.o)
                0x000000000800d064                __swhatbuf_r
 .text.__smakebuf_r
                0x000000000800d0b0       0x78 /home/mango/st/stm32cubeide_1.13.2/plugins/com.st.stm32cube.ide.mcu.externaltools.gnu-tools-for-stm32.11.3.rel1.linux64_1.1.100.202309141235/tools/bin/../lib/gcc/arm-none-eabi/11.3.1/../../../../arm-none-eabi/lib/thumb/v7e-m+dp/hard/libc_nano.a(libc_a-makebuf.o)
                0x000000000800d0b0                __smakebuf_r
 .text._putc_r  0x000000000800d128       0x68 /home/mango/st/stm32cubeide_1.13.2/plugins/com.st.stm32cube.ide.mcu.externaltools.gnu-tools-for-stm32.11.3.rel1.linux64_1.1.100.202309141235/tools/bin/../lib/gcc/arm-none-eabi/11.3.1/../../../../arm-none-eabi/lib/thumb/v7e-m+dp/hard/libc_nano.a(libc_a-putc.o)
                0x000000000800d128                _putc_r
 .text._fstat_r
                0x000000000800d190       0x24 /home/mango/st/stm32cubeide_1.13.2/plugins/com.st.stm32cube.ide.mcu.externaltools.gnu-tools-for-stm32.11.3.rel1.linux64_1.1.100.202309141235/tools/bin/../lib/gcc/arm-none-eabi/11.3.1/../../../../arm-none-eabi/lib/thumb/v7e-m+dp/hard/libc_nano.a(libc_a-fstatr.o)
                0x000000000800d190                _fstat_r
 .text._isatty_r
                0x000000000800d1b4       0x20 /home/mango/st/stm32cubeide_1.13.2/plugins/com.st.stm32cube.ide.mcu.externaltools.gnu-tools-for-stm32.11.3.rel1.linux64_1.1.100.202309141235/tools/bin/../lib/gcc/arm-none-eabi/11.3.1/../../../../arm-none-eabi/lib/thumb/v7e-m+dp/hard/libc_nano.a(libc_a-isattyr.o)
                0x000000000800d1b4                _isatty_r
 .text._sbrk_r  0x000000000800d1d4       0x20 /home/mango/st/stm32cubeide_1.13.2/plugins/com.st.stm32cube.ide.mcu.externaltools.gnu-tools-for-stm32.11.3.rel1.linux64_1.1.100.202309141235/tools/bin/../lib/gcc/arm-none-eabi/11.3.1/../../../../arm-none-eabi/lib/thumb/v7e-m+dp/hard/libc_nano.a(libc_a-sbrkr.o)
                0x000000000800d1d4                _sbrk_r
 .text.memcpy   0x000000000800d1f4       0x1c /home/mango/st/stm32cubeide_1.13.2/plugins/com.st.stm32cube.ide.mcu.externaltools.gnu-tools-for-stm32.11.3.rel1.linux64_1.1.100.202309141235/tools/bin/../lib/gcc/arm-none-eabi/11.3.1/../../../../arm-none-eabi/lib/thumb/v7e-m+dp/hard/libc_nano.a(libc_a-memcpy-stub.o)
                0x000000000800d1f4                memcpy
 .text.__assert_func
                0x000000000800d210       0x3c /home/mango/st/stm32cubeide_1.13.2/plugins/com.st.stm32cube.ide.mcu.externaltools.gnu-tools-for-stm32.11.3.rel1.linux64_1.1.100.202309141235/tools/bin/../lib/gcc/arm-none-eabi/11.3.1/../../../../arm-none-eabi/lib/thumb/v7e-m+dp/hard/libc_nano.a(libc_a-assert.o)
                0x000000000800d210                __assert_func
 .text._calloc_r
                0x000000000800d24c       0x2c /home/mango/st/stm32cubeide_1.13.2/plugins/com.st.stm32cube.ide.mcu.externaltools.gnu-tools-for-stm32.11.3.rel1.linux64_1.1.100.202309141235/tools/bin/../lib/gcc/arm-none-eabi/11.3.1/../../../../arm-none-eabi/lib/thumb/v7e-m+dp/hard/libc_nano.a(libc_a-callocr.o)
                0x000000000800d24c                _calloc_r
 .text.__ascii_mbtowc
                0x000000000800d278       0x24 /home/mango/st/stm32cubeide_1.13.2/plugins/com.st.stm32cube.ide.mcu.externaltools.gnu-tools-for-stm32.11.3.rel1.linux64_1.1.100.202309141235/tools/bin/../lib/gcc/arm-none-eabi/11.3.1/../../../../arm-none-eabi/lib/thumb/v7e-m+dp/hard/libc_nano.a(libc_a-mbtowc_r.o)
                0x000000000800d278                __ascii_mbtowc
 .text.__ascii_wctomb
                0x000000000800d29c       0x1a /home/mango/st/stm32cubeide_1.13.2/plugins/com.st.stm32cube.ide.mcu.externaltools.gnu-tools-for-stm32.11.3.rel1.linux64_1.1.100.202309141235/tools/bin/../lib/gcc/arm-none-eabi/11.3.1/../../../../arm-none-eabi/lib/thumb/v7e-m+dp/hard/libc_nano.a(libc_a-wctomb_r.o)
                0x000000000800d29c                __ascii_wctomb
 *fill*         0x000000000800d2b6        0x2 
 .text.fprintf  0x000000000800d2b8       0x24 /home/mango/st/stm32cubeide_1.13.2/plugins/com.st.stm32cube.ide.mcu.externaltools.gnu-tools-for-stm32.11.3.rel1.linux64_1.1.100.202309141235/tools/bin/../lib/gcc/arm-none-eabi/11.3.1/../../../../arm-none-eabi/lib/thumb/v7e-m+dp/hard/libc_nano.a(libc_a-fprintf.o)
                0x000000000800d2b8                fprintf
                0x000000000800d2b8                fiprintf
 .text.abort    0x000000000800d2dc        0xe /home/mango/st/stm32cubeide_1.13.2/plugins/com.st.stm32cube.ide.mcu.externaltools.gnu-tools-for-stm32.11.3.rel1.linux64_1.1.100.202309141235/tools/bin/../lib/gcc/arm-none-eabi/11.3.1/../../../../arm-none-eabi/lib/thumb/v7e-m+dp/hard/libc_nano.a(libc_a-abort.o)
                0x000000000800d2dc                abort
 .text._raise_r
                0x000000000800d2ea       0x50 /home/mango/st/stm32cubeide_1.13.2/plugins/com.st.stm32cube.ide.mcu.externaltools.gnu-tools-for-stm32.11.3.rel1.linux64_1.1.100.202309141235/tools/bin/../lib/gcc/arm-none-eabi/11.3.1/../../../../arm-none-eabi/lib/thumb/v7e-m+dp/hard/libc_nano.a(libc_a-signal.o)
                0x000000000800d2ea                _raise_r
 *fill*         0x000000000800d33a        0x2 
 .text.raise    0x000000000800d33c       0x10 /home/mango/st/stm32cubeide_1.13.2/plugins/com.st.stm32cube.ide.mcu.externaltools.gnu-tools-for-stm32.11.3.rel1.linux64_1.1.100.202309141235/tools/bin/../lib/gcc/arm-none-eabi/11.3.1/../../../../arm-none-eabi/lib/thumb/v7e-m+dp/hard/libc_nano.a(libc_a-signal.o)
                0x000000000800d33c                raise
 .text._kill_r  0x000000000800d34c       0x24 /home/mango/st/stm32cubeide_1.13.2/plugins/com.st.stm32cube.ide.mcu.externaltools.gnu-tools-for-stm32.11.3.rel1.linux64_1.1.100.202309141235/tools/bin/../lib/gcc/arm-none-eabi/11.3.1/../../../../arm-none-eabi/lib/thumb/v7e-m+dp/hard/libc_nano.a(libc_a-signalr.o)
                0x000000000800d34c                _kill_r
 .text._getpid_r
                0x000000000800d370        0x4 /home/mango/st/stm32cubeide_1.13.2/plugins/com.st.stm32cube.ide.mcu.externaltools.gnu-tools-for-stm32.11.3.rel1.linux64_1.1.100.202309141235/tools/bin/../lib/gcc/arm-none-eabi/11.3.1/../../../../arm-none-eabi/lib/thumb/v7e-m+dp/hard/libc_nano.a(libc_a-signalr.o)
                0x000000000800d370                _getpid_r
 *(.glue_7)
 .glue_7        0x000000000800d374        0x0 linker stubs
 *(.glue_7t)
 .glue_7t       0x000000000800d374        0x0 linker stubs
 *(.eh_frame)
 .eh_frame      0x000000000800d374        0x0 /home/mango/st/stm32cubeide_1.13.2/plugins/com.st.stm32cube.ide.mcu.externaltools.gnu-tools-for-stm32.11.3.rel1.linux64_1.1.100.202309141235/tools/bin/../lib/gcc/arm-none-eabi/11.3.1/thumb/v7e-m+dp/hard/crtbegin.o
 *(.init)
 .init          0x000000000800d374        0x4 /home/mango/st/stm32cubeide_1.13.2/plugins/com.st.stm32cube.ide.mcu.externaltools.gnu-tools-for-stm32.11.3.rel1.linux64_1.1.100.202309141235/tools/bin/../lib/gcc/arm-none-eabi/11.3.1/thumb/v7e-m+dp/hard/crti.o
                0x000000000800d374                _init
 .init          0x000000000800d378        0x8 /home/mango/st/stm32cubeide_1.13.2/plugins/com.st.stm32cube.ide.mcu.externaltools.gnu-tools-for-stm32.11.3.rel1.linux64_1.1.100.202309141235/tools/bin/../lib/gcc/arm-none-eabi/11.3.1/thumb/v7e-m+dp/hard/crtn.o
 *(.fini)
 .fini          0x000000000800d380        0x4 /home/mango/st/stm32cubeide_1.13.2/plugins/com.st.stm32cube.ide.mcu.externaltools.gnu-tools-for-stm32.11.3.rel1.linux64_1.1.100.202309141235/tools/bin/../lib/gcc/arm-none-eabi/11.3.1/thumb/v7e-m+dp/hard/crti.o
                0x000000000800d380                _fini
 .fini          0x000000000800d384        0x8 /home/mango/st/stm32cubeide_1.13.2/plugins/com.st.stm32cube.ide.mcu.externaltools.gnu-tools-for-stm32.11.3.rel1.linux64_1.1.100.202309141235/tools/bin/../lib/gcc/arm-none-eabi/11.3.1/thumb/v7e-m+dp/hard/crtn.o
                0x000000000800d38c                . = ALIGN (0x4)
                0x000000000800d38c                _etext = .

.vfp11_veneer   0x000000000800d38c        0x0
 .vfp11_veneer  0x000000000800d38c        0x0 linker stubs

.v4_bx          0x000000000800d38c        0x0
 .v4_bx         0x000000000800d38c        0x0 linker stubs

.iplt           0x000000000800d38c        0x0
 .iplt          0x000000000800d38c        0x0 /home/mango/st/stm32cubeide_1.13.2/plugins/com.st.stm32cube.ide.mcu.externaltools.gnu-tools-for-stm32.11.3.rel1.linux64_1.1.100.202309141235/tools/bin/../lib/gcc/arm-none-eabi/11.3.1/thumb/v7e-m+dp/hard/crtbegin.o

.rodata         0x000000000800d390      0x4f4
                0x000000000800d390                . = ALIGN (0x4)
 *(.rodata)
 .rodata        0x000000000800d390       0x3b ./Core/Src/dshot600.o
 *fill*         0x000000000800d3cb        0x1 